Archive member included to satisfy reference by file (symbol)

c:/vsarm/armcc/102021~1.10/bin/../lib/gcc/arm-none-eabi/10.3.1/thumb/v6-m/nofp\libgcc.a(_dvmd_tls.o)
                              CMakeFiles/IoT_Sensor_Node.dir/C_/VSARM/sdk/pico/pico-sdk/src/rp2_common/pico_divider/divider.S.obj (__aeabi_idiv0)
c:/vsarm/armcc/102021~1.10/bin/../lib/gcc/arm-none-eabi/10.3.1/../../../../arm-none-eabi/lib/thumb/v6-m/nofp\libg.a(lib_a-calloc.o)
                              CMakeFiles/IoT_Sensor_Node.dir/C_/VSARM/sdk/pico/pico-sdk/src/rp2_common/pico_malloc/pico_malloc.c.obj (calloc)
c:/vsarm/armcc/102021~1.10/bin/../lib/gcc/arm-none-eabi/10.3.1/../../../../arm-none-eabi/lib/thumb/v6-m/nofp\libg.a(lib_a-callocr.o)
                              c:/vsarm/armcc/102021~1.10/bin/../lib/gcc/arm-none-eabi/10.3.1/../../../../arm-none-eabi/lib/thumb/v6-m/nofp\libg.a(lib_a-calloc.o) (_calloc_r)
c:/vsarm/armcc/102021~1.10/bin/../lib/gcc/arm-none-eabi/10.3.1/../../../../arm-none-eabi/lib/thumb/v6-m/nofp\libg.a(lib_a-ctype_.o)
                              CMakeFiles/IoT_Sensor_Node.dir/C_/VSARM/sdk/pico/pico-sdk/lib/tinyusb/src/tusb.c.obj (_ctype_)
c:/vsarm/armcc/102021~1.10/bin/../lib/gcc/arm-none-eabi/10.3.1/../../../../arm-none-eabi/lib/thumb/v6-m/nofp\libg.a(lib_a-errno.o)
                              c:/vsarm/armcc/102021~1.10/bin/../lib/gcc/arm-none-eabi/10.3.1/../../../../arm-none-eabi/lib/thumb/v6-m/nofp\libg.a(lib_a-callocr.o) (__errno)
c:/vsarm/armcc/102021~1.10/bin/../lib/gcc/arm-none-eabi/10.3.1/../../../../arm-none-eabi/lib/thumb/v6-m/nofp\libg.a(lib_a-impure.o)
                              c:/vsarm/armcc/102021~1.10/bin/../lib/gcc/arm-none-eabi/10.3.1/../../../../arm-none-eabi/lib/thumb/v6-m/nofp\libg.a(lib_a-calloc.o) (_impure_ptr)
c:/vsarm/armcc/102021~1.10/bin/../lib/gcc/arm-none-eabi/10.3.1/../../../../arm-none-eabi/lib/thumb/v6-m/nofp\libg.a(lib_a-init.o)
                              c:/vsarm/armcc/102021~1.10/bin/../lib/gcc/arm-none-eabi/10.3.1/../../../../arm-none-eabi/lib/thumb/v6-m/nofp/crt0.o (__libc_init_array)
c:/vsarm/armcc/102021~1.10/bin/../lib/gcc/arm-none-eabi/10.3.1/../../../../arm-none-eabi/lib/thumb/v6-m/nofp\libg.a(lib_a-malloc.o)
                              CMakeFiles/IoT_Sensor_Node.dir/C_/VSARM/sdk/pico/pico-sdk/src/rp2_common/pico_malloc/pico_malloc.c.obj (malloc)
c:/vsarm/armcc/102021~1.10/bin/../lib/gcc/arm-none-eabi/10.3.1/../../../../arm-none-eabi/lib/thumb/v6-m/nofp\libg.a(lib_a-mallocr.o)
                              c:/vsarm/armcc/102021~1.10/bin/../lib/gcc/arm-none-eabi/10.3.1/../../../../arm-none-eabi/lib/thumb/v6-m/nofp\libg.a(lib_a-callocr.o) (_malloc_r)
c:/vsarm/armcc/102021~1.10/bin/../lib/gcc/arm-none-eabi/10.3.1/../../../../arm-none-eabi/lib/thumb/v6-m/nofp\libg.a(lib_a-mlock.o)
                              c:/vsarm/armcc/102021~1.10/bin/../lib/gcc/arm-none-eabi/10.3.1/../../../../arm-none-eabi/lib/thumb/v6-m/nofp\libg.a(lib_a-mallocr.o) (__malloc_lock)
c:/vsarm/armcc/102021~1.10/bin/../lib/gcc/arm-none-eabi/10.3.1/../../../../arm-none-eabi/lib/thumb/v6-m/nofp\libg.a(lib_a-realloc.o)
                              CMakeFiles/IoT_Sensor_Node.dir/C_/VSARM/sdk/pico/pico-sdk/src/rp2_common/pico_malloc/pico_malloc.c.obj (realloc)
c:/vsarm/armcc/102021~1.10/bin/../lib/gcc/arm-none-eabi/10.3.1/../../../../arm-none-eabi/lib/thumb/v6-m/nofp\libg.a(lib_a-reallocr.o)
                              c:/vsarm/armcc/102021~1.10/bin/../lib/gcc/arm-none-eabi/10.3.1/../../../../arm-none-eabi/lib/thumb/v6-m/nofp\libg.a(lib_a-realloc.o) (_realloc_r)
c:/vsarm/armcc/102021~1.10/bin/../lib/gcc/arm-none-eabi/10.3.1/../../../../arm-none-eabi/lib/thumb/v6-m/nofp\libg.a(lib_a-sbrkr.o)
                              c:/vsarm/armcc/102021~1.10/bin/../lib/gcc/arm-none-eabi/10.3.1/../../../../arm-none-eabi/lib/thumb/v6-m/nofp\libg.a(lib_a-mallocr.o) (_sbrk_r)
c:/vsarm/armcc/102021~1.10/bin/../lib/gcc/arm-none-eabi/10.3.1/../../../../arm-none-eabi/lib/thumb/v6-m/nofp\libg.a(lib_a-strlen-stub.o)
                              CMakeFiles/IoT_Sensor_Node.dir/C_/VSARM/sdk/pico/pico-sdk/src/rp2_common/pico_stdio/stdio.c.obj (strlen)
c:/vsarm/armcc/102021~1.10/bin/../lib/gcc/arm-none-eabi/10.3.1/../../../../arm-none-eabi/lib/thumb/v6-m/nofp\libg.a(lib_a-freer.o)
                              c:/vsarm/armcc/102021~1.10/bin/../lib/gcc/arm-none-eabi/10.3.1/../../../../arm-none-eabi/lib/thumb/v6-m/nofp\libg.a(lib_a-malloc.o) (_free_r)
c:/vsarm/armcc/102021~1.10/bin/../lib/gcc/arm-none-eabi/10.3.1/../../../../arm-none-eabi/lib/thumb/v6-m/nofp\libg.a(lib_a-lock.o)
                              c:/vsarm/armcc/102021~1.10/bin/../lib/gcc/arm-none-eabi/10.3.1/../../../../arm-none-eabi/lib/thumb/v6-m/nofp\libg.a(lib_a-mlock.o) (__retarget_lock_acquire_recursive)
c:/vsarm/armcc/102021~1.10/bin/../lib/gcc/arm-none-eabi/10.3.1/../../../../arm-none-eabi/lib/thumb/v6-m/nofp\libg.a(lib_a-memmove.o)
[...]
Memory Configuration

Name             Origin             Length             Attributes
FLASH            0x10000000         0x00200000         xr
RAM              0x20000000         0x00040000         xrw
SCRATCH_X        0x20040000         0x00001000         xrw
SCRATCH_Y        0x20041000         0x00001000         xrw
*default*        0x00000000         0xffffffff

Linker script and memory map

LOAD c:/vsarm/armcc/102021~1.10/bin/../lib/gcc/arm-none-eabi/10.3.1/thumb/v6-m/nofp/crti.o
LOAD c:/vsarm/armcc/102021~1.10/bin/../lib/gcc/arm-none-eabi/10.3.1/thumb/v6-m/nofp/crtbegin.o
LOAD c:/vsarm/armcc/102021~1.10/bin/../lib/gcc/arm-none-eabi/10.3.1/../../../../arm-none-eabi/lib/thumb/v6-m/nofp/crt0.o

.flash_begin    0x10000000        0x0
                0x10000000                __flash_binary_start = .

.boot2          0x10000000      0x100
                0x10000000                __boot2_start__ = .
 *(.boot2)
 .boot2         0x10000000      0x100 C:\Users\ldr54\AppData\Local\Temp\cc6sN6cg.o
                0x10000100                __boot2_end__ = .
                0x00000001                ASSERT (((__boot2_end__ - __boot2_start__) == 0x100), ERROR: Pico second stage bootloader must be 256 bytes in size)

.text           0x10000100     0x7968
                0x10000100                __logical_binary_start = .
 *(.vectors)
 .vectors       0x10000100       0xd4 CMakeFiles/IoT_Sensor_Node.dir/C_/VSARM/sdk/pico/pico-sdk/src/rp2_common/pico_standard_link/crt0.S.obj
                0x10000100                __VECTOR_TABLE
                0x10000100                __vectors
                0x100001c0                isr_invalid
                0x100001c0                __default_isrs_start
                0x100001c2                isr_nmi
                0x100001c4                isr_hardfault
                0x100001c6                isr_svcall
                0x100001c8                isr_pendsv
                0x100001ca                isr_systick
                0x100001cc                isr_irq23
                0x100001cc                isr_irq18
                0x100001cc                isr_irq11
                0x100001cc                isr_irq28
                0x100001cc                isr_irq19
                0x100001cc                isr_irq0
                0x100001cc                isr_irq6
                0x100001cc                isr_irq5
                0x100001cc                isr_irq12
                0x100001cc                isr_irq22
                0x100001cc                isr_irq31
                0x100001cc                isr_irq17
                0x100001cc                isr_irq27
                0x100001cc                isr_irq30
                0x100001cc                isr_irq2
                0x100001cc                isr_irq10
                0x100001cc                isr_irq8
                0x100001cc                isr_irq24
                0x100001cc                isr_irq1
                0x100001cc                isr_irq7
                0x100001cc                isr_irq21
                0x100001cc                isr_irq20
                0x100001cc                isr_irq15
                0x100001cc                isr_irq25
                0x100001cc                isr_irq13
                0x100001cc                __unhandled_user_irq
                0x100001cc                isr_irq4
                0x100001cc                isr_irq16
                0x100001cc                isr_irq29
                0x100001cc                isr_irq26
                0x100001cc                __default_isrs_end
                0x100001cc                isr_irq3
                0x100001cc                isr_irq14
                0x100001cc                isr_irq9
                0x100001d2                unhandled_user_irq_num_in_r0
 *(.binary_info_header)
 .binary_info_header
                0x100001d4       0x14 CMakeFiles/IoT_Sensor_Node.dir/C_/VSARM/sdk/pico/pico-sdk/src/rp2_common/pico_standard_link/crt0.S.obj
                0x100001e8                __binary_info_header_end = .
 *(.reset)
 .reset         0x100001e8       0xa8 CMakeFiles/IoT_Sensor_Node.dir/C_/VSARM/sdk/pico/pico-sdk/src/rp2_common/pico_standard_link/crt0.S.obj
                0x100001e8                _entry_point
                0x10000266                __get_current_exception
 .reset         0x10000290       0x30 CMakeFiles/IoT_Sensor_Node.dir/C_/VSARM/sdk/pico/pico-sdk/src/rp2_common/pico_standard_link/binary_info.c.obj
 *(.init)
 .init          0x100002c0        0x4 c:/vsarm/armcc/102021~1.10/bin/../lib/gcc/arm-none-eabi/10.3.1/thumb/v6-m/nofp/crti.o
                0x100002c0                _init
 *(EXCLUDE_FILE(*libm.a: *libc.a:*lib_a-mem*.o *libgcc.a:) .text*)
 .text          0x100002c4       0x48 c:/vsarm/armcc/102021~1.10/bin/../lib/gcc/arm-none-eabi/10.3.1/thumb/v6-m/nofp/crtbegin.o
 .text.reserved_addr
                0x1000030c       0x1a CMakeFiles/IoT_Sensor_Node.dir/main.c.obj
                0x1000030c                reserved_addr
 *fill*         0x10000326        0x2 
 .text.main     0x10000328      0x260 CMakeFiles/IoT_Sensor_Node.dir/main.c.obj
                0x10000328                main
 .text.gpio_set_function
                0x10000588       0x30 CMakeFiles/IoT_Sensor_Node.dir/C_/VSARM/sdk/pico/pico-sdk/src/rp2_common/hardware_gpio/gpio.c.obj
                0x10000588                gpio_set_function
 .text.gpio_set_pulls
                0x100005b8       0x34 CMakeFiles/IoT_Sensor_Node.dir/C_/VSARM/sdk/pico/pico-sdk/src/rp2_common/hardware_gpio/gpio.c.obj
                0x100005b8                gpio_set_pulls
 .text.gpio_init
                0x100005ec       0x16 CMakeFiles/IoT_Sensor_Node.dir/C_/VSARM/sdk/pico/pico-sdk/src/rp2_common/hardware_gpio/gpio.c.obj
                0x100005ec                gpio_init
 *fill*         0x10000602        0x2 
 .text.hw_claim_lock
                0x10000604       0x18 CMakeFiles/IoT_Sensor_Node.dir/C_/VSARM/sdk/pico/pico-sdk/src/rp2_common/hardware_claim/claim.c.obj
                0x10000604                hw_claim_lock
 .text.hw_claim_unlock
                0x1000061c       0x14 CMakeFiles/IoT_Sensor_Node.dir/C_/VSARM/sdk/pico/pico-sdk/src/rp2_common/hardware_claim/claim.c.obj
                0x1000061c                hw_claim_unlock
 .text.hw_claim_or_assert
                0x10000630       0x32 CMakeFiles/IoT_Sensor_Node.dir/C_/VSARM/sdk/pico/pico-sdk/src/rp2_common/hardware_claim/claim.c.obj
                0x10000630                hw_claim_or_assert
 .text.hw_claim_unused_from_range
                0x10000662       0x50 CMakeFiles/IoT_Sensor_Node.dir/C_/VSARM/sdk/pico/pico-sdk/src/rp2_common/hardware_claim/claim.c.obj
                0x10000662                hw_claim_unused_from_range
 *fill*         0x100006b2        0x2 
 .text.running_on_fpga
                0x100006b4       0x14 CMakeFiles/IoT_Sensor_Node.dir/C_/VSARM/sdk/pico/pico-sdk/src/rp2_common/pico_platform/platform.c.obj
                0x100006b4                running_on_fpga
 .text.spin_locks_reset
                0x100006c8       0x20 CMakeFiles/IoT_Sensor_Node.dir/C_/VSARM/sdk/pico/pico-sdk/src/rp2_common/hardware_sync/sync.c.obj
                0x100006c8                spin_locks_reset
 .text.next_striped_spin_lock_num
                0x100006e8       0x1c CMakeFiles/IoT_Sensor_Node.dir/C_/VSARM/sdk/pico/pico-sdk/src/rp2_common/hardware_sync/sync.c.obj
                0x100006e8                next_striped_spin_lock_num
 .text.spin_lock_claim_unused
                0x10000704       0x20 CMakeFiles/IoT_Sensor_Node.dir/C_/VSARM/sdk/pico/pico-sdk/src/rp2_common/hardware_sync/sync.c.obj
                0x10000704                spin_lock_claim_unused
 .text.set_raw_irq_handler_and_unlock
                0x10000724       0x28 CMakeFiles/IoT_Sensor_Node.dir/C_/VSARM/sdk/pico/pico-sdk/src/rp2_common/hardware_irq/irq.c.obj
 .text.make_branch
                0x1000074c       0x48 CMakeFiles/IoT_Sensor_Node.dir/C_/VSARM/sdk/pico/pico-sdk/src/rp2_common/hardware_irq/irq.c.obj
 .text.insert_branch_and_link
                0x10000794       0x40 CMakeFiles/IoT_Sensor_Node.dir/C_/VSARM/sdk/pico/pico-sdk/src/rp2_common/hardware_irq/irq.c.obj
 .text.irq_is_enabled
                0x100007d4       0x18 CMakeFiles/IoT_Sensor_Node.dir/C_/VSARM/sdk/pico/pico-sdk/src/rp2_common/hardware_irq/irq.c.obj
                0x100007d4                irq_is_enabled
 .text.irq_set_mask_enabled
                0x100007ec       0x20 CMakeFiles/IoT_Sensor_Node.dir/C_/VSARM/sdk/pico/pico-sdk/src/rp2_common/hardware_irq/irq.c.obj
                0x100007ec                irq_set_mask_enabled
 .text.irq_set_enabled
                0x1000080c        0xe CMakeFiles/IoT_Sensor_Node.dir/C_/VSARM/sdk/pico/pico-sdk/src/rp2_common/hardware_irq/irq.c.obj
                0x1000080c                irq_set_enabled
 *fill*         0x1000081a        0x2 
 .text.irq_set_pending
                0x1000081c       0x10 CMakeFiles/IoT_Sensor_Node.dir/C_/VSARM/sdk/pico/pico-sdk/src/rp2_common/hardware_irq/irq.c.obj
                0x1000081c                irq_set_pending
 .text.irq_get_vtable_handler
                0x1000082c       0x10 CMakeFiles/IoT_Sensor_Node.dir/C_/VSARM/sdk/pico/pico-sdk/src/rp2_common/hardware_irq/irq.c.obj
                0x1000082c                irq_get_vtable_handler
 .text.irq_has_shared_handler
                0x1000083c       0x24 CMakeFiles/IoT_Sensor_Node.dir/C_/VSARM/sdk/pico/pico-sdk/src/rp2_common/hardware_irq/irq.c.obj
                0x1000083c                irq_has_shared_handler
 .text.irq_set_exclusive_handler
                0x10000860       0x54 CMakeFiles/IoT_Sensor_Node.dir/C_/VSARM/sdk/pico/pico-sdk/src/rp2_common/hardware_irq/irq.c.obj
                0x10000860                irq_set_exclusive_handler
 .text.irq_add_shared_handler
                0x100008b4      0x230 CMakeFiles/IoT_Sensor_Node.dir/C_/VSARM/sdk/pico/pico-sdk/src/rp2_common/hardware_irq/irq.c.obj
                0x100008b4                irq_add_shared_handler
 .text.irq_remove_handler
                0x10000ae4      0x1a8 CMakeFiles/IoT_Sensor_Node.dir/C_/VSARM/sdk/pico/pico-sdk/src/rp2_common/hardware_irq/irq.c.obj
                0x10000ae4                irq_remove_handler
 .text.irq_add_tail_to_free_list
                0x10000c8c       0xf0 CMakeFiles/IoT_Sensor_Node.dir/C_/VSARM/sdk/pico/pico-sdk/src/rp2_common/hardware_irq/irq.c.obj
                0x10000c8c                irq_add_tail_to_free_list
 .text.irq_init_priorities
                0x10000d7c       0x1c CMakeFiles/IoT_Sensor_Node.dir/C_/VSARM/sdk/pico/pico-sdk/src/rp2_common/hardware_irq/irq.c.obj
                0x10000d7c                irq_init_priorities
 .text.user_irq_claim_unused
                0x10000d98       0x30 CMakeFiles/IoT_Sensor_Node.dir/C_/VSARM/sdk/pico/pico-sdk/src/rp2_common/hardware_irq/irq.c.obj
                0x10000d98                user_irq_claim_unused
 .text.lock_init
                0x10000dc8       0x10 CMakeFiles/IoT_Sensor_Node.dir/C_/VSARM/sdk/pico/pico-sdk/src/common/pico_sync/lock_core.c.obj
                0x10000dc8                lock_init
 .text.alarm_pool_post_alloc_init
                0x10000dd8       0x40 CMakeFiles/IoT_Sensor_Node.dir/C_/VSARM/sdk/pico/pico-sdk/src/common/pico_time/time.c.obj
 .text.sleep_until_callback
                0x10000e18       0x30 CMakeFiles/IoT_Sensor_Node.dir/C_/VSARM/sdk/pico/pico-sdk/src/common/pico_time/time.c.obj
 .text.timer_pool_entry_comparator
                0x10000e48       0x7c CMakeFiles/IoT_Sensor_Node.dir/C_/VSARM/sdk/pico/pico-sdk/src/common/pico_time/time.c.obj
                0x10000e48                timer_pool_entry_comparator
 .text.ph_add_child_node
                0x10000ec4       0xa4 CMakeFiles/IoT_Sensor_Node.dir/C_/VSARM/sdk/pico/pico-sdk/src/common/pico_time/time.c.obj
 .text.ph_merge_nodes
                0x10000f68       0x3e CMakeFiles/IoT_Sensor_Node.dir/C_/VSARM/sdk/pico/pico-sdk/src/common/pico_time/time.c.obj
 *fill*         0x10000fa6        0x2 
 .text.add_alarm_under_lock
                0x10000fa8      0x174 CMakeFiles/IoT_Sensor_Node.dir/C_/VSARM/sdk/pico/pico-sdk/src/common/pico_time/time.c.obj
 .text.alarm_pool_alarm_callback
                0x1000111c      0x328 CMakeFiles/IoT_Sensor_Node.dir/C_/VSARM/sdk/pico/pico-sdk/src/common/pico_time/time.c.obj
 .text.alarm_pool_init_default
                0x10001444       0x38 CMakeFiles/IoT_Sensor_Node.dir/C_/VSARM/sdk/pico/pico-sdk/src/common/pico_time/time.c.obj
                0x10001444                alarm_pool_init_default
 .text.alarm_pool_get_default
                0x1000147c       0x2c CMakeFiles/IoT_Sensor_Node.dir/C_/VSARM/sdk/pico/pico-sdk/src/common/pico_time/time.c.obj
                0x1000147c                alarm_pool_get_default
 .text.alarm_pool_add_alarm_at
                0x100014a8      0x170 CMakeFiles/IoT_Sensor_Node.dir/C_/VSARM/sdk/pico/pico-sdk/src/common/pico_time/time.c.obj
                0x100014a8                alarm_pool_add_alarm_at
 .text.alarm_pool_cancel_alarm
                0x10001618       0xf0 CMakeFiles/IoT_Sensor_Node.dir/C_/VSARM/sdk/pico/pico-sdk/src/common/pico_time/time.c.obj
                0x10001618                alarm_pool_cancel_alarm
 .text.sleep_until
                0x10001708       0xfc CMakeFiles/IoT_Sensor_Node.dir/C_/VSARM/sdk/pico/pico-sdk/src/common/pico_time/time.c.obj
                0x10001708                sleep_until
 .text.sleep_us
                0x10001804       0x58 CMakeFiles/IoT_Sensor_Node.dir/C_/VSARM/sdk/pico/pico-sdk/src/common/pico_time/time.c.obj
                0x10001804                sleep_us
 .text.sleep_ms
                0x1000185c       0x14 CMakeFiles/IoT_Sensor_Node.dir/C_/VSARM/sdk/pico/pico-sdk/src/common/pico_time/time.c.obj
                0x1000185c                sleep_ms
 .text.best_effort_wfe_or_timeout
                0x10001870       0x80 CMakeFiles/IoT_Sensor_Node.dir/C_/VSARM/sdk/pico/pico-sdk/src/common/pico_time/time.c.obj
                0x10001870                best_effort_wfe_or_timeout
 .text.hardware_alarm_irq_handler
                0x100018f0       0x8c CMakeFiles/IoT_Sensor_Node.dir/C_/VSARM/sdk/pico/pico-sdk/src/rp2_common/hardware_timer/timer.c.obj
 .text.hardware_alarm_claim
                0x1000197c       0x18 CMakeFiles/IoT_Sensor_Node.dir/C_/VSARM/sdk/pico/pico-sdk/src/rp2_common/hardware_timer/timer.c.obj
                0x1000197c                hardware_alarm_claim
 .text.time_us_64
                0x10001994       0x18 CMakeFiles/IoT_Sensor_Node.dir/C_/VSARM/sdk/pico/pico-sdk/src/rp2_common/hardware_timer/timer.c.obj
                0x10001994                time_us_64
 .text.busy_wait_until
                0x100019ac       0x28 CMakeFiles/IoT_Sensor_Node.dir/C_/VSARM/sdk/pico/pico-sdk/src/rp2_common/hardware_timer/timer.c.obj
                0x100019ac                busy_wait_until
 .text.hardware_alarm_set_callback
                0x100019d4       0x90 CMakeFiles/IoT_Sensor_Node.dir/C_/VSARM/sdk/pico/pico-sdk/src/rp2_common/hardware_timer/timer.c.obj
                0x100019d4                hardware_alarm_set_callback
 .text.hardware_alarm_set_target
                0x10001a64       0xe8 CMakeFiles/IoT_Sensor_Node.dir/C_/VSARM/sdk/pico/pico-sdk/src/rp2_common/hardware_timer/timer.c.obj
                0x10001a64                hardware_alarm_set_target
 .text.hardware_alarm_cancel
                0x10001b4c       0x40 CMakeFiles/IoT_Sensor_Node.dir/C_/VSARM/sdk/pico/pico-sdk/src/rp2_common/hardware_timer/timer.c.obj
                0x10001b4c                hardware_alarm_cancel
 .text.ph_add_child_node
                0x10001b8c       0xa4 CMakeFiles/IoT_Sensor_Node.dir/C_/VSARM/sdk/pico/pico-sdk/src/common/pico_util/pheap.c.obj
 .text.ph_merge_nodes
                0x10001c30       0x3e CMakeFiles/IoT_Sensor_Node.dir/C_/VSARM/sdk/pico/pico-sdk/src/common/pico_util/pheap.c.obj
 *fill*         0x10001c6e        0x2 
 .text.ph_clear
                0x10001c70       0x70 CMakeFiles/IoT_Sensor_Node.dir/C_/VSARM/sdk/pico/pico-sdk/src/common/pico_util/pheap.c.obj
                0x10001c70                ph_clear
 .text.ph_post_alloc_init
                0x10001ce0        0xe CMakeFiles/IoT_Sensor_Node.dir/C_/VSARM/sdk/pico/pico-sdk/src/common/pico_util/pheap.c.obj
                0x10001ce0                ph_post_alloc_init
 *fill*         0x10001cee        0x2 
 .text.ph_merge_two_pass
                0x10001cf0       0xa8 CMakeFiles/IoT_Sensor_Node.dir/C_/VSARM/sdk/pico/pico-sdk/src/common/pico_util/pheap.c.obj
                0x10001cf0                ph_merge_two_pass
 .text.ph_remove_any_head
                0x10001d98      0x108 CMakeFiles/IoT_Sensor_Node.dir/C_/VSARM/sdk/pico/pico-sdk/src/common/pico_util/pheap.c.obj
 .text.ph_remove_head
                0x10001ea0       0x14 CMakeFiles/IoT_Sensor_Node.dir/C_/VSARM/sdk/pico/pico-sdk/src/common/pico_util/pheap.c.obj
                0x10001ea0                ph_remove_head
 .text.ph_remove_and_free_node
                0x10001eb4       0xf8 CMakeFiles/IoT_Sensor_Node.dir/C_/VSARM/sdk/pico/pico-sdk/src/common/pico_util/pheap.c.obj
                0x10001eb4                ph_remove_and_free_node
 .text.mutex_init
                0x10001fac       0x1a CMakeFiles/IoT_Sensor_Node.dir/C_/VSARM/sdk/pico/pico-sdk/src/common/pico_sync/mutex.c.obj
                0x10001fac                mutex_init
 .text.recursive_mutex_init
                0x10001fc6       0x1e CMakeFiles/IoT_Sensor_Node.dir/C_/VSARM/sdk/pico/pico-sdk/src/common/pico_sync/mutex.c.obj
                0x10001fc6                recursive_mutex_init
 .text.critical_section_init_with_lock_num
                0x10001fe4       0x14 CMakeFiles/IoT_Sensor_Node.dir/C_/VSARM/sdk/pico/pico-sdk/src/common/pico_sync/critical_section.c.obj
                0x10001fe4                critical_section_init_with_lock_num
 .text.critical_section_init
                0x10001ff8       0x14 CMakeFiles/IoT_Sensor_Node.dir/C_/VSARM/sdk/pico/pico-sdk/src/common/pico_sync/critical_section.c.obj
                0x10001ff8                critical_section_init
 .text._exit    0x1000200c        0x4 CMakeFiles/IoT_Sensor_Node.dir/C_/VSARM/sdk/pico/pico-sdk/src/rp2_common/pico_runtime/runtime.c.obj
                0x1000200c                _exit
 .text.exit     0x10002010        0x6 CMakeFiles/IoT_Sensor_Node.dir/C_/VSARM/sdk/pico/pico-sdk/src/rp2_common/pico_runtime/runtime.c.obj
                0x10002010                exit
 *fill*         0x10002016        0x2 
 .text.__assert_func
                0x10002018       0x3c CMakeFiles/IoT_Sensor_Node.dir/C_/VSARM/sdk/pico/pico-sdk/src/rp2_common/pico_runtime/runtime.c.obj
                0x10002018                __assert_func
 .text.runtime_init
                0x10002054       0xf8 CMakeFiles/IoT_Sensor_Node.dir/C_/VSARM/sdk/pico/pico-sdk/src/rp2_common/pico_runtime/runtime.c.obj
                0x10002054                runtime_init
 .text.panic    0x1000214c       0x30 CMakeFiles/IoT_Sensor_Node.dir/C_/VSARM/sdk/pico/pico-sdk/src/rp2_common/pico_runtime/runtime.c.obj
                0x1000214c                panic
 .text.clock_configure
                0x1000217c      0x104 CMakeFiles/IoT_Sensor_Node.dir/C_/VSARM/sdk/pico/pico-sdk/src/rp2_common/hardware_clocks/clocks.c.obj
                0x1000217c                clock_configure
 .text.clocks_init
                0x10002280      0x100 CMakeFiles/IoT_Sensor_Node.dir/C_/VSARM/sdk/pico/pico-sdk/src/rp2_common/hardware_clocks/clocks.c.obj
                0x10002280                clocks_init
 .text.clock_get_hz
                0x10002380        0xc CMakeFiles/IoT_Sensor_Node.dir/C_/VSARM/sdk/pico/pico-sdk/src/rp2_common/hardware_clocks/clocks.c.obj
                0x10002380                clock_get_hz
 .text.pll_init
                0x1000238c      0x140 CMakeFiles/IoT_Sensor_Node.dir/C_/VSARM/sdk/pico/pico-sdk/src/rp2_common/hardware_pll/pll.c.obj
                0x1000238c                pll_init
 .text.watchdog_start_tick
                0x100024cc       0x10 CMakeFiles/IoT_Sensor_Node.dir/C_/VSARM/sdk/pico/pico-sdk/src/rp2_common/hardware_watchdog/watchdog.c.obj
                0x100024cc                watchdog_start_tick
 .text.watchdog_update
                0x100024dc       0x14 CMakeFiles/IoT_Sensor_Node.dir/C_/VSARM/sdk/pico/pico-sdk/src/rp2_common/hardware_watchdog/watchdog.c.obj
                0x100024dc                watchdog_update
 .text._watchdog_enable
                0x100024f0       0x78 CMakeFiles/IoT_Sensor_Node.dir/C_/VSARM/sdk/pico/pico-sdk/src/rp2_common/hardware_watchdog/watchdog.c.obj
                0x100024f0                _watchdog_enable
 .text.watchdog_reboot
                0x10002568       0x48 CMakeFiles/IoT_Sensor_Node.dir/C_/VSARM/sdk/pico/pico-sdk/src/rp2_common/hardware_watchdog/watchdog.c.obj
                0x10002568                watchdog_reboot
 .text.xosc_init
                0x100025b0       0x28 CMakeFiles/IoT_Sensor_Node.dir/C_/VSARM/sdk/pico/pico-sdk/src/rp2_common/hardware_xosc/xosc.c.obj
                0x100025b0                xosc_init
 .text._out_null
                0x100025d8        0x2 CMakeFiles/IoT_Sensor_Node.dir/C_/VSARM/sdk/pico/pico-sdk/src/rp2_common/pico_printf/printf.c.obj
 .text._out_fct
                0x100025da        0xe CMakeFiles/IoT_Sensor_Node.dir/C_/VSARM/sdk/pico/pico-sdk/src/rp2_common/pico_printf/printf.c.obj
 .text._atoi    0x100025e8       0x24 CMakeFiles/IoT_Sensor_Node.dir/C_/VSARM/sdk/pico/pico-sdk/src/rp2_common/pico_printf/printf.c.obj
 .text._out_rev
                0x1000260c       0xae CMakeFiles/IoT_Sensor_Node.dir/C_/VSARM/sdk/pico/pico-sdk/src/rp2_common/pico_printf/printf.c.obj
 .text._ntoa_format
                0x100026ba      0x112 CMakeFiles/IoT_Sensor_Node.dir/C_/VSARM/sdk/pico/pico-sdk/src/rp2_common/pico_printf/printf.c.obj
 .text._ntoa_long
                0x100027cc       0xbc CMakeFiles/IoT_Sensor_Node.dir/C_/VSARM/sdk/pico/pico-sdk/src/rp2_common/pico_printf/printf.c.obj
 .text._ntoa_long_long
                0x10002888       0xe2 CMakeFiles/IoT_Sensor_Node.dir/C_/VSARM/sdk/pico/pico-sdk/src/rp2_common/pico_printf/printf.c.obj
 *fill*         0x1000296a        0x2 
 .text._etoa    0x1000296c      0x414 CMakeFiles/IoT_Sensor_Node.dir/C_/VSARM/sdk/pico/pico-sdk/src/rp2_common/pico_printf/printf.c.obj
 .text._ftoa    0x10002d80      0x354 CMakeFiles/IoT_Sensor_Node.dir/C_/VSARM/sdk/pico/pico-sdk/src/rp2_common/pico_printf/printf.c.obj
 .text._vsnprintf
                0x100030d4      0x624 CMakeFiles/IoT_Sensor_Node.dir/C_/VSARM/sdk/pico/pico-sdk/src/rp2_common/pico_printf/printf.c.obj
 .text.vfctprintf
                0x100036f8       0x20 CMakeFiles/IoT_Sensor_Node.dir/C_/VSARM/sdk/pico/pico-sdk/src/rp2_common/pico_printf/printf.c.obj
                0x100036f8                vfctprintf
 .text          0x10003718       0x10 CMakeFiles/IoT_Sensor_Node.dir/C_/VSARM/sdk/pico/pico-sdk/src/rp2_common/pico_bit_ops/bit_ops_aeabi.S.obj
 .text.rom_func_lookup
                0x10003728       0x10 CMakeFiles/IoT_Sensor_Node.dir/C_/VSARM/sdk/pico/pico-sdk/src/rp2_common/pico_bootrom/bootrom.c.obj
                0x10003728                rom_func_lookup
 .text.rom_data_lookup
                0x10003738       0x10 CMakeFiles/IoT_Sensor_Node.dir/C_/VSARM/sdk/pico/pico-sdk/src/rp2_common/pico_bootrom/bootrom.c.obj
                0x10003738                rom_data_lookup
 .text.rom_funcs_lookup
                0x10003748       0x36 CMakeFiles/IoT_Sensor_Node.dir/C_/VSARM/sdk/pico/pico-sdk/src/rp2_common/pico_bootrom/bootrom.c.obj
                0x10003748                rom_funcs_lookup
 *fill*         0x1000377e        0x2 
 .text.__wrap___aeabi_idiv
                0x10003780       0x50 CMakeFiles/IoT_Sensor_Node.dir/C_/VSARM/sdk/pico/pico-sdk/src/rp2_common/pico_divider/divider.S.obj
                0x10003780                __wrap___aeabi_idivmod
                0x10003780                divmod_s32s32
                0x10003780                div_s32s32
                0x10003780                __wrap___aeabi_idiv
                0x10003788                divmod_s32s32_unsafe
                0x100037b4                divmod_s32s32_savestate
 .text.__wrap___aeabi_uidiv
                0x100037d0       0x4c CMakeFiles/IoT_Sensor_Node.dir/C_/VSARM/sdk/pico/pico-sdk/src/rp2_common/pico_divider/divider.S.obj
                0x100037d0                __wrap___aeabi_uidiv
                0x100037d0                __wrap___aeabi_uidivmod
                0x100037d0                div_u32u32
                0x100037d0                divmod_u32u32
                0x100037d8                divmod_u32u32_unsafe
                0x10003800                divmod_u32u32_savestate
 .text.__wrap___aeabi_ldiv
                0x1000381c      0x434 CMakeFiles/IoT_Sensor_Node.dir/C_/VSARM/sdk/pico/pico-sdk/src/rp2_common/pico_divider/divider.S.obj
                0x1000381c                div_s64s64
                0x1000381c                divmod_s64s64
                0x1000381c                __wrap___aeabi_ldivmod
                0x10003854                divmod_u64u64
                0x10003854                div_u64u64
                0x10003854                __wrap___aeabi_uldivmod
                0x10003864                divmod_u64u64_savestate
                0x1000388c                divmod_s64s64_unsafe
                0x10003914                divmod_u64u64_unsafe
 .text.__wrap___aeabi_darithmetic
                0x10003c50       0x80 CMakeFiles/IoT_Sensor_Node.dir/C_/VSARM/sdk/pico/pico-sdk/src/rp2_common/pico_double/double_aeabi.S.obj
                0x10003c50                __wrap___aeabi_drsub
                0x10003c56                __wrap___aeabi_dsub
                0x10003c68                __wrap___aeabi_dadd
                0x10003c7a                __wrap___aeabi_ddiv
                0x10003cb6                __wrap___aeabi_dmul
 .text.__wrap___aeabi_cdcmple
                0x10003cd0       0x6c CMakeFiles/IoT_Sensor_Node.dir/C_/VSARM/sdk/pico/pico-sdk/src/rp2_common/pico_double/double_aeabi.S.obj
                0x10003cd0                __wrap___aeabi_cdrcmple
                0x10003ce0                __wrap___aeabi_cdcmpeq
                0x10003ce0                __wrap___aeabi_cdcmple
 .text.__wrap___aeabi_dcmplt
                0x10003d3c        0xc CMakeFiles/IoT_Sensor_Node.dir/C_/VSARM/sdk/pico/pico-sdk/src/rp2_common/pico_double/double_aeabi.S.obj
                0x10003d3c                __wrap___aeabi_dcmplt
 .text.__wrap___aeabi_dcmple
                0x10003d48       0x10 CMakeFiles/IoT_Sensor_Node.dir/C_/VSARM/sdk/pico/pico-sdk/src/rp2_common/pico_double/double_aeabi.S.obj
                0x10003d48                __wrap___aeabi_dcmple
 .text.__wrap___aeabi_dcmpge
                0x10003d58       0x10 CMakeFiles/IoT_Sensor_Node.dir/C_/VSARM/sdk/pico/pico-sdk/src/rp2_common/pico_double/double_aeabi.S.obj
                0x10003d58                __wrap___aeabi_dcmpge
 .text.__wrap___aeabi_dcmpgt
                0x10003d68        0xa CMakeFiles/IoT_Sensor_Node.dir/C_/VSARM/sdk/pico/pico-sdk/src/rp2_common/pico_double/double_aeabi.S.obj
                0x10003d68                __wrap___aeabi_dcmpgt
 .text.__wrap___aeabi_dcmpun
                0x10003d72       0x1c CMakeFiles/IoT_Sensor_Node.dir/C_/VSARM/sdk/pico/pico-sdk/src/rp2_common/pico_double/double_aeabi.S.obj
                0x10003d72                __wrap___aeabi_dcmpun
 *fill*         0x10003d8e        0x2 
 .text.__wrap___aeabi_i2d
                0x10003d90       0x38 CMakeFiles/IoT_Sensor_Node.dir/C_/VSARM/sdk/pico/pico-sdk/src/rp2_common/pico_double/double_aeabi.S.obj
                0x10003d90                __wrap___aeabi_ui2d
                0x10003d98                __wrap___aeabi_i2d
 .text.__wrap___aeabi_d2iz
                0x10003dc8       0x48 CMakeFiles/IoT_Sensor_Node.dir/C_/VSARM/sdk/pico/pico-sdk/src/rp2_common/pico_double/double_aeabi.S.obj
                0x10003dc8                double2int_z
                0x10003dc8                __wrap___aeabi_d2iz
 .text.__wrap___aeabi_d2uiz
                0x10003e10       0x18 CMakeFiles/IoT_Sensor_Node.dir/C_/VSARM/sdk/pico/pico-sdk/src/rp2_common/pico_double/double_aeabi.S.obj
                0x10003e10                __wrap___aeabi_d2uiz
                0x10003e10                double2uint
 .text.__aeabi_double_init
                0x10003e28       0xc8 CMakeFiles/IoT_Sensor_Node.dir/C_/VSARM/sdk/pico/pico-sdk/src/rp2_common/pico_double/double_init_rom.c.obj
                0x10003e28                __aeabi_double_init
 .text.double_table_shim_on_use_helper
                0x10003ef0       0x34 CMakeFiles/IoT_Sensor_Node.dir/C_/VSARM/sdk/pico/pico-sdk/src/rp2_common/pico_double/double_v1_rom_shim.S.obj
                0x10003ef0                double_table_shim_on_use_helper
 .text.__wrap___aeabi_dsub
                0x10003f24       0x10 CMakeFiles/IoT_Sensor_Node.dir/C_/VSARM/sdk/pico/pico-sdk/src/rp2_common/pico_double/double_v1_rom_shim.S.obj
                0x10003f24                drsub_shim
                0x10003f2a                dsub_shim
 .text.dadd_shim
                0x10003f34      0x15c CMakeFiles/IoT_Sensor_Node.dir/C_/VSARM/sdk/pico/pico-sdk/src/rp2_common/pico_double/double_v1_rom_shim.S.obj
                0x10003f34                dadd_shim
 .text.dmul_shim
                0x10004090      0x15c CMakeFiles/IoT_Sensor_Node.dir/C_/VSARM/sdk/pico/pico-sdk/src/rp2_common/pico_double/double_v1_rom_shim.S.obj
                0x10004090                dmul_shim
 .text.ddiv_shim
                0x100041ec      0x1b0 CMakeFiles/IoT_Sensor_Node.dir/C_/VSARM/sdk/pico/pico-sdk/src/rp2_common/pico_double/double_v1_rom_shim.S.obj
                0x100041ec                ddiv_shim
 .text.double2uint_shim
                0x1000439c        0xe CMakeFiles/IoT_Sensor_Node.dir/C_/VSARM/sdk/pico/pico-sdk/src/rp2_common/pico_double/double_v1_rom_shim.S.obj
                0x1000439c                double2uint_shim
                0x1000439e                double2ufix_shim
 *fill*         0x100043aa        0x2 
 .text.double2uint64_shim
                0x100043ac       0x70 CMakeFiles/IoT_Sensor_Node.dir/C_/VSARM/sdk/pico/pico-sdk/src/rp2_common/pico_double/double_v1_rom_shim.S.obj
                0x100043ac                double2uint64_shim
                0x100043ae                double2ufix64_shim
                0x100043ce                d2fix_a
 .text.dunpacks
                0x1000441c       0x3c CMakeFiles/IoT_Sensor_Node.dir/C_/VSARM/sdk/pico/pico-sdk/src/rp2_common/pico_double/double_v1_rom_shim.S.obj
                0x1000441c                dunpacks
 .text.__aeabi_lmul
                0x10004458       0x32 CMakeFiles/IoT_Sensor_Node.dir/C_/VSARM/sdk/pico/pico-sdk/src/rp2_common/pico_int64_ops/pico_int64_ops_aeabi.S.obj
                0x10004458                __wrap___aeabi_lmul
 *fill*         0x1000448a        0x2 
 .text.__wrap___aeabi_farithmetic
                0x1000448c       0x58 CMakeFiles/IoT_Sensor_Node.dir/C_/VSARM/sdk/pico/pico-sdk/src/rp2_common/pico_float/float_aeabi.S.obj
                0x1000448c                __wrap___aeabi_frsub
                0x10004492                __wrap___aeabi_fsub
                0x1000449c                __wrap___aeabi_fadd
                0x100044a6                __wrap___aeabi_fdiv
                0x100044d2                __wrap___aeabi_fmul
 .text.__wrap___aeabi_cfcmple
                0x100044e4       0x50 CMakeFiles/IoT_Sensor_Node.dir/C_/VSARM/sdk/pico/pico-sdk/src/rp2_common/pico_float/float_aeabi.S.obj
                0x100044e4                __wrap___aeabi_cfrcmple
                0x100044f0                __wrap___aeabi_cfcmple
                0x100044f0                __wrap___aeabi_cfcmpeq
 .text.__wrap___aeabi_fcmplt
                0x10004534        0xc CMakeFiles/IoT_Sensor_Node.dir/C_/VSARM/sdk/pico/pico-sdk/src/rp2_common/pico_float/float_aeabi.S.obj
                0x10004534                __wrap___aeabi_fcmplt
 .text.__wrap___aeabi_fcmpgt
                0x10004540        0xa CMakeFiles/IoT_Sensor_Node.dir/C_/VSARM/sdk/pico/pico-sdk/src/rp2_common/pico_float/float_aeabi.S.obj
                0x10004540                __wrap___aeabi_fcmpgt
 .text.__wrap___aeabi_ui2f
                0x1000454a        0xa CMakeFiles/IoT_Sensor_Node.dir/C_/VSARM/sdk/pico/pico-sdk/src/rp2_common/pico_float/float_aeabi.S.obj
                0x1000454a                __wrap___aeabi_ui2f
 .text.__wrap___aeabi_i2f
                0x10004554       0x44 CMakeFiles/IoT_Sensor_Node.dir/C_/VSARM/sdk/pico/pico-sdk/src/rp2_common/pico_float/float_aeabi.S.obj
                0x10004554                __wrap___aeabi_i2f
 .text.__wrap___aeabi_f2d
                0x10004598       0x14 CMakeFiles/IoT_Sensor_Node.dir/C_/VSARM/sdk/pico/pico-sdk/src/rp2_common/pico_float/float_aeabi.S.obj
                0x10004598                __wrap___aeabi_f2d
 .text.__aeabi_float_init
                0x100045ac       0xfc CMakeFiles/IoT_Sensor_Node.dir/C_/VSARM/sdk/pico/pico-sdk/src/rp2_common/pico_float/float_init_rom.c.obj
                0x100045ac                __aeabi_float_init
 .text.float_table_shim_on_use_helper
                0x100046a8       0x34 CMakeFiles/IoT_Sensor_Node.dir/C_/VSARM/sdk/pico/pico-sdk/src/rp2_common/pico_float/float_v1_rom_shim.S.obj
                0x100046a8                float_table_shim_on_use_helper
 .text.float2double_shim
                0x100046dc       0x30 CMakeFiles/IoT_Sensor_Node.dir/C_/VSARM/sdk/pico/pico-sdk/src/rp2_common/pico_float/float_v1_rom_shim.S.obj
                0x100046dc                float2double_shim
 .text          0x1000470c       0x10 CMakeFiles/IoT_Sensor_Node.dir/C_/VSARM/sdk/pico/pico-sdk/src/rp2_common/pico_mem_ops/mem_ops_aeabi.S.obj
                0x1000470c                __aeabi_mem_init
 .text.memset   0x1000471c        0xc CMakeFiles/IoT_Sensor_Node.dir/C_/VSARM/sdk/pico/pico-sdk/src/rp2_common/pico_mem_ops/mem_ops_aeabi.S.obj
                0x1000471c                __wrap_memset
 .text.memcpy   0x10004728        0xc CMakeFiles/IoT_Sensor_Node.dir/C_/VSARM/sdk/pico/pico-sdk/src/rp2_common/pico_mem_ops/mem_ops_aeabi.S.obj
                0x10004728                __wrap_memcpy
                0x10004728                __wrap___aeabi_memcpy
 .text.stdio_out_chars_no_crlf
                0x10004734        0xe CMakeFiles/IoT_Sensor_Node.dir/C_/VSARM/sdk/pico/pico-sdk/src/rp2_common/pico_stdio/stdio.c.obj
 *fill*         0x10004742        0x2 
 .text.stdio_out_chars_crlf
                0x10004744       0x80 CMakeFiles/IoT_Sensor_Node.dir/C_/VSARM/sdk/pico/pico-sdk/src/rp2_common/pico_stdio/stdio.c.obj
 .text.stdio_stack_buffer_flush
                0x100047c4       0x44 CMakeFiles/IoT_Sensor_Node.dir/C_/VSARM/sdk/pico/pico-sdk/src/rp2_common/pico_stdio/stdio.c.obj
 .text.stdio_buffered_printer
                0x10004808       0x20 CMakeFiles/IoT_Sensor_Node.dir/C_/VSARM/sdk/pico/pico-sdk/src/rp2_common/pico_stdio/stdio.c.obj
 .text.stdout_serialize_begin
                0x10004828       0x30 CMakeFiles/IoT_Sensor_Node.dir/C_/VSARM/sdk/pico/pico-sdk/src/rp2_common/pico_stdio/stdio.c.obj
                0x10004828                stdout_serialize_begin
 .text.stdout_serialize_end
                0x10004858       0x10 CMakeFiles/IoT_Sensor_Node.dir/C_/VSARM/sdk/pico/pico-sdk/src/rp2_common/pico_stdio/stdio.c.obj
                0x10004858                stdout_serialize_end
 .text.stdio_put_string
                0x10004868       0x98 CMakeFiles/IoT_Sensor_Node.dir/C_/VSARM/sdk/pico/pico-sdk/src/rp2_common/pico_stdio/stdio.c.obj
 .text.stdio_set_driver_enabled
                0x10004900       0x2c CMakeFiles/IoT_Sensor_Node.dir/C_/VSARM/sdk/pico/pico-sdk/src/rp2_common/pico_stdio/stdio.c.obj
                0x10004900                stdio_set_driver_enabled
 .text.stdio_flush
                0x1000492c       0x20 CMakeFiles/IoT_Sensor_Node.dir/C_/VSARM/sdk/pico/pico-sdk/src/rp2_common/pico_stdio/stdio.c.obj
                0x1000492c                stdio_flush
 .text.__wrap_puts
                0x1000494c       0x1e CMakeFiles/IoT_Sensor_Node.dir/C_/VSARM/sdk/pico/pico-sdk/src/rp2_common/pico_stdio/stdio.c.obj
                0x1000494c                __wrap_puts
 *fill*         0x1000496a        0x2 
 .text.__wrap_vprintf
                0x1000496c       0x44 CMakeFiles/IoT_Sensor_Node.dir/C_/VSARM/sdk/pico/pico-sdk/src/rp2_common/pico_stdio/stdio.c.obj
                0x1000496c                __wrap_vprintf
 .text.__wrap_printf
                0x100049b0       0x18 CMakeFiles/IoT_Sensor_Node.dir/C_/VSARM/sdk/pico/pico-sdk/src/rp2_common/pico_stdio/stdio.c.obj
                0x100049b0                __wrap_printf
 .text.stdio_init_all
                0x100049c8        0x8 CMakeFiles/IoT_Sensor_Node.dir/C_/VSARM/sdk/pico/pico-sdk/src/rp2_common/pico_stdio/stdio.c.obj
                0x100049c8                stdio_init_all
 .text.resetd_init
                0x100049d0        0x2 CMakeFiles/IoT_Sensor_Node.dir/C_/VSARM/sdk/pico/pico-sdk/src/rp2_common/pico_stdio_usb/reset_interface.c.obj
 *fill*         0x100049d2        0x2 
 .text.resetd_reset
                0x100049d4        0xc CMakeFiles/IoT_Sensor_Node.dir/C_/VSARM/sdk/pico/pico-sdk/src/rp2_common/pico_stdio_usb/reset_interface.c.obj
 .text.resetd_open
                0x100049e0       0x34 CMakeFiles/IoT_Sensor_Node.dir/C_/VSARM/sdk/pico/pico-sdk/src/rp2_common/pico_stdio_usb/reset_interface.c.obj
 .text.resetd_xfer_cb
                0x10004a14        0x4 CMakeFiles/IoT_Sensor_Node.dir/C_/VSARM/sdk/pico/pico-sdk/src/rp2_common/pico_stdio_usb/reset_interface.c.obj
 .text.reset_usb_boot
                0x10004a18       0x18 CMakeFiles/IoT_Sensor_Node.dir/C_/VSARM/sdk/pico/pico-sdk/src/rp2_common/pico_stdio_usb/reset_interface.c.obj
 .text.resetd_control_xfer_cb
                0x10004a30       0x5c CMakeFiles/IoT_Sensor_Node.dir/C_/VSARM/sdk/pico/pico-sdk/src/rp2_common/pico_stdio_usb/reset_interface.c.obj
 .text.usbd_app_driver_get_cb
                0x10004a8c        0xc CMakeFiles/IoT_Sensor_Node.dir/C_/VSARM/sdk/pico/pico-sdk/src/rp2_common/pico_stdio_usb/reset_interface.c.obj
                0x10004a8c                usbd_app_driver_get_cb
 .text.tud_cdc_line_coding_cb
                0x10004a98       0x28 CMakeFiles/IoT_Sensor_Node.dir/C_/VSARM/sdk/pico/pico-sdk/src/rp2_common/pico_stdio_usb/reset_interface.c.obj
                0x10004a98                tud_cdc_line_coding_cb
 .text.stdio_usb_in_chars
                0x10004ac0       0x70 CMakeFiles/IoT_Sensor_Node.dir/C_/VSARM/sdk/pico/pico-sdk/src/rp2_common/pico_stdio_usb/stdio_usb.c.obj
                0x10004ac0                stdio_usb_in_chars
 .text.low_priority_worker_irq
                0x10004b30       0x20 CMakeFiles/IoT_Sensor_Node.dir/C_/VSARM/sdk/pico/pico-sdk/src/rp2_common/pico_stdio_usb/stdio_usb.c.obj
 .text.stdio_usb_out_chars
                0x10004b50       0xd4 CMakeFiles/IoT_Sensor_Node.dir/C_/VSARM/sdk/pico/pico-sdk/src/rp2_common/pico_stdio_usb/stdio_usb.c.obj
 .text.timer_task
                0x10004c24       0x40 CMakeFiles/IoT_Sensor_Node.dir/C_/VSARM/sdk/pico/pico-sdk/src/rp2_common/pico_stdio_usb/stdio_usb.c.obj
 .text.usb_irq  0x10004c64       0x10 CMakeFiles/IoT_Sensor_Node.dir/C_/VSARM/sdk/pico/pico-sdk/src/rp2_common/pico_stdio_usb/stdio_usb.c.obj
 .text.stdio_usb_init
                0x10004c74       0xec CMakeFiles/IoT_Sensor_Node.dir/C_/VSARM/sdk/pico/pico-sdk/src/rp2_common/pico_stdio_usb/stdio_usb.c.obj
                0x10004c74                stdio_usb_init
 .text.tud_descriptor_device_cb
                0x10004d60        0x8 CMakeFiles/IoT_Sensor_Node.dir/C_/VSARM/sdk/pico/pico-sdk/src/rp2_common/pico_stdio_usb/stdio_usb_descriptors.c.obj
                0x10004d60                tud_descriptor_device_cb
 .text.tud_descriptor_configuration_cb
                0x10004d68        0x8 CMakeFiles/IoT_Sensor_Node.dir/C_/VSARM/sdk/pico/pico-sdk/src/rp2_common/pico_stdio_usb/stdio_usb_descriptors.c.obj
                0x10004d68                tud_descriptor_configuration_cb
 .text.tud_descriptor_string_cb
                0x10004d70       0x6c CMakeFiles/IoT_Sensor_Node.dir/C_/VSARM/sdk/pico/pico-sdk/src/rp2_common/pico_stdio_usb/stdio_usb_descriptors.c.obj
                0x10004d70                tud_descriptor_string_cb
 .text.hw_endpoint_get_by_addr
                0x10004ddc       0x18 CMakeFiles/IoT_Sensor_Node.dir/C_/VSARM/sdk/pico/pico-sdk/lib/tinyusb/src/portable/raspberrypi/rp2040/dcd_rp2040.c.obj
 .text.reset_ep0_pid
                0x10004df4       0x28 CMakeFiles/IoT_Sensor_Node.dir/C_/VSARM/sdk/pico/pico-sdk/lib/tinyusb/src/portable/raspberrypi/rp2040/dcd_rp2040.c.obj
 .text._hw_endpoint_alloc
                0x10004e1c       0x70 CMakeFiles/IoT_Sensor_Node.dir/C_/VSARM/sdk/pico/pico-sdk/lib/tinyusb/src/portable/raspberrypi/rp2040/dcd_rp2040.c.obj
 .text.hw_endpoint_init
                0x10004e8c       0x88 CMakeFiles/IoT_Sensor_Node.dir/C_/VSARM/sdk/pico/pico-sdk/lib/tinyusb/src/portable/raspberrypi/rp2040/dcd_rp2040.c.obj
 .text.reset_non_control_endpoints
                0x10004f14       0x40 CMakeFiles/IoT_Sensor_Node.dir/C_/VSARM/sdk/pico/pico-sdk/lib/tinyusb/src/portable/raspberrypi/rp2040/dcd_rp2040.c.obj
 .text.hw_handle_buff_status
                0x10004f54       0x8c CMakeFiles/IoT_Sensor_Node.dir/C_/VSARM/sdk/pico/pico-sdk/lib/tinyusb/src/portable/raspberrypi/rp2040/dcd_rp2040.c.obj
 .text.dcd_rp2040_irq
                0x10004fe0       0xc0 CMakeFiles/IoT_Sensor_Node.dir/C_/VSARM/sdk/pico/pico-sdk/lib/tinyusb/src/portable/raspberrypi/rp2040/dcd_rp2040.c.obj
 .text.hw_endpoint_xfer
                0x100050a0       0x14 CMakeFiles/IoT_Sensor_Node.dir/C_/VSARM/sdk/pico/pico-sdk/lib/tinyusb/src/portable/raspberrypi/rp2040/dcd_rp2040.c.obj
 .text.dcd_int_enable
                0x100050b4       0x2c CMakeFiles/IoT_Sensor_Node.dir/C_/VSARM/sdk/pico/pico-sdk/lib/tinyusb/src/portable/raspberrypi/rp2040/dcd_rp2040.c.obj
                0x100050b4                dcd_int_enable
 .text.dcd_set_address
                0x100050e0       0x2c CMakeFiles/IoT_Sensor_Node.dir/C_/VSARM/sdk/pico/pico-sdk/lib/tinyusb/src/portable/raspberrypi/rp2040/dcd_rp2040.c.obj
                0x100050e0                dcd_set_address
 .text.dcd_connect
                0x1000510c       0x10 CMakeFiles/IoT_Sensor_Node.dir/C_/VSARM/sdk/pico/pico-sdk/lib/tinyusb/src/portable/raspberrypi/rp2040/dcd_rp2040.c.obj
                0x1000510c                dcd_connect
 .text.dcd_init
                0x1000511c       0x7c CMakeFiles/IoT_Sensor_Node.dir/C_/VSARM/sdk/pico/pico-sdk/lib/tinyusb/src/portable/raspberrypi/rp2040/dcd_rp2040.c.obj
                0x1000511c                dcd_init
 .text.dcd_edpt0_status_complete
                0x10005198       0x1c CMakeFiles/IoT_Sensor_Node.dir/C_/VSARM/sdk/pico/pico-sdk/lib/tinyusb/src/portable/raspberrypi/rp2040/dcd_rp2040.c.obj
                0x10005198                dcd_edpt0_status_complete
 .text.dcd_edpt_open
                0x100051b4       0x40 CMakeFiles/IoT_Sensor_Node.dir/C_/VSARM/sdk/pico/pico-sdk/lib/tinyusb/src/portable/raspberrypi/rp2040/dcd_rp2040.c.obj
                0x100051b4                dcd_edpt_open
 .text.dcd_edpt_close_all
                0x100051f4        0x8 CMakeFiles/IoT_Sensor_Node.dir/C_/VSARM/sdk/pico/pico-sdk/lib/tinyusb/src/portable/raspberrypi/rp2040/dcd_rp2040.c.obj
                0x100051f4                dcd_edpt_close_all
 .text.dcd_edpt_xfer
                0x100051fc       0x30 CMakeFiles/IoT_Sensor_Node.dir/C_/VSARM/sdk/pico/pico-sdk/lib/tinyusb/src/portable/raspberrypi/rp2040/dcd_rp2040.c.obj
                0x100051fc                dcd_edpt_xfer
 .text.dcd_edpt_stall
                0x1000522c       0x2c CMakeFiles/IoT_Sensor_Node.dir/C_/VSARM/sdk/pico/pico-sdk/lib/tinyusb/src/portable/raspberrypi/rp2040/dcd_rp2040.c.obj
                0x1000522c                dcd_edpt_stall
 .text.dcd_edpt_clear_stall
                0x10005258       0x20 CMakeFiles/IoT_Sensor_Node.dir/C_/VSARM/sdk/pico/pico-sdk/lib/tinyusb/src/portable/raspberrypi/rp2040/dcd_rp2040.c.obj
                0x10005258                dcd_edpt_clear_stall
 .text.prepare_ep_buffer
                0x10005278       0x70 CMakeFiles/IoT_Sensor_Node.dir/C_/VSARM/sdk/pico/pico-sdk/lib/tinyusb/src/portable/raspberrypi/rp2040/rp2040_usb.c.obj
 .text.sync_ep_buffer
                0x100052e8       0x7c CMakeFiles/IoT_Sensor_Node.dir/C_/VSARM/sdk/pico/pico-sdk/lib/tinyusb/src/portable/raspberrypi/rp2040/rp2040_usb.c.obj
 .text._hw_endpoint_xfer_sync
                0x10005364       0x28 CMakeFiles/IoT_Sensor_Node.dir/C_/VSARM/sdk/pico/pico-sdk/lib/tinyusb/src/portable/raspberrypi/rp2040/rp2040_usb.c.obj
 .text.rp2040_usb_init
                0x1000538c       0x4c CMakeFiles/IoT_Sensor_Node.dir/C_/VSARM/sdk/pico/pico-sdk/lib/tinyusb/src/portable/raspberrypi/rp2040/rp2040_usb.c.obj
                0x1000538c                rp2040_usb_init
 .text.hw_endpoint_reset_transfer
                0x100053d8        0xc CMakeFiles/IoT_Sensor_Node.dir/C_/VSARM/sdk/pico/pico-sdk/lib/tinyusb/src/portable/raspberrypi/rp2040/rp2040_usb.c.obj
                0x100053d8                hw_endpoint_reset_transfer
 .text._hw_endpoint_buffer_control_update32
                0x100053e4       0x58 CMakeFiles/IoT_Sensor_Node.dir/C_/VSARM/sdk/pico/pico-sdk/lib/tinyusb/src/portable/raspberrypi/rp2040/rp2040_usb.c.obj
                0x100053e4                _hw_endpoint_buffer_control_update32
 .text._hw_endpoint_start_next_buffer
                0x1000543c       0x74 CMakeFiles/IoT_Sensor_Node.dir/C_/VSARM/sdk/pico/pico-sdk/lib/tinyusb/src/portable/raspberrypi/rp2040/rp2040_usb.c.obj
 .text.hw_endpoint_xfer_start
                0x100054b0       0x48 CMakeFiles/IoT_Sensor_Node.dir/C_/VSARM/sdk/pico/pico-sdk/lib/tinyusb/src/portable/raspberrypi/rp2040/rp2040_usb.c.obj
                0x100054b0                hw_endpoint_xfer_start
 .text.hw_endpoint_xfer_continue
                0x100054f8       0x38 CMakeFiles/IoT_Sensor_Node.dir/C_/VSARM/sdk/pico/pico-sdk/lib/tinyusb/src/portable/raspberrypi/rp2040/rp2040_usb.c.obj
                0x100054f8                hw_endpoint_xfer_continue
 .text.configuration_reset
                0x10005530       0x84 CMakeFiles/IoT_Sensor_Node.dir/C_/VSARM/sdk/pico/pico-sdk/lib/tinyusb/src/device/usbd.c.obj
 .text.usbd_reset
                0x100055b4        0xc CMakeFiles/IoT_Sensor_Node.dir/C_/VSARM/sdk/pico/pico-sdk/lib/tinyusb/src/device/usbd.c.obj
 .text.invoke_class_control
                0x100055c0       0x1a CMakeFiles/IoT_Sensor_Node.dir/C_/VSARM/sdk/pico/pico-sdk/lib/tinyusb/src/device/usbd.c.obj
 *fill*         0x100055da        0x2 
 .text.process_set_config
                0x100055dc      0x1b0 CMakeFiles/IoT_Sensor_Node.dir/C_/VSARM/sdk/pico/pico-sdk/lib/tinyusb/src/device/usbd.c.obj
 .text.process_get_descriptor
                0x1000578c       0xec CMakeFiles/IoT_Sensor_Node.dir/C_/VSARM/sdk/pico/pico-sdk/lib/tinyusb/src/device/usbd.c.obj
 .text.tud_mounted
                0x10005878       0x10 CMakeFiles/IoT_Sensor_Node.dir/C_/VSARM/sdk/pico/pico-sdk/lib/tinyusb/src/device/usbd.c.obj
                0x10005878                tud_mounted
 .text.tud_suspended
                0x10005888       0x10 CMakeFiles/IoT_Sensor_Node.dir/C_/VSARM/sdk/pico/pico-sdk/lib/tinyusb/src/device/usbd.c.obj
                0x10005888                tud_suspended
 .text.tud_inited
                0x10005898        0xc CMakeFiles/IoT_Sensor_Node.dir/C_/VSARM/sdk/pico/pico-sdk/lib/tinyusb/src/device/usbd.c.obj
                0x10005898                tud_inited
 .text.tud_init
                0x100058a4       0xcc CMakeFiles/IoT_Sensor_Node.dir/C_/VSARM/sdk/pico/pico-sdk/lib/tinyusb/src/device/usbd.c.obj
                0x100058a4                tud_init
 .text.dcd_event_handler
                0x10005970      0x1e0 CMakeFiles/IoT_Sensor_Node.dir/C_/VSARM/sdk/pico/pico-sdk/lib/tinyusb/src/device/usbd.c.obj
                0x10005970                dcd_event_handler
 .text.dcd_event_bus_signal
                0x10005b50       0x26 CMakeFiles/IoT_Sensor_Node.dir/C_/VSARM/sdk/pico/pico-sdk/lib/tinyusb/src/device/usbd.c.obj
                0x10005b50                dcd_event_bus_signal
 .text.dcd_event_bus_reset
                0x10005b76       0x2a CMakeFiles/IoT_Sensor_Node.dir/C_/VSARM/sdk/pico/pico-sdk/lib/tinyusb/src/device/usbd.c.obj
                0x10005b76                dcd_event_bus_reset
 .text.dcd_event_setup_received
                0x10005ba0       0x34 CMakeFiles/IoT_Sensor_Node.dir/C_/VSARM/sdk/pico/pico-sdk/lib/tinyusb/src/device/usbd.c.obj
                0x10005ba0                dcd_event_setup_received
 .text.dcd_event_xfer_complete
                0x10005bd4       0x44 CMakeFiles/IoT_Sensor_Node.dir/C_/VSARM/sdk/pico/pico-sdk/lib/tinyusb/src/device/usbd.c.obj
                0x10005bd4                dcd_event_xfer_complete
 .text.usbd_edpt_open
                0x10005c18       0x58 CMakeFiles/IoT_Sensor_Node.dir/C_/VSARM/sdk/pico/pico-sdk/lib/tinyusb/src/device/usbd.c.obj
                0x10005c18                usbd_edpt_open
 .text.usbd_open_edpt_pair
                0x10005c70       0x8c CMakeFiles/IoT_Sensor_Node.dir/C_/VSARM/sdk/pico/pico-sdk/lib/tinyusb/src/device/usbd.c.obj
                0x10005c70                usbd_open_edpt_pair
 .text.usbd_edpt_claim
                0x10005cfc       0x8c CMakeFiles/IoT_Sensor_Node.dir/C_/VSARM/sdk/pico/pico-sdk/lib/tinyusb/src/device/usbd.c.obj
                0x10005cfc                usbd_edpt_claim
 .text.usbd_edpt_release
                0x10005d88       0x68 CMakeFiles/IoT_Sensor_Node.dir/C_/VSARM/sdk/pico/pico-sdk/lib/tinyusb/src/device/usbd.c.obj
                0x10005d88                usbd_edpt_release
 .text.usbd_edpt_xfer
                0x10005df0       0x80 CMakeFiles/IoT_Sensor_Node.dir/C_/VSARM/sdk/pico/pico-sdk/lib/tinyusb/src/device/usbd.c.obj
                0x10005df0                usbd_edpt_xfer
 .text.usbd_edpt_stall
                0x10005e70       0x40 CMakeFiles/IoT_Sensor_Node.dir/C_/VSARM/sdk/pico/pico-sdk/lib/tinyusb/src/device/usbd.c.obj
                0x10005e70                usbd_edpt_stall
 .text.usbd_edpt_clear_stall
                0x10005eb0       0x40 CMakeFiles/IoT_Sensor_Node.dir/C_/VSARM/sdk/pico/pico-sdk/lib/tinyusb/src/device/usbd.c.obj
                0x10005eb0                usbd_edpt_clear_stall
 .text.usbd_edpt_stalled
                0x10005ef0       0x1c CMakeFiles/IoT_Sensor_Node.dir/C_/VSARM/sdk/pico/pico-sdk/lib/tinyusb/src/device/usbd.c.obj
                0x10005ef0                usbd_edpt_stalled
 .text.process_control_request
                0x10005f0c      0x3b8 CMakeFiles/IoT_Sensor_Node.dir/C_/VSARM/sdk/pico/pico-sdk/lib/tinyusb/src/device/usbd.c.obj
 .text.tud_task
                0x100062c4      0x218 CMakeFiles/IoT_Sensor_Node.dir/C_/VSARM/sdk/pico/pico-sdk/lib/tinyusb/src/device/usbd.c.obj
                0x100062c4                tud_task
 .text._data_stage_xact
                0x100064dc       0x58 CMakeFiles/IoT_Sensor_Node.dir/C_/VSARM/sdk/pico/pico-sdk/lib/tinyusb/src/device/usbd_control.c.obj
 .text.tud_control_status
                0x10006534       0x38 CMakeFiles/IoT_Sensor_Node.dir/C_/VSARM/sdk/pico/pico-sdk/lib/tinyusb/src/device/usbd_control.c.obj
                0x10006534                tud_control_status
 .text.tud_control_xfer
                0x1000656c       0xa8 CMakeFiles/IoT_Sensor_Node.dir/C_/VSARM/sdk/pico/pico-sdk/lib/tinyusb/src/device/usbd_control.c.obj
                0x1000656c                tud_control_xfer
 .text.usbd_control_reset
                0x10006614       0x14 CMakeFiles/IoT_Sensor_Node.dir/C_/VSARM/sdk/pico/pico-sdk/lib/tinyusb/src/device/usbd_control.c.obj
                0x10006614                usbd_control_reset
 .text.usbd_control_set_complete_callback
                0x10006628        0xc CMakeFiles/IoT_Sensor_Node.dir/C_/VSARM/sdk/pico/pico-sdk/lib/tinyusb/src/device/usbd_control.c.obj
                0x10006628                usbd_control_set_complete_callback
 .text.usbd_control_set_request
                0x10006634       0x1c CMakeFiles/IoT_Sensor_Node.dir/C_/VSARM/sdk/pico/pico-sdk/lib/tinyusb/src/device/usbd_control.c.obj
                0x10006634                usbd_control_set_request
 .text.usbd_control_xfer_cb
                0x10006650       0xfc CMakeFiles/IoT_Sensor_Node.dir/C_/VSARM/sdk/pico/pico-sdk/lib/tinyusb/src/device/usbd_control.c.obj
                0x10006650                usbd_control_xfer_cb
 .text._prep_out_transaction
                0x1000674c       0x46 CMakeFiles/IoT_Sensor_Node.dir/C_/VSARM/sdk/pico/pico-sdk/lib/tinyusb/src/class/cdc/cdc_device.c.obj
 *fill*         0x10006792        0x2 
 .text.tud_cdc_n_connected
                0x10006794       0x44 CMakeFiles/IoT_Sensor_Node.dir/C_/VSARM/sdk/pico/pico-sdk/lib/tinyusb/src/class/cdc/cdc_device.c.obj
                0x10006794                tud_cdc_n_connected
 .text.tud_cdc_n_available
                0x100067d8       0x18 CMakeFiles/IoT_Sensor_Node.dir/C_/VSARM/sdk/pico/pico-sdk/lib/tinyusb/src/class/cdc/cdc_device.c.obj
                0x100067d8                tud_cdc_n_available
 .text.tud_cdc_n_read
                0x100067f0       0x28 CMakeFiles/IoT_Sensor_Node.dir/C_/VSARM/sdk/pico/pico-sdk/lib/tinyusb/src/class/cdc/cdc_device.c.obj
                0x100067f0                tud_cdc_n_read
 .text.tud_cdc_n_write_flush
                0x10006818       0xcc CMakeFiles/IoT_Sensor_Node.dir/C_/VSARM/sdk/pico/pico-sdk/lib/tinyusb/src/class/cdc/cdc_device.c.obj
                0x10006818                tud_cdc_n_write_flush
 .text.tud_cdc_n_write
                0x100068e4       0x38 CMakeFiles/IoT_Sensor_Node.dir/C_/VSARM/sdk/pico/pico-sdk/lib/tinyusb/src/class/cdc/cdc_device.c.obj
                0x100068e4                tud_cdc_n_write
 .text.tud_cdc_n_write_available
                0x1000691c       0x1c CMakeFiles/IoT_Sensor_Node.dir/C_/VSARM/sdk/pico/pico-sdk/lib/tinyusb/src/class/cdc/cdc_device.c.obj
                0x1000691c                tud_cdc_n_write_available
 .text.cdcd_init
                0x10006938       0xbc CMakeFiles/IoT_Sensor_Node.dir/C_/VSARM/sdk/pico/pico-sdk/lib/tinyusb/src/class/cdc/cdc_device.c.obj
                0x10006938                cdcd_init
 .text.cdcd_reset
                0x100069f4       0x44 CMakeFiles/IoT_Sensor_Node.dir/C_/VSARM/sdk/pico/pico-sdk/lib/tinyusb/src/class/cdc/cdc_device.c.obj
                0x100069f4                cdcd_reset
 .text.cdcd_open
                0x10006a38       0xf8 CMakeFiles/IoT_Sensor_Node.dir/C_/VSARM/sdk/pico/pico-sdk/lib/tinyusb/src/class/cdc/cdc_device.c.obj
                0x10006a38                cdcd_open
 .text.cdcd_control_xfer_cb
                0x10006b30      0x134 CMakeFiles/IoT_Sensor_Node.dir/C_/VSARM/sdk/pico/pico-sdk/lib/tinyusb/src/class/cdc/cdc_device.c.obj
                0x10006b30                cdcd_control_xfer_cb
 .text.cdcd_xfer_cb
                0x10006c64      0x144 CMakeFiles/IoT_Sensor_Node.dir/C_/VSARM/sdk/pico/pico-sdk/lib/tinyusb/src/class/cdc/cdc_device.c.obj
                0x10006c64                cdcd_xfer_cb
 .text.tusb_init
                0x10006da8       0x24 CMakeFiles/IoT_Sensor_Node.dir/C_/VSARM/sdk/pico/pico-sdk/lib/tinyusb/src/tusb.c.obj
                0x10006da8                tusb_init
 .text.tusb_inited
                0x10006dcc        0xe CMakeFiles/IoT_Sensor_Node.dir/C_/VSARM/sdk/pico/pico-sdk/lib/tinyusb/src/tusb.c.obj
                0x10006dcc                tusb_inited
 *fill*         0x10006dda        0x2 
 .text.tu_edpt_validate
                0x10006ddc       0xa8 CMakeFiles/IoT_Sensor_Node.dir/C_/VSARM/sdk/pico/pico-sdk/lib/tinyusb/src/tusb.c.obj
                0x10006ddc                tu_edpt_validate
 .text.tu_edpt_bind_driver
                0x10006e84       0x2a CMakeFiles/IoT_Sensor_Node.dir/C_/VSARM/sdk/pico/pico-sdk/lib/tinyusb/src/tusb.c.obj
                0x10006e84                tu_edpt_bind_driver
 .text.advance_pointer
                0x10006eae       0x18 CMakeFiles/IoT_Sensor_Node.dir/C_/VSARM/sdk/pico/pico-sdk/lib/tinyusb/src/common/tusb_fifo.c.obj
 .text.backward_pointer
                0x10006ec6       0x1e CMakeFiles/IoT_Sensor_Node.dir/C_/VSARM/sdk/pico/pico-sdk/lib/tinyusb/src/common/tusb_fifo.c.obj
 .text.get_relative_pointer
                0x10006ee4       0x10 CMakeFiles/IoT_Sensor_Node.dir/C_/VSARM/sdk/pico/pico-sdk/lib/tinyusb/src/common/tusb_fifo.c.obj
 .text._tu_fifo_peek
                0x10006ef4       0x50 CMakeFiles/IoT_Sensor_Node.dir/C_/VSARM/sdk/pico/pico-sdk/lib/tinyusb/src/common/tusb_fifo.c.obj
 .text._ff_pull_const_addr
                0x10006f44       0x4c CMakeFiles/IoT_Sensor_Node.dir/C_/VSARM/sdk/pico/pico-sdk/lib/tinyusb/src/common/tusb_fifo.c.obj
 .text._ff_pull_n
                0x10006f90      0x10c CMakeFiles/IoT_Sensor_Node.dir/C_/VSARM/sdk/pico/pico-sdk/lib/tinyusb/src/common/tusb_fifo.c.obj
 .text._tu_fifo_peek_n
                0x1000709c       0x5e CMakeFiles/IoT_Sensor_Node.dir/C_/VSARM/sdk/pico/pico-sdk/lib/tinyusb/src/common/tusb_fifo.c.obj
 .text._tu_fifo_read_n
                0x100070fa       0x4e CMakeFiles/IoT_Sensor_Node.dir/C_/VSARM/sdk/pico/pico-sdk/lib/tinyusb/src/common/tusb_fifo.c.obj
 .text._ff_push_const_addr
                0x10007148       0x40 CMakeFiles/IoT_Sensor_Node.dir/C_/VSARM/sdk/pico/pico-sdk/lib/tinyusb/src/common/tusb_fifo.c.obj
 .text._ff_push_n
                0x10007188      0x108 CMakeFiles/IoT_Sensor_Node.dir/C_/VSARM/sdk/pico/pico-sdk/lib/tinyusb/src/common/tusb_fifo.c.obj
 .text._tu_fifo_write_n
                0x10007290       0x9e CMakeFiles/IoT_Sensor_Node.dir/C_/VSARM/sdk/pico/pico-sdk/lib/tinyusb/src/common/tusb_fifo.c.obj
 .text.tu_fifo_config
                0x1000732e       0x72 CMakeFiles/IoT_Sensor_Node.dir/C_/VSARM/sdk/pico/pico-sdk/lib/tinyusb/src/common/tusb_fifo.c.obj
                0x1000732e                tu_fifo_config
 .text.tu_fifo_count
                0x100073a0       0x26 CMakeFiles/IoT_Sensor_Node.dir/C_/VSARM/sdk/pico/pico-sdk/lib/tinyusb/src/common/tusb_fifo.c.obj
                0x100073a0                tu_fifo_count
 .text.tu_fifo_empty
                0x100073c6       0x10 CMakeFiles/IoT_Sensor_Node.dir/C_/VSARM/sdk/pico/pico-sdk/lib/tinyusb/src/common/tusb_fifo.c.obj
                0x100073c6                tu_fifo_empty
 .text.tu_fifo_remaining
                0x100073d6       0x20 CMakeFiles/IoT_Sensor_Node.dir/C_/VSARM/sdk/pico/pico-sdk/lib/tinyusb/src/common/tusb_fifo.c.obj
                0x100073d6                tu_fifo_remaining
 .text.tu_fifo_read
                0x100073f6       0x42 CMakeFiles/IoT_Sensor_Node.dir/C_/VSARM/sdk/pico/pico-sdk/lib/tinyusb/src/common/tusb_fifo.c.obj
                0x100073f6                tu_fifo_read
 .text.tu_fifo_read_n
                0x10007438        0xa CMakeFiles/IoT_Sensor_Node.dir/C_/VSARM/sdk/pico/pico-sdk/lib/tinyusb/src/common/tusb_fifo.c.obj
                0x10007438                tu_fifo_read_n
 .text.tu_fifo_write
                0x10007442       0x6c CMakeFiles/IoT_Sensor_Node.dir/C_/VSARM/sdk/pico/pico-sdk/lib/tinyusb/src/common/tusb_fifo.c.obj
                0x10007442                tu_fifo_write
 .text.tu_fifo_write_n
                0x100074ae        0xa CMakeFiles/IoT_Sensor_Node.dir/C_/VSARM/sdk/pico/pico-sdk/lib/tinyusb/src/common/tusb_fifo.c.obj
                0x100074ae                tu_fifo_write_n
 .text.tu_fifo_clear
                0x100074b8       0x4c CMakeFiles/IoT_Sensor_Node.dir/C_/VSARM/sdk/pico/pico-sdk/lib/tinyusb/src/common/tusb_fifo.c.obj
                0x100074b8                tu_fifo_clear
 .text.tu_fifo_set_overwritable
                0x10007504       0x3c CMakeFiles/IoT_Sensor_Node.dir/C_/VSARM/sdk/pico/pico-sdk/lib/tinyusb/src/common/tusb_fifo.c.obj
                0x10007504                tu_fifo_set_overwritable
 .text._retrieve_unique_id_on_boot
                0x10007540       0x10 CMakeFiles/IoT_Sensor_Node.dir/C_/VSARM/sdk/pico/pico-sdk/src/rp2_common/pico_unique_id/unique_id.c.obj
 .text.pico_get_unique_board_id_string
                0x10007550       0x60 CMakeFiles/IoT_Sensor_Node.dir/C_/VSARM/sdk/pico/pico-sdk/src/rp2_common/pico_unique_id/unique_id.c.obj
                0x10007550                pico_get_unique_board_id_string
 .text.flash_get_unique_id
                0x100075b0       0x46 CMakeFiles/IoT_Sensor_Node.dir/C_/VSARM/sdk/pico/pico-sdk/src/rp2_common/hardware_flash/flash.c.obj
                0x100075b0                flash_get_unique_id
 .text.i2c_write_blocking_internal
                0x100075f6      0x140 CMakeFiles/IoT_Sensor_Node.dir/C_/VSARM/sdk/pico/pico-sdk/src/rp2_common/hardware_i2c/i2c.c.obj
 .text.i2c_read_blocking_internal
                0x10007736       0xe6 CMakeFiles/IoT_Sensor_Node.dir/C_/VSARM/sdk/pico/pico-sdk/src/rp2_common/hardware_i2c/i2c.c.obj
 .text.i2c_set_baudrate
                0x1000781c       0xf0 CMakeFiles/IoT_Sensor_Node.dir/C_/VSARM/sdk/pico/pico-sdk/src/rp2_common/hardware_i2c/i2c.c.obj
                0x1000781c                i2c_set_baudrate
 .text.i2c_init
                0x1000790c       0x58 CMakeFiles/IoT_Sensor_Node.dir/C_/VSARM/sdk/pico/pico-sdk/src/rp2_common/hardware_i2c/i2c.c.obj
                0x1000790c                i2c_init
 .text.i2c_write_blocking
                0x10007964       0x18 CMakeFiles/IoT_Sensor_Node.dir/C_/VSARM/sdk/pico/pico-sdk/src/rp2_common/hardware_i2c/i2c.c.obj
                0x10007964                i2c_write_blocking
 .text.i2c_read_blocking
                0x1000797c       0x18 CMakeFiles/IoT_Sensor_Node.dir/C_/VSARM/sdk/pico/pico-sdk/src/rp2_common/hardware_i2c/i2c.c.obj
                0x1000797c                i2c_read_blocking
 .text.strlen   0x10007994       0x5c c:/vsarm/armcc/102021~1.10/bin/../lib/gcc/arm-none-eabi/10.3.1/../../../../arm-none-eabi/lib/thumb/v6-m/nofp\libg.a(lib_a-strlen-stub.o)
                0x10007994                strlen
 *(.fini)
 .fini          0x100079f0        0x4 c:/vsarm/armcc/102021~1.10/bin/../lib/gcc/arm-none-eabi/10.3.1/thumb/v6-m/nofp/crti.o
                0x100079f0                _fini
 *fill*         0x100079f4        0x4 
 .fini.__stub   0x100079f8       0x70 linker stubs
 *crtbegin.o(.ctors)
 *crtbegin?.o(.ctors)
 *(EXCLUDE_FILE(*crtend.o *crtend?.o) .ctors)
 *(SORT_BY_NAME(.ctors.*))
 *(.ctors)
 *crtbegin.o(.dtors)
 *crtbegin?.o(.dtors)
 *(EXCLUDE_FILE(*crtend.o *crtend?.o) .dtors)
 *(SORT_BY_NAME(.dtors.*))
 *(.dtors)
 *(.eh_frame*)
 .eh_frame      0x10007a68        0x0 c:/vsarm/armcc/102021~1.10/bin/../lib/gcc/arm-none-eabi/10.3.1/thumb/v6-m/nofp/crtbegin.o
                0x10007a68                . = ALIGN (0x4)

.glue_7         0x10007a68        0x0
 .glue_7        0x10007a68        0x0 linker stubs

.glue_7t        0x10007a68        0x0
 .glue_7t       0x10007a68        0x0 linker stubs

.vfp11_veneer   0x10007a68        0x0
 .vfp11_veneer  0x10007a68        0x0 linker stubs

.v4_bx          0x10007a68        0x0
 .v4_bx         0x10007a68        0x0 linker stubs

.iplt           0x10007a68        0x0
 .iplt          0x10007a68        0x0 c:/vsarm/armcc/102021~1.10/bin/../lib/gcc/arm-none-eabi/10.3.1/thumb/v6-m/nofp/crtbegin.o

.rodata         0x10007a68     0x1870
 *(EXCLUDE_FILE(*libm.a: *libc.a:*lib_a-mem*.o *libgcc.a:) .rodata*)
 .rodata.main.str1.4
                0x10007a68      0x123 CMakeFiles/IoT_Sensor_Node.dir/main.c.obj
                                0x12b (size before relaxing)
 *fill*         0x10007b8b        0x1 
 .rodata.spin_lock_claim_unused.str1.4
                0x10007b8c       0x1b CMakeFiles/IoT_Sensor_Node.dir/C_/VSARM/sdk/pico/pico-sdk/src/rp2_common/hardware_sync/sync.c.obj
 *fill*         0x10007ba7        0x1 
 .rodata.make_branch.str1.4
                0x10007ba8       0x6d CMakeFiles/IoT_Sensor_Node.dir/C_/VSARM/sdk/pico/pico-sdk/src/rp2_common/hardware_irq/irq.c.obj
 *fill*         0x10007c15        0x3 
 .rodata.insert_branch_and_link.str1.4
                0x10007c18       0x10 CMakeFiles/IoT_Sensor_Node.dir/C_/VSARM/sdk/pico/pico-sdk/src/rp2_common/hardware_irq/irq.c.obj
 .rodata.irq_set_exclusive_handler.str1.4
                0x10007c28       0x36 CMakeFiles/IoT_Sensor_Node.dir/C_/VSARM/sdk/pico/pico-sdk/src/rp2_common/hardware_irq/irq.c.obj
 *fill*         0x10007c5e        0x2 
 .rodata.irq_add_shared_handler.str1.4
                0x10007c60       0xd9 CMakeFiles/IoT_Sensor_Node.dir/C_/VSARM/sdk/pico/pico-sdk/src/rp2_common/hardware_irq/irq.c.obj
 *fill*         0x10007d39        0x3 
 .rodata.irq_remove_handler.str1.4
                0x10007d3c       0x2a CMakeFiles/IoT_Sensor_Node.dir/C_/VSARM/sdk/pico/pico-sdk/src/rp2_common/hardware_irq/irq.c.obj
 *fill*         0x10007d66        0x2 
 .rodata.irq_add_tail_to_free_list.str1.4
                0x10007d68       0x3a CMakeFiles/IoT_Sensor_Node.dir/C_/VSARM/sdk/pico/pico-sdk/src/rp2_common/hardware_irq/irq.c.obj
 *fill*         0x10007da2        0x2 
 .rodata.user_irq_claim_unused.str1.4
                0x10007da4       0x1b CMakeFiles/IoT_Sensor_Node.dir/C_/VSARM/sdk/pico/pico-sdk/src/rp2_common/hardware_irq/irq.c.obj
 *fill*         0x10007dbf        0x1 
 .rodata.__func__.0
                0x10007dc0       0x1a CMakeFiles/IoT_Sensor_Node.dir/C_/VSARM/sdk/pico/pico-sdk/src/rp2_common/hardware_irq/irq.c.obj
 *fill*         0x10007dda        0x2 
 .rodata.__func__.1
                0x10007ddc       0x17 CMakeFiles/IoT_Sensor_Node.dir/C_/VSARM/sdk/pico/pico-sdk/src/rp2_common/hardware_irq/irq.c.obj
 *fill*         0x10007df3        0x1 
 .rodata.__func__.2
                0x10007df4       0x13 CMakeFiles/IoT_Sensor_Node.dir/C_/VSARM/sdk/pico/pico-sdk/src/rp2_common/hardware_irq/irq.c.obj
 *fill*         0x10007e07        0x1 
 .rodata.__func__.3
                0x10007e08        0xc CMakeFiles/IoT_Sensor_Node.dir/C_/VSARM/sdk/pico/pico-sdk/src/rp2_common/hardware_irq/irq.c.obj
 .rodata.__func__.4
                0x10007e14        0xf CMakeFiles/IoT_Sensor_Node.dir/C_/VSARM/sdk/pico/pico-sdk/src/rp2_common/hardware_irq/irq.c.obj
 *fill*         0x10007e23        0x1 
 .rodata.__func__.5
                0x10007e24       0x17 CMakeFiles/IoT_Sensor_Node.dir/C_/VSARM/sdk/pico/pico-sdk/src/rp2_common/hardware_irq/irq.c.obj
 *fill*         0x10007e3b        0x1 
 .rodata.__func__.6
                0x10007e3c       0x1a CMakeFiles/IoT_Sensor_Node.dir/C_/VSARM/sdk/pico/pico-sdk/src/rp2_common/hardware_irq/irq.c.obj
 *fill*         0x10007e56        0x2 
 .rodata.repeating_timer_callback.str1.4
                0x10007e58       0x4b CMakeFiles/IoT_Sensor_Node.dir/C_/VSARM/sdk/pico/pico-sdk/src/common/pico_time/time.c.obj
 *fill*         0x10007ea3        0x1 
 .rodata.alarm_pool_dump_key.str1.4
                0x10007ea4       0x33 CMakeFiles/IoT_Sensor_Node.dir/C_/VSARM/sdk/pico/pico-sdk/src/common/pico_time/time.c.obj
 *fill*         0x10007ed7        0x1 
 .rodata.ph_add_child_node.str1.4
                0x10007ed8       0x96 CMakeFiles/IoT_Sensor_Node.dir/C_/VSARM/sdk/pico/pico-sdk/src/common/pico_time/time.c.obj
 *fill*         0x10007f6e        0x2 
 .rodata.add_alarm_under_lock.str1.4
                0x10007f70       0x28 CMakeFiles/IoT_Sensor_Node.dir/C_/VSARM/sdk/pico/pico-sdk/src/common/pico_time/time.c.obj
                                 0x2b (size before relaxing)
 .rodata.alarm_pool_alarm_callback.str1.4
                0x10007f98       0xe6 CMakeFiles/IoT_Sensor_Node.dir/C_/VSARM/sdk/pico/pico-sdk/src/common/pico_time/time.c.obj
 *fill*         0x1000807e        0x2 
 .rodata.alarm_pool_get_default.str1.4
                0x10008080       0x21 CMakeFiles/IoT_Sensor_Node.dir/C_/VSARM/sdk/pico/pico-sdk/src/common/pico_time/time.c.obj
 *fill*         0x100080a1        0x3 
 .rodata.alarm_pool_cancel_alarm.str1.4
                0x100080a4       0x27 CMakeFiles/IoT_Sensor_Node.dir/C_/VSARM/sdk/pico/pico-sdk/src/common/pico_time/time.c.obj
 *fill*         0x100080cb        0x1 
 .rodata.sleep_until.str1.4
                0x100080cc       0x4d CMakeFiles/IoT_Sensor_Node.dir/C_/VSARM/sdk/pico/pico-sdk/src/common/pico_time/time.c.obj
 *fill*         0x10008119        0x3 
 .rodata.__func__.1
                0x1000811c       0x18 CMakeFiles/IoT_Sensor_Node.dir/C_/VSARM/sdk/pico/pico-sdk/src/common/pico_time/time.c.obj
 .rodata.__func__.10
                0x10008134       0x15 CMakeFiles/IoT_Sensor_Node.dir/C_/VSARM/sdk/pico/pico-sdk/src/common/pico_time/time.c.obj
 *fill*         0x10008149        0x3 
 .rodata.__func__.11
                0x1000814c       0x1a CMakeFiles/IoT_Sensor_Node.dir/C_/VSARM/sdk/pico/pico-sdk/src/common/pico_time/time.c.obj
 *fill*         0x10008166        0x2 
 .rodata.__func__.12
                0x10008168        0xa CMakeFiles/IoT_Sensor_Node.dir/C_/VSARM/sdk/pico/pico-sdk/src/common/pico_time/time.c.obj
 *fill*         0x10008172        0x2 
 .rodata.__func__.3
                0x10008174       0x17 CMakeFiles/IoT_Sensor_Node.dir/C_/VSARM/sdk/pico/pico-sdk/src/common/pico_time/time.c.obj
 *fill*         0x1000818b        0x1 
 .rodata.__func__.4
                0x1000818c       0x12 CMakeFiles/IoT_Sensor_Node.dir/C_/VSARM/sdk/pico/pico-sdk/src/common/pico_time/time.c.obj
 *fill*         0x1000819e        0x2 
 .rodata.__func__.5
                0x100081a0        0xd CMakeFiles/IoT_Sensor_Node.dir/C_/VSARM/sdk/pico/pico-sdk/src/common/pico_time/time.c.obj
 *fill*         0x100081ad        0x3 
 .rodata.__func__.6
                0x100081b0       0x12 CMakeFiles/IoT_Sensor_Node.dir/C_/VSARM/sdk/pico/pico-sdk/src/common/pico_time/time.c.obj
 *fill*         0x100081c2        0x2 
 .rodata.__func__.7
                0x100081c4        0xf CMakeFiles/IoT_Sensor_Node.dir/C_/VSARM/sdk/pico/pico-sdk/src/common/pico_time/time.c.obj
 *fill*         0x100081d3        0x1 
 .rodata.__func__.8
                0x100081d4        0xc CMakeFiles/IoT_Sensor_Node.dir/C_/VSARM/sdk/pico/pico-sdk/src/common/pico_time/time.c.obj
 .rodata.__func__.9
                0x100081e0       0x15 CMakeFiles/IoT_Sensor_Node.dir/C_/VSARM/sdk/pico/pico-sdk/src/common/pico_time/time.c.obj
 *fill*         0x100081f5        0x3 
 .rodata.hardware_alarm_claim.str1.4
                0x100081f8       0x22 CMakeFiles/IoT_Sensor_Node.dir/C_/VSARM/sdk/pico/pico-sdk/src/rp2_common/hardware_timer/timer.c.obj
 *fill*         0x1000821a        0x2 
 .rodata.hardware_alarm_set_target.str1.4
                0x1000821c       0x65 CMakeFiles/IoT_Sensor_Node.dir/C_/VSARM/sdk/pico/pico-sdk/src/rp2_common/hardware_timer/timer.c.obj
 *fill*         0x10008281        0x3 
 .rodata.__func__.0
                0x10008284       0x1a CMakeFiles/IoT_Sensor_Node.dir/C_/VSARM/sdk/pico/pico-sdk/src/rp2_common/hardware_timer/timer.c.obj
 .rodata.ph_add_child_node.str1.4
                0x1000829e       0x96 CMakeFiles/IoT_Sensor_Node.dir/C_/VSARM/sdk/pico/pico-sdk/src/common/pico_util/pheap.c.obj
 *fill*         0x1000829e        0x2 
 .rodata.ph_remove_any_head.str1.4
                0x100082a0       0x8c CMakeFiles/IoT_Sensor_Node.dir/C_/VSARM/sdk/pico/pico-sdk/src/common/pico_util/pheap.c.obj
 .rodata.ph_remove_and_free_node.str1.4
                0x1000832c       0x1e CMakeFiles/IoT_Sensor_Node.dir/C_/VSARM/sdk/pico/pico-sdk/src/common/pico_util/pheap.c.obj
                                 0x26 (size before relaxing)
 *fill*         0x1000834a        0x2 
 .rodata.__func__.0
                0x1000834c       0x18 CMakeFiles/IoT_Sensor_Node.dir/C_/VSARM/sdk/pico/pico-sdk/src/common/pico_util/pheap.c.obj
 .rodata.__func__.1
                0x10008364       0x13 CMakeFiles/IoT_Sensor_Node.dir/C_/VSARM/sdk/pico/pico-sdk/src/common/pico_util/pheap.c.obj
 *fill*         0x10008377        0x1 
 .rodata.__func__.2
                0x10008378       0x12 CMakeFiles/IoT_Sensor_Node.dir/C_/VSARM/sdk/pico/pico-sdk/src/common/pico_util/pheap.c.obj
 *fill*         0x1000838a        0x2 
 .rodata.__func__.3
                0x1000838c        0xc CMakeFiles/IoT_Sensor_Node.dir/C_/VSARM/sdk/pico/pico-sdk/src/common/pico_util/pheap.c.obj
 .rodata.str1.4
                0x10008398       0x89 CMakeFiles/IoT_Sensor_Node.dir/C_/VSARM/sdk/pico/pico-sdk/src/common/pico_sync/mutex.c.obj
                                 0xed (size before relaxing)
 *fill*         0x10008421        0x3 
 .rodata.__func__.1
                0x10008424        0xb CMakeFiles/IoT_Sensor_Node.dir/C_/VSARM/sdk/pico/pico-sdk/src/common/pico_sync/mutex.c.obj
 *fill*         0x1000842f        0x1 
 .rodata.__func__.3
                0x10008430       0x18 CMakeFiles/IoT_Sensor_Node.dir/C_/VSARM/sdk/pico/pico-sdk/src/common/pico_sync/mutex.c.obj
 .rodata.__func__.4
                0x10008448       0x15 CMakeFiles/IoT_Sensor_Node.dir/C_/VSARM/sdk/pico/pico-sdk/src/common/pico_sync/mutex.c.obj
 *fill*         0x1000845d        0x3 
 .rodata.__assert_func.str1.4
                0x10008460       0x3f CMakeFiles/IoT_Sensor_Node.dir/C_/VSARM/sdk/pico/pico-sdk/src/rp2_common/pico_runtime/runtime.c.obj
                                 0x43 (size before relaxing)
 *fill*         0x1000849f        0x1 
 .rodata.runtime_init.str1.4
                0x100084a0       0x61 CMakeFiles/IoT_Sensor_Node.dir/C_/VSARM/sdk/pico/pico-sdk/src/rp2_common/pico_runtime/runtime.c.obj
 *fill*         0x10008501        0x3 
 .rodata.panic.str1.4
                0x10008504       0x10 CMakeFiles/IoT_Sensor_Node.dir/C_/VSARM/sdk/pico/pico-sdk/src/rp2_common/pico_runtime/runtime.c.obj
                                 0x12 (size before relaxing)
 .rodata.__func__.1
                0x10008514        0xd CMakeFiles/IoT_Sensor_Node.dir/C_/VSARM/sdk/pico/pico-sdk/src/rp2_common/pico_runtime/runtime.c.obj
 *fill*         0x10008521        0x3 
 .rodata.clock_configure.str1.4
                0x10008524       0x57 CMakeFiles/IoT_Sensor_Node.dir/C_/VSARM/sdk/pico/pico-sdk/src/rp2_common/hardware_clocks/clocks.c.obj
 *fill*         0x1000857b        0x1 
 .rodata.__func__.1
                0x1000857c       0x10 CMakeFiles/IoT_Sensor_Node.dir/C_/VSARM/sdk/pico/pico-sdk/src/rp2_common/hardware_clocks/clocks.c.obj
 .rodata.pll_init.str1.4
                0x1000858c      0x13b CMakeFiles/IoT_Sensor_Node.dir/C_/VSARM/sdk/pico/pico-sdk/src/rp2_common/hardware_pll/pll.c.obj
 *fill*         0x100086c7        0x1 
 .rodata.__func__.0
                0x100086c8        0x9 CMakeFiles/IoT_Sensor_Node.dir/C_/VSARM/sdk/pico/pico-sdk/src/rp2_common/hardware_pll/pll.c.obj
 *fill*         0x100086d1        0x3 
 .rodata._ftoa.str1.4
                0x100086d4       0x15 CMakeFiles/IoT_Sensor_Node.dir/C_/VSARM/sdk/pico/pico-sdk/src/rp2_common/pico_printf/printf.c.obj
 *fill*         0x100086e9        0x3 
 .rodata._vsnprintf
                0x100086ec      0x1e0 CMakeFiles/IoT_Sensor_Node.dir/C_/VSARM/sdk/pico/pico-sdk/src/rp2_common/pico_printf/printf.c.obj
 *fill*         0x100088cc        0x4 
 .rodata.pow10.0
                0x100088d0       0x50 CMakeFiles/IoT_Sensor_Node.dir/C_/VSARM/sdk/pico/pico-sdk/src/rp2_common/pico_printf/printf.c.obj
 .rodata.__aeabi_double_init.str1.4
                0x10008920       0xa8 CMakeFiles/IoT_Sensor_Node.dir/C_/VSARM/sdk/pico/pico-sdk/src/rp2_common/pico_double/double_init_rom.c.obj
 .rodata.__func__.0
                0x100089c8       0x14 CMakeFiles/IoT_Sensor_Node.dir/C_/VSARM/sdk/pico/pico-sdk/src/rp2_common/pico_double/double_init_rom.c.obj
 .rodata.__aeabi_float_init.str1.4
                0x100089dc       0x7a CMakeFiles/IoT_Sensor_Node.dir/C_/VSARM/sdk/pico/pico-sdk/src/rp2_common/pico_float/float_init_rom.c.obj
                                 0x7e (size before relaxing)
 *fill*         0x10008a56        0x2 
 .rodata.__func__.0
                0x10008a58       0x13 CMakeFiles/IoT_Sensor_Node.dir/C_/VSARM/sdk/pico/pico-sdk/src/rp2_common/pico_float/float_init_rom.c.obj
 *fill*         0x10008a6b        0x1 
 .rodata.str1.4
                0x10008a6c       0x44 CMakeFiles/IoT_Sensor_Node.dir/C_/VSARM/sdk/pico/pico-sdk/src/rp2_common/pico_standard_link/binary_info.c.obj
 .rodata.__bi_44
                0x10008ab0        0xc CMakeFiles/IoT_Sensor_Node.dir/C_/VSARM/sdk/pico/pico-sdk/src/rp2_common/pico_standard_link/binary_info.c.obj
 .rodata.__bi_75
                0x10008abc        0xc CMakeFiles/IoT_Sensor_Node.dir/C_/VSARM/sdk/pico/pico-sdk/src/rp2_common/pico_standard_link/binary_info.c.obj
 .rodata.__bi_81
                0x10008ac8        0xc CMakeFiles/IoT_Sensor_Node.dir/C_/VSARM/sdk/pico/pico-sdk/src/rp2_common/pico_standard_link/binary_info.c.obj
 .rodata.crlf_str.3
                0x10008ad4        0x2 CMakeFiles/IoT_Sensor_Node.dir/C_/VSARM/sdk/pico/pico-sdk/src/rp2_common/pico_stdio/stdio.c.obj
 *fill*         0x10008ad6        0x2 
 .rodata._resetd_driver
                0x10008ad8       0x18 CMakeFiles/IoT_Sensor_Node.dir/C_/VSARM/sdk/pico/pico-sdk/src/rp2_common/pico_stdio_usb/reset_interface.c.obj
 .rodata.timer_task.str1.4
                0x10008af0       0x6d CMakeFiles/IoT_Sensor_Node.dir/C_/VSARM/sdk/pico/pico-sdk/src/rp2_common/pico_stdio_usb/stdio_usb.c.obj
 .rodata.stdio_usb_init.str1.4
                0x10008b5d       0x61 CMakeFiles/IoT_Sensor_Node.dir/C_/VSARM/sdk/pico/pico-sdk/src/rp2_common/pico_stdio_usb/stdio_usb.c.obj
 *fill*         0x10008b5d        0x3 
 .rodata.str1.4
                0x10008b60       0x13 CMakeFiles/IoT_Sensor_Node.dir/C_/VSARM/sdk/pico/pico-sdk/src/rp2_common/pico_stdio_usb/stdio_usb.c.obj
 *fill*         0x10008b73        0x1 
 .rodata.__bi_118.2
                0x10008b74        0xc CMakeFiles/IoT_Sensor_Node.dir/C_/VSARM/sdk/pico/pico-sdk/src/rp2_common/pico_stdio_usb/stdio_usb.c.obj
 .rodata.__func__.0
                0x10008b80       0x15 CMakeFiles/IoT_Sensor_Node.dir/C_/VSARM/sdk/pico/pico-sdk/src/rp2_common/pico_stdio_usb/stdio_usb.c.obj
 *fill*         0x10008b95        0x3 
 .rodata.__func__.1
                0x10008b98        0xb CMakeFiles/IoT_Sensor_Node.dir/C_/VSARM/sdk/pico/pico-sdk/src/rp2_common/pico_stdio_usb/stdio_usb.c.obj
 *fill*         0x10008ba3        0x1 
 .rodata.str1.4
                0x10008ba4       0x2a CMakeFiles/IoT_Sensor_Node.dir/C_/VSARM/sdk/pico/pico-sdk/src/rp2_common/pico_stdio_usb/stdio_usb_descriptors.c.obj
 *fill*         0x10008bce        0x2 
 .rodata.usbd_desc_cfg
                0x10008bd0       0x54 CMakeFiles/IoT_Sensor_Node.dir/C_/VSARM/sdk/pico/pico-sdk/src/rp2_common/pico_stdio_usb/stdio_usb_descriptors.c.obj
 .rodata.usbd_desc_device
                0x10008c24       0x12 CMakeFiles/IoT_Sensor_Node.dir/C_/VSARM/sdk/pico/pico-sdk/src/rp2_common/pico_stdio_usb/stdio_usb_descriptors.c.obj
 *fill*         0x10008c36        0x2 
 .rodata.usbd_desc_str
                0x10008c38       0x18 CMakeFiles/IoT_Sensor_Node.dir/C_/VSARM/sdk/pico/pico-sdk/src/rp2_common/pico_stdio_usb/stdio_usb_descriptors.c.obj
 .rodata._hw_endpoint_alloc.str1.4
                0x10008c50       0xb5 CMakeFiles/IoT_Sensor_Node.dir/C_/VSARM/sdk/pico/pico-sdk/lib/tinyusb/src/portable/raspberrypi/rp2040/dcd_rp2040.c.obj
 *fill*         0x10008d05        0x3 
 .rodata.dcd_rp2040_irq.str1.4
                0x10008d08       0x14 CMakeFiles/IoT_Sensor_Node.dir/C_/VSARM/sdk/pico/pico-sdk/lib/tinyusb/src/portable/raspberrypi/rp2040/dcd_rp2040.c.obj
 .rodata.dcd_int_enable.str1.4
                0x10008d1c        0xc CMakeFiles/IoT_Sensor_Node.dir/C_/VSARM/sdk/pico/pico-sdk/lib/tinyusb/src/portable/raspberrypi/rp2040/dcd_rp2040.c.obj
 .rodata.__func__.0
                0x10008d28        0xe CMakeFiles/IoT_Sensor_Node.dir/C_/VSARM/sdk/pico/pico-sdk/lib/tinyusb/src/portable/raspberrypi/rp2040/dcd_rp2040.c.obj
 *fill*         0x10008d36        0x2 
 .rodata.__func__.1
                0x10008d38        0xe CMakeFiles/IoT_Sensor_Node.dir/C_/VSARM/sdk/pico/pico-sdk/lib/tinyusb/src/portable/raspberrypi/rp2040/dcd_rp2040.c.obj
 *fill*         0x10008d46        0x2 
 .rodata.__func__.3
                0x10008d48       0x10 CMakeFiles/IoT_Sensor_Node.dir/C_/VSARM/sdk/pico/pico-sdk/lib/tinyusb/src/portable/raspberrypi/rp2040/dcd_rp2040.c.obj
 .rodata.__func__.5
                0x10008d58        0xf CMakeFiles/IoT_Sensor_Node.dir/C_/VSARM/sdk/pico/pico-sdk/lib/tinyusb/src/portable/raspberrypi/rp2040/dcd_rp2040.c.obj
 *fill*         0x10008d67        0x1 
 .rodata.__func__.6
                0x10008d68       0x13 CMakeFiles/IoT_Sensor_Node.dir/C_/VSARM/sdk/pico/pico-sdk/lib/tinyusb/src/portable/raspberrypi/rp2040/dcd_rp2040.c.obj
 *fill*         0x10008d7b        0x1 
 .rodata.__func__.7
                0x10008d7c        0x9 CMakeFiles/IoT_Sensor_Node.dir/C_/VSARM/sdk/pico/pico-sdk/lib/tinyusb/src/portable/raspberrypi/rp2040/dcd_rp2040.c.obj
 *fill*         0x10008d85        0x3 
 .rodata.sync_ep_buffer.str1.4
                0x10008d88       0x91 CMakeFiles/IoT_Sensor_Node.dir/C_/VSARM/sdk/pico/pico-sdk/lib/tinyusb/src/portable/raspberrypi/rp2040/rp2040_usb.c.obj
 *fill*         0x10008e19        0x3 
 .rodata._hw_endpoint_buffer_control_update32.str1.4
                0x10008e1c       0x1f CMakeFiles/IoT_Sensor_Node.dir/C_/VSARM/sdk/pico/pico-sdk/lib/tinyusb/src/portable/raspberrypi/rp2040/rp2040_usb.c.obj
 *fill*         0x10008e3b        0x1 
 .rodata.hw_endpoint_xfer_start.str1.4
                0x10008e3c       0x38 CMakeFiles/IoT_Sensor_Node.dir/C_/VSARM/sdk/pico/pico-sdk/lib/tinyusb/src/portable/raspberrypi/rp2040/rp2040_usb.c.obj
 .rodata.hw_endpoint_xfer_continue.str1.4
                0x10008e74       0x29 CMakeFiles/IoT_Sensor_Node.dir/C_/VSARM/sdk/pico/pico-sdk/lib/tinyusb/src/portable/raspberrypi/rp2040/rp2040_usb.c.obj
 *fill*         0x10008e9d        0x3 
 .rodata.str1.4
                0x10008ea0        0x7 CMakeFiles/IoT_Sensor_Node.dir/C_/VSARM/sdk/pico/pico-sdk/lib/tinyusb/src/portable/raspberrypi/rp2040/rp2040_usb.c.obj
 *fill*         0x10008ea7        0x1 
 .rodata.__func__.0
                0x10008ea8        0xf CMakeFiles/IoT_Sensor_Node.dir/C_/VSARM/sdk/pico/pico-sdk/lib/tinyusb/src/portable/raspberrypi/rp2040/rp2040_usb.c.obj
 *fill*         0x10008eb7        0x1 
 .rodata.process_set_config.str1.4
                0x10008eb8       0x17 CMakeFiles/IoT_Sensor_Node.dir/C_/VSARM/sdk/pico/pico-sdk/lib/tinyusb/src/device/usbd.c.obj
 *fill*         0x10008ecf        0x1 
 .rodata.process_get_descriptor
                0x10008ed0       0x40 CMakeFiles/IoT_Sensor_Node.dir/C_/VSARM/sdk/pico/pico-sdk/lib/tinyusb/src/device/usbd.c.obj
 .rodata.process_control_request
                0x10008f10       0x28 CMakeFiles/IoT_Sensor_Node.dir/C_/VSARM/sdk/pico/pico-sdk/lib/tinyusb/src/device/usbd.c.obj
 .rodata.tud_task
                0x10008f38       0x24 CMakeFiles/IoT_Sensor_Node.dir/C_/VSARM/sdk/pico/pico-sdk/lib/tinyusb/src/device/usbd.c.obj
 .rodata.__func__.2
                0x10008f5c        0xf CMakeFiles/IoT_Sensor_Node.dir/C_/VSARM/sdk/pico/pico-sdk/lib/tinyusb/src/device/usbd.c.obj
 *fill*         0x10008f6b        0x1 
 .rodata.__func__.3
                0x10008f6c        0xf CMakeFiles/IoT_Sensor_Node.dir/C_/VSARM/sdk/pico/pico-sdk/lib/tinyusb/src/device/usbd.c.obj
 *fill*         0x10008f7b        0x1 
 .rodata.__func__.4
                0x10008f7c       0x14 CMakeFiles/IoT_Sensor_Node.dir/C_/VSARM/sdk/pico/pico-sdk/lib/tinyusb/src/device/usbd.c.obj
 .rodata.__func__.5
                0x10008f90       0x10 CMakeFiles/IoT_Sensor_Node.dir/C_/VSARM/sdk/pico/pico-sdk/lib/tinyusb/src/device/usbd.c.obj
 .rodata.__func__.6
                0x10008fa0       0x17 CMakeFiles/IoT_Sensor_Node.dir/C_/VSARM/sdk/pico/pico-sdk/lib/tinyusb/src/device/usbd.c.obj
 *fill*         0x10008fb7        0x1 
 .rodata.__func__.7
                0x10008fb8       0x13 CMakeFiles/IoT_Sensor_Node.dir/C_/VSARM/sdk/pico/pico-sdk/lib/tinyusb/src/device/usbd.c.obj
 *fill*         0x10008fcb        0x1 
 .rodata.__func__.8
                0x10008fcc       0x18 CMakeFiles/IoT_Sensor_Node.dir/C_/VSARM/sdk/pico/pico-sdk/lib/tinyusb/src/device/usbd.c.obj
 .rodata.__func__.9
                0x10008fe4        0x9 CMakeFiles/IoT_Sensor_Node.dir/C_/VSARM/sdk/pico/pico-sdk/lib/tinyusb/src/device/usbd.c.obj
 *fill*         0x10008fed        0x3 
 .rodata._usbd_driver
                0x10008ff0       0x18 CMakeFiles/IoT_Sensor_Node.dir/C_/VSARM/sdk/pico/pico-sdk/lib/tinyusb/src/device/usbd.c.obj
 .rodata.tud_control_xfer.str1.4
                0x10009008       0x17 CMakeFiles/IoT_Sensor_Node.dir/C_/VSARM/sdk/pico/pico-sdk/lib/tinyusb/src/device/usbd_control.c.obj
 .rodata.__func__.0
                0x10009008       0x15 CMakeFiles/IoT_Sensor_Node.dir/C_/VSARM/sdk/pico/pico-sdk/lib/tinyusb/src/device/usbd_control.c.obj
 *fill*         0x1000901d        0x3 
 .rodata.__func__.1
                0x10009020       0x11 CMakeFiles/IoT_Sensor_Node.dir/C_/VSARM/sdk/pico/pico-sdk/lib/tinyusb/src/device/usbd_control.c.obj
 .rodata.tud_cdc_n_write_flush.str1.4
                0x10009031       0x17 CMakeFiles/IoT_Sensor_Node.dir/C_/VSARM/sdk/pico/pico-sdk/lib/tinyusb/src/class/cdc/cdc_device.c.obj
 *fill*         0x10009031        0x3 
 .rodata.__func__.0
                0x10009034        0xd CMakeFiles/IoT_Sensor_Node.dir/C_/VSARM/sdk/pico/pico-sdk/lib/tinyusb/src/class/cdc/cdc_device.c.obj
 *fill*         0x10009041        0x3 
 .rodata.__func__.1
                0x10009044        0xa CMakeFiles/IoT_Sensor_Node.dir/C_/VSARM/sdk/pico/pico-sdk/lib/tinyusb/src/class/cdc/cdc_device.c.obj
 *fill*         0x1000904e        0x2 
 .rodata.__func__.2
                0x10009050       0x16 CMakeFiles/IoT_Sensor_Node.dir/C_/VSARM/sdk/pico/pico-sdk/lib/tinyusb/src/class/cdc/cdc_device.c.obj
 .rodata.tusb_init.str1.4
                0x10009066       0x17 CMakeFiles/IoT_Sensor_Node.dir/C_/VSARM/sdk/pico/pico-sdk/lib/tinyusb/src/tusb.c.obj
 *fill*         0x10009066        0x2 
 .rodata.__func__.0
                0x10009068       0x11 CMakeFiles/IoT_Sensor_Node.dir/C_/VSARM/sdk/pico/pico-sdk/lib/tinyusb/src/tusb.c.obj
 *fill*         0x10009079        0x3 
 .rodata.__func__.1
                0x1000907c        0xa CMakeFiles/IoT_Sensor_Node.dir/C_/VSARM/sdk/pico/pico-sdk/lib/tinyusb/src/tusb.c.obj
 *fill*         0x10009086        0x2 
 .rodata.pico_get_unique_board_id_string.str1.4
                0x10009088       0x4d CMakeFiles/IoT_Sensor_Node.dir/C_/VSARM/sdk/pico/pico-sdk/src/rp2_common/pico_unique_id/unique_id.c.obj
 *fill*         0x100090d5        0x3 
 .rodata.__func__.0
                0x100090d8       0x20 CMakeFiles/IoT_Sensor_Node.dir/C_/VSARM/sdk/pico/pico-sdk/src/rp2_common/pico_unique_id/unique_id.c.obj
 .rodata.str1.4
                0x100090f8      0x15a CMakeFiles/IoT_Sensor_Node.dir/C_/VSARM/sdk/pico/pico-sdk/src/rp2_common/hardware_flash/flash.c.obj
 *fill*         0x10009252        0x2 
 .rodata.__func__.0
                0x10009254        0xd CMakeFiles/IoT_Sensor_Node.dir/C_/VSARM/sdk/pico/pico-sdk/src/rp2_common/hardware_flash/flash.c.obj
 *fill*         0x10009261        0x3 
 .rodata.i2c_set_baudrate.str1.4
                0x10009264       0x5d CMakeFiles/IoT_Sensor_Node.dir/C_/VSARM/sdk/pico/pico-sdk/src/rp2_common/hardware_i2c/i2c.c.obj
 *fill*         0x100092c1        0x3 
 .rodata.__func__.0
                0x100092c4       0x11 CMakeFiles/IoT_Sensor_Node.dir/C_/VSARM/sdk/pico/pico-sdk/src/rp2_common/hardware_i2c/i2c.c.obj
                0x100092d8                . = ALIGN (0x4)
 *fill*         0x100092d5        0x3 
 *(SORT_BY_ALIGNMENT(SORT_BY_NAME(.flashdata*)))
                0x100092d8                . = ALIGN (0x4)

.rel.dyn        0x100092d8        0x0
 .rel.iplt      0x100092d8        0x0 c:/vsarm/armcc/102021~1.10/bin/../lib/gcc/arm-none-eabi/10.3.1/thumb/v6-m/nofp/crtbegin.o

.ARM.extab
 *(.ARM.extab* .gnu.linkonce.armextab.*)
                0x100092d8                __exidx_start = .

.ARM.exidx
 *(.ARM.exidx* .gnu.linkonce.armexidx.*)
                0x100092d8                __exidx_end = .
                0x100092d8                . = ALIGN (0x4)
                0x100092d8                __binary_info_start = .

.binary_info    0x100092d8       0x20
 *(.binary_info.keep.*)
 .binary_info.keep.__bi_ptr22
                0x100092d8        0x4 CMakeFiles/IoT_Sensor_Node.dir/C_/VSARM/sdk/pico/pico-sdk/src/rp2_common/pico_standard_link/binary_info.c.obj
 .binary_info.keep.__bi_ptr30
                0x100092dc        0x4 CMakeFiles/IoT_Sensor_Node.dir/C_/VSARM/sdk/pico/pico-sdk/src/rp2_common/pico_standard_link/binary_info.c.obj
 .binary_info.keep.__bi_ptr38
                0x100092e0        0x4 CMakeFiles/IoT_Sensor_Node.dir/C_/VSARM/sdk/pico/pico-sdk/src/rp2_common/pico_standard_link/binary_info.c.obj
 .binary_info.keep.__bi_ptr44
                0x100092e4        0x4 CMakeFiles/IoT_Sensor_Node.dir/C_/VSARM/sdk/pico/pico-sdk/src/rp2_common/pico_standard_link/binary_info.c.obj
 .binary_info.keep.__bi_ptr50
                0x100092e8        0x4 CMakeFiles/IoT_Sensor_Node.dir/C_/VSARM/sdk/pico/pico-sdk/src/rp2_common/pico_standard_link/binary_info.c.obj
 .binary_info.keep.__bi_ptr75
                0x100092ec        0x4 CMakeFiles/IoT_Sensor_Node.dir/C_/VSARM/sdk/pico/pico-sdk/src/rp2_common/pico_standard_link/binary_info.c.obj
 .binary_info.keep.__bi_ptr81
                0x100092f0        0x4 CMakeFiles/IoT_Sensor_Node.dir/C_/VSARM/sdk/pico/pico-sdk/src/rp2_common/pico_standard_link/binary_info.c.obj
 *(.binary_info.*)
 .binary_info.__bi_ptr118
                0x100092f4        0x4 CMakeFiles/IoT_Sensor_Node.dir/C_/VSARM/sdk/pico/pico-sdk/src/rp2_common/pico_stdio_usb/stdio_usb.c.obj
                0x100092f8                __binary_info_end = .
                0x100092f8                . = ALIGN (0x4)
                0x100092f8                __etext = .

.ram_vector_table
                0x20000000       0xc0
 *(.ram_vector_table)
 .ram_vector_table
                0x20000000       0xc0 CMakeFiles/IoT_Sensor_Node.dir/C_/VSARM/sdk/pico/pico-sdk/src/rp2_common/pico_runtime/runtime.c.obj
                0x20000000                ram_vector_table

.data           0x200000c0      0x468 load address 0x100092f8
                0x200000c0                __data_start__ = .
 *(vtable)
 *(.time_critical*)
 .time_critical.mutex_enter_blocking
                0x200000c0       0x48 CMakeFiles/IoT_Sensor_Node.dir/C_/VSARM/sdk/pico/pico-sdk/src/common/pico_sync/mutex.c.obj
                0x200000c0                mutex_enter_blocking
 .time_critical.mutex_try_enter
                0x20000108       0x46 CMakeFiles/IoT_Sensor_Node.dir/C_/VSARM/sdk/pico/pico-sdk/src/common/pico_sync/mutex.c.obj
                0x20000108                mutex_try_enter
 *fill*         0x2000014e        0x2 
 .time_critical.mutex_enter_block_until
                0x20000150       0x8c CMakeFiles/IoT_Sensor_Node.dir/C_/VSARM/sdk/pico/pico-sdk/src/common/pico_sync/mutex.c.obj
                0x20000150                mutex_enter_block_until
 .time_critical.mutex_enter_timeout_ms
                0x200001dc       0x74 CMakeFiles/IoT_Sensor_Node.dir/C_/VSARM/sdk/pico/pico-sdk/src/common/pico_sync/mutex.c.obj
                0x200001dc                mutex_enter_timeout_ms
 .time_critical.mutex_exit
                0x20000250       0x4c CMakeFiles/IoT_Sensor_Node.dir/C_/VSARM/sdk/pico/pico-sdk/src/common/pico_sync/mutex.c.obj
                0x20000250                mutex_exit
 .time_critical.flash_init_boot2_copyout
                0x2000029c       0x30 CMakeFiles/IoT_Sensor_Node.dir/C_/VSARM/sdk/pico/pico-sdk/src/rp2_common/hardware_flash/flash.c.obj
 .time_critical.flash_enable_xip_via_boot2
                0x200002cc       0x10 CMakeFiles/IoT_Sensor_Node.dir/C_/VSARM/sdk/pico/pico-sdk/src/rp2_common/hardware_flash/flash.c.obj
 .time_critical.flash_cs_force
                0x200002dc       0x28 CMakeFiles/IoT_Sensor_Node.dir/C_/VSARM/sdk/pico/pico-sdk/src/rp2_common/hardware_flash/flash.c.obj
 .time_critical.flash_do_cmd
                0x20000304       0xd8 CMakeFiles/IoT_Sensor_Node.dir/C_/VSARM/sdk/pico/pico-sdk/src/rp2_common/hardware_flash/flash.c.obj
                0x20000304                flash_do_cmd
 *(.text*)
 .text          0x200003dc        0x4 c:/vsarm/armcc/102021~1.10/bin/../lib/gcc/arm-none-eabi/10.3.1/thumb/v6-m/nofp\libgcc.a(_dvmd_tls.o)
                0x200003dc                __aeabi_idiv0
                0x200003dc                __aeabi_ldiv0
 .text.__stub   0x200003e0       0x40 linker stubs
                0x20000420                . = ALIGN (0x4)
 *(.rodata*)
                0x20000420                . = ALIGN (0x4)
 *(.data*)
 .data.striped_spin_lock_num
                0x20000420        0x1 CMakeFiles/IoT_Sensor_Node.dir/C_/VSARM/sdk/pico/pico-sdk/src/rp2_common/hardware_sync/sync.c.obj
 *fill*         0x20000421        0x3 
 .data          0x20000424       0x48 CMakeFiles/IoT_Sensor_Node.dir/C_/VSARM/sdk/pico/pico-sdk/src/rp2_common/hardware_irq/irq_handler_chain.S.obj
                0x20000424                irq_handler_chain_slots
                0x20000454                irq_handler_chain_first_slot
                0x2000045e                irq_handler_chain_remove_tail
 .data.default_alarm_pool
                0x2000046c       0x18 CMakeFiles/IoT_Sensor_Node.dir/C_/VSARM/sdk/pico/pico-sdk/src/common/pico_time/time.c.obj
 .data.default_alarm_pool_heap
                0x20000484       0x10 CMakeFiles/IoT_Sensor_Node.dir/C_/VSARM/sdk/pico/pico-sdk/src/common/pico_time/time.c.obj
 *fill*         0x20000494        0xc 
 .data.aeabi_bits_funcs
                0x200004a0       0x10 CMakeFiles/IoT_Sensor_Node.dir/C_/VSARM/sdk/pico/pico-sdk/src/rp2_common/pico_bit_ops/bit_ops_aeabi.S.obj
                0x200004a0                aeabi_bits_funcs
                0x200004b0                aeabi_bits_funcs_end
 .data.aeabi_mem_funcs
                0x200004b0       0x10 CMakeFiles/IoT_Sensor_Node.dir/C_/VSARM/sdk/pico/pico-sdk/src/rp2_common/pico_mem_ops/mem_ops_aeabi.S.obj
                0x200004b0                aeabi_mem_funcs
                0x200004c0                aeabi_mem_funcs_end
 .data.stdio_usb
                0x200004c0       0x14 CMakeFiles/IoT_Sensor_Node.dir/C_/VSARM/sdk/pico/pico-sdk/src/rp2_common/pico_stdio_usb/stdio_usb.c.obj
                0x200004c0                stdio_usb
 .data.ep_dir_string
                0x200004d4        0x8 CMakeFiles/IoT_Sensor_Node.dir/C_/VSARM/sdk/pico/pico-sdk/lib/tinyusb/src/portable/raspberrypi/rp2040/rp2040_usb.c.obj
                0x200004d4                ep_dir_string
 .data._usbd_qdef
                0x200004dc       0x24 CMakeFiles/IoT_Sensor_Node.dir/C_/VSARM/sdk/pico/pico-sdk/lib/tinyusb/src/device/usbd.c.obj
                0x200004dc                _usbd_qdef
 .data.i2c0_inst
                0x20000500        0x8 CMakeFiles/IoT_Sensor_Node.dir/C_/VSARM/sdk/pico/pico-sdk/src/rp2_common/hardware_i2c/i2c.c.obj
                0x20000500                i2c0_inst
                0x20000508                . = ALIGN (0x4)
 *(.after_data.*)