Archive member included to satisfy reference by file (symbol)

nec_transmit_library\libnec_transmit_library.a(nec_transmit.c.obj)
                              CMakeFiles/IoT_Sensor_Node.dir/main.c.obj (nec_tx_init)
nec_receive_library\libnec_receive_library.a(nec_receive.c.obj)
                              CMakeFiles/IoT_Sensor_Node.dir/main.c.obj (nec_rx_init)
c:/vsarm/armcc/102021~1.10/bin/../lib/gcc/arm-none-eabi/10.3.1/thumb/v6-m/nofp\libgcc.a(_dvmd_tls.o)
                              CMakeFiles/IoT_Sensor_Node.dir/C_/VSARM/sdk/pico/pico-sdk/src/rp2_common/pico_divider/divider.S.obj (__aeabi_idiv0)
c:/vsarm/armcc/102021~1.10/bin/../lib/gcc/arm-none-eabi/10.3.1/../../../../arm-none-eabi/lib/thumb/v6-m/nofp\libg.a(lib_a-calloc.o)
                              CMakeFiles/IoT_Sensor_Node.dir/C_/VSARM/sdk/pico/pico-sdk/src/rp2_common/pico_malloc/pico_malloc.c.obj (calloc)
c:/vsarm/armcc/102021~1.10/bin/../lib/gcc/arm-none-eabi/10.3.1/../../../../arm-none-eabi/lib/thumb/v6-m/nofp\libg.a(lib_a-callocr.o)
                              c:/vsarm/armcc/102021~1.10/bin/../lib/gcc/arm-none-eabi/10.3.1/../../../../arm-none-eabi/lib/thumb/v6-m/nofp\libg.a(lib_a-calloc.o) (_calloc_r)
c:/vsarm/armcc/102021~1.10/bin/../lib/gcc/arm-none-eabi/10.3.1/../../../../arm-none-eabi/lib/thumb/v6-m/nofp\libg.a(lib_a-ctype_.o)
                              CMakeFiles/IoT_Sensor_Node.dir/C_/VSARM/sdk/pico/pico-sdk/lib/tinyusb/src/tusb.c.obj (_ctype_)
c:/vsarm/armcc/102021~1.10/bin/../lib/gcc/arm-none-eabi/10.3.1/../../../../arm-none-eabi/lib/thumb/v6-m/nofp\libg.a(lib_a-errno.o)
                              c:/vsarm/armcc/102021~1.10/bin/../lib/gcc/arm-none-eabi/10.3.1/../../../../arm-none-eabi/lib/thumb/v6-m/nofp\libg.a(lib_a-callocr.o) (__errno)
c:/vsarm/armcc/102021~1.10/bin/../lib/gcc/arm-none-eabi/10.3.1/../../../../arm-none-eabi/lib/thumb/v6-m/nofp\libg.a(lib_a-impure.o)
                              c:/vsarm/armcc/102021~1.10/bin/../lib/gcc/arm-none-eabi/10.3.1/../../../../arm-none-eabi/lib/thumb/v6-m/nofp\libg.a(lib_a-calloc.o) (_impure_ptr)
c:/vsarm/armcc/102021~1.10/bin/../lib/gcc/arm-none-eabi/10.3.1/../../../../arm-none-eabi/lib/thumb/v6-m/nofp\libg.a(lib_a-init.o)
                              c:/vsarm/armcc/102021~1.10/bin/../lib/gcc/arm-none-eabi/10.3.1/../../../../arm-none-eabi/lib/thumb/v6-m/nofp/crt0.o (__libc_init_array)
c:/vsarm/armcc/102021~1.10/bin/../lib/gcc/arm-none-eabi/10.3.1/../../../../arm-none-eabi/lib/thumb/v6-m/nofp\libg.a(lib_a-malloc.o)
                              CMakeFiles/IoT_Sensor_Node.dir/C_/VSARM/sdk/pico/pico-sdk/src/rp2_common/pico_malloc/pico_malloc.c.obj (malloc)
c:/vsarm/armcc/102021~1.10/bin/../lib/gcc/arm-none-eabi/10.3.1/../../../../arm-none-eabi/lib/thumb/v6-m/nofp\libg.a(lib_a-mallocr.o)
                              c:/vsarm/armcc/102021~1.10/bin/../lib/gcc/arm-none-eabi/10.3.1/../../../../arm-none-eabi/lib/thumb/v6-m/nofp\libg.a(lib_a-callocr.o) (_malloc_r)
c:/vsarm/armcc/102021~1.10/bin/../lib/gcc/arm-none-eabi/10.3.1/../../../../arm-none-eabi/lib/thumb/v6-m/nofp\libg.a(lib_a-mlock.o)
                              c:/vsarm/armcc/102021~1.10/bin/../lib/gcc/arm-none-eabi/10.3.1/../../../../arm-none-eabi/lib/thumb/v6-m/nofp\libg.a(lib_a-mallocr.o) (__malloc_lock)
c:/vsarm/armcc/102021~1.10/bin/../lib/gcc/arm-none-eabi/10.3.1/../../../../arm-none-eabi/lib/thumb/v6-m/nofp\libg.a(lib_a-realloc.o)
                              CMakeFiles/IoT_Sensor_Node.dir/C_/VSARM/sdk/pico/pico-sdk/src/rp2_common/pico_malloc/pico_malloc.c.obj (realloc)
c:/vsarm/armcc/102021~1.10/bin/../lib/gcc/arm-none-eabi/10.3.1/../../../../arm-none-eabi/lib/thumb/v6-m/nofp\libg.a(lib_a-reallocr.o)
                              c:/vsarm/armcc/102021~1.10/bin/../lib/gcc/arm-none-eabi/10.3.1/../../../../arm-none-eabi/lib/thumb/v6-m/nofp\libg.a(lib_a-realloc.o) (_realloc_r)
c:/vsarm/armcc/102021~1.10/bin/../lib/gcc/arm-none-eabi/10.3.1/../../../../arm-none-eabi/lib/thumb/v6-m/nofp\libg.a(lib_a-sbrkr.o)
                              c:/vsarm/armcc/102021~1.10/bin/../lib/gcc/arm-none-eabi/10.3.1/../../../../arm-none-eabi/lib/thumb/v6-m/nofp\libg.a(lib_a-mallocr.o) (_sbrk_r)
c:/vsarm/armcc/102021~1.10/bin/../lib/gcc/arm-none-eabi/10.3.1/../../../../arm-none-eabi/lib/thumb/v6-m/nofp\libg.a(lib_a-strlen-stub.o)
                              CMakeFiles/IoT_Sensor_Node.dir/C_/VSARM/sdk/pico/pico-sdk/src/rp2_common/pico_stdio/stdio.c.obj (strlen)
c:/vsarm/armcc/102021~1.10/bin/../lib/gcc/arm-none-eabi/10.3.1/../../../../arm-none-eabi/lib/thumb/v6-m/nofp\libg.a(lib_a-freer.o)
                              c:/vsarm/armcc/102021~1.10/bin/../lib/gcc/arm-none-eabi/10.3.1/../../../../arm-none-eabi/lib/thumb/v6-m/nofp\libg.a(lib_a-malloc.o) (_free_r)
c:/vsarm/armcc/102021~1.10/bin/../lib/gcc/arm-none-eabi/10.3.1/../../../../arm-none-eabi/lib/thumb/v6-m/nofp\libg.a(lib_a-lock.o)
[...]
Memory Configuration

Name             Origin             Length             Attributes
FLASH            0x10000000         0x00200000         xr
RAM              0x20000000         0x00040000         xrw
SCRATCH_X        0x20040000         0x00001000         xrw
SCRATCH_Y        0x20041000         0x00001000         xrw
*default*        0x00000000         0xffffffff

Linker script and memory map

LOAD c:/vsarm/armcc/102021~1.10/bin/../lib/gcc/arm-none-eabi/10.3.1/thumb/v6-m/nofp/crti.o
LOAD c:/vsarm/armcc/102021~1.10/bin/../lib/gcc/arm-none-eabi/10.3.1/thumb/v6-m/nofp/crtbegin.o
LOAD c:/vsarm/armcc/102021~1.10/bin/../lib/gcc/arm-none-eabi/10.3.1/../../../../arm-none-eabi/lib/thumb/v6-m/nofp/crt0.o

.flash_begin    0x10000000        0x0
                0x10000000                __flash_binary_start = .

.boot2          0x10000000      0x100
                0x10000000                __boot2_start__ = .
 *(.boot2)
 .boot2         0x10000000      0x100 C:\Users\ldr54\AppData\Local\Temp\ccgMLQFF.o
                0x10000100                __boot2_end__ = .
                0x00000001                ASSERT (((__boot2_end__ - __boot2_start__) == 0x100), ERROR: Pico second stage bootloader must be 256 bytes in size)

.text           0x10000100     0x81b8
                0x10000100                __logical_binary_start = .
 *(.vectors)
 .vectors       0x10000100       0xd4 CMakeFiles/IoT_Sensor_Node.dir/C_/VSARM/sdk/pico/pico-sdk/src/rp2_common/pico_standard_link/crt0.S.obj
                0x10000100                __VECTOR_TABLE
                0x10000100                __vectors
                0x100001c0                isr_invalid
                0x100001c0                __default_isrs_start
                0x100001c2                isr_nmi
                0x100001c4                isr_hardfault
                0x100001c6                isr_svcall
                0x100001c8                isr_pendsv
                0x100001ca                isr_systick
                0x100001cc                isr_irq23
                0x100001cc                isr_irq18
                0x100001cc                isr_irq11
                0x100001cc                isr_irq28
                0x100001cc                isr_irq19
                0x100001cc                isr_irq0
                0x100001cc                isr_irq6
                0x100001cc                isr_irq5
                0x100001cc                isr_irq12
                0x100001cc                isr_irq22
                0x100001cc                isr_irq31
                0x100001cc                isr_irq17
                0x100001cc                isr_irq27
                0x100001cc                isr_irq30
                0x100001cc                isr_irq2
                0x100001cc                isr_irq10
                0x100001cc                isr_irq8
                0x100001cc                isr_irq24
                0x100001cc                isr_irq1
                0x100001cc                isr_irq7
                0x100001cc                isr_irq21
                0x100001cc                isr_irq20
                0x100001cc                isr_irq15
                0x100001cc                isr_irq25
                0x100001cc                isr_irq13
                0x100001cc                __unhandled_user_irq
                0x100001cc                isr_irq4
                0x100001cc                isr_irq16
                0x100001cc                isr_irq29
                0x100001cc                isr_irq26
                0x100001cc                __default_isrs_end
                0x100001cc                isr_irq3
                0x100001cc                isr_irq14
                0x100001cc                isr_irq9
                0x100001d2                unhandled_user_irq_num_in_r0
 *(.binary_info_header)
 .binary_info_header
                0x100001d4       0x14 CMakeFiles/IoT_Sensor_Node.dir/C_/VSARM/sdk/pico/pico-sdk/src/rp2_common/pico_standard_link/crt0.S.obj
                0x100001e8                __binary_info_header_end = .
 *(.reset)
 .reset         0x100001e8       0xa8 CMakeFiles/IoT_Sensor_Node.dir/C_/VSARM/sdk/pico/pico-sdk/src/rp2_common/pico_standard_link/crt0.S.obj
                0x100001e8                _entry_point
                0x10000266                __get_current_exception
 .reset         0x10000290       0x30 CMakeFiles/IoT_Sensor_Node.dir/C_/VSARM/sdk/pico/pico-sdk/src/rp2_common/pico_standard_link/binary_info.c.obj
 *(.init)
 .init          0x100002c0        0x4 c:/vsarm/armcc/102021~1.10/bin/../lib/gcc/arm-none-eabi/10.3.1/thumb/v6-m/nofp/crti.o
                0x100002c0                _init
 *(EXCLUDE_FILE(*libm.a: *libc.a:*lib_a-mem*.o *libgcc.a:) .text*)
 .text          0x100002c4       0x48 c:/vsarm/armcc/102021~1.10/bin/../lib/gcc/arm-none-eabi/10.3.1/thumb/v6-m/nofp/crtbegin.o
 .text.reserved_addr
                0x1000030c       0x1a CMakeFiles/IoT_Sensor_Node.dir/main.c.obj
                0x1000030c                reserved_addr
 *fill*         0x10000326        0x2 
 .text.main     0x10000328      0x324 CMakeFiles/IoT_Sensor_Node.dir/main.c.obj
                0x10000328                main
 .text.gpio_set_function
                0x1000064c       0x30 CMakeFiles/IoT_Sensor_Node.dir/C_/VSARM/sdk/pico/pico-sdk/src/rp2_common/hardware_gpio/gpio.c.obj
                0x1000064c                gpio_set_function
 .text.gpio_set_pulls
                0x1000067c       0x34 CMakeFiles/IoT_Sensor_Node.dir/C_/VSARM/sdk/pico/pico-sdk/src/rp2_common/hardware_gpio/gpio.c.obj
                0x1000067c                gpio_set_pulls
 .text.gpio_init
                0x100006b0       0x16 CMakeFiles/IoT_Sensor_Node.dir/C_/VSARM/sdk/pico/pico-sdk/src/rp2_common/hardware_gpio/gpio.c.obj
                0x100006b0                gpio_init
 *fill*         0x100006c6        0x2 
 .text.hw_claim_lock
                0x100006c8       0x18 CMakeFiles/IoT_Sensor_Node.dir/C_/VSARM/sdk/pico/pico-sdk/src/rp2_common/hardware_claim/claim.c.obj
                0x100006c8                hw_claim_lock
 .text.hw_claim_unlock
                0x100006e0       0x14 CMakeFiles/IoT_Sensor_Node.dir/C_/VSARM/sdk/pico/pico-sdk/src/rp2_common/hardware_claim/claim.c.obj
                0x100006e0                hw_claim_unlock
 .text.hw_claim_or_assert
                0x100006f4       0x32 CMakeFiles/IoT_Sensor_Node.dir/C_/VSARM/sdk/pico/pico-sdk/src/rp2_common/hardware_claim/claim.c.obj
                0x100006f4                hw_claim_or_assert
 .text.hw_claim_unused_from_range
                0x10000726       0x50 CMakeFiles/IoT_Sensor_Node.dir/C_/VSARM/sdk/pico/pico-sdk/src/rp2_common/hardware_claim/claim.c.obj
                0x10000726                hw_claim_unused_from_range
 *fill*         0x10000776        0x2 
 .text.running_on_fpga
                0x10000778       0x14 CMakeFiles/IoT_Sensor_Node.dir/C_/VSARM/sdk/pico/pico-sdk/src/rp2_common/pico_platform/platform.c.obj
                0x10000778                running_on_fpga
 .text.spin_locks_reset
                0x1000078c       0x20 CMakeFiles/IoT_Sensor_Node.dir/C_/VSARM/sdk/pico/pico-sdk/src/rp2_common/hardware_sync/sync.c.obj
                0x1000078c                spin_locks_reset
 .text.next_striped_spin_lock_num
                0x100007ac       0x1c CMakeFiles/IoT_Sensor_Node.dir/C_/VSARM/sdk/pico/pico-sdk/src/rp2_common/hardware_sync/sync.c.obj
                0x100007ac                next_striped_spin_lock_num
 .text.spin_lock_claim_unused
                0x100007c8       0x20 CMakeFiles/IoT_Sensor_Node.dir/C_/VSARM/sdk/pico/pico-sdk/src/rp2_common/hardware_sync/sync.c.obj
                0x100007c8                spin_lock_claim_unused
 .text.set_raw_irq_handler_and_unlock
                0x100007e8       0x28 CMakeFiles/IoT_Sensor_Node.dir/C_/VSARM/sdk/pico/pico-sdk/src/rp2_common/hardware_irq/irq.c.obj
 .text.make_branch
                0x10000810       0x48 CMakeFiles/IoT_Sensor_Node.dir/C_/VSARM/sdk/pico/pico-sdk/src/rp2_common/hardware_irq/irq.c.obj
 .text.insert_branch_and_link
                0x10000858       0x40 CMakeFiles/IoT_Sensor_Node.dir/C_/VSARM/sdk/pico/pico-sdk/src/rp2_common/hardware_irq/irq.c.obj
 .text.irq_is_enabled
                0x10000898       0x18 CMakeFiles/IoT_Sensor_Node.dir/C_/VSARM/sdk/pico/pico-sdk/src/rp2_common/hardware_irq/irq.c.obj
                0x10000898                irq_is_enabled
 .text.irq_set_mask_enabled
                0x100008b0       0x20 CMakeFiles/IoT_Sensor_Node.dir/C_/VSARM/sdk/pico/pico-sdk/src/rp2_common/hardware_irq/irq.c.obj
                0x100008b0                irq_set_mask_enabled
 .text.irq_set_enabled
                0x100008d0        0xe CMakeFiles/IoT_Sensor_Node.dir/C_/VSARM/sdk/pico/pico-sdk/src/rp2_common/hardware_irq/irq.c.obj
                0x100008d0                irq_set_enabled
 *fill*         0x100008de        0x2 
 .text.irq_set_pending
                0x100008e0       0x10 CMakeFiles/IoT_Sensor_Node.dir/C_/VSARM/sdk/pico/pico-sdk/src/rp2_common/hardware_irq/irq.c.obj
                0x100008e0                irq_set_pending
 .text.irq_get_vtable_handler
                0x100008f0       0x10 CMakeFiles/IoT_Sensor_Node.dir/C_/VSARM/sdk/pico/pico-sdk/src/rp2_common/hardware_irq/irq.c.obj
                0x100008f0                irq_get_vtable_handler
 .text.irq_has_shared_handler
                0x10000900       0x24 CMakeFiles/IoT_Sensor_Node.dir/C_/VSARM/sdk/pico/pico-sdk/src/rp2_common/hardware_irq/irq.c.obj
                0x10000900                irq_has_shared_handler
 .text.irq_set_exclusive_handler
                0x10000924       0x54 CMakeFiles/IoT_Sensor_Node.dir/C_/VSARM/sdk/pico/pico-sdk/src/rp2_common/hardware_irq/irq.c.obj
                0x10000924                irq_set_exclusive_handler
 .text.irq_add_shared_handler
                0x10000978      0x230 CMakeFiles/IoT_Sensor_Node.dir/C_/VSARM/sdk/pico/pico-sdk/src/rp2_common/hardware_irq/irq.c.obj
                0x10000978                irq_add_shared_handler
 .text.irq_remove_handler
                0x10000ba8      0x1a8 CMakeFiles/IoT_Sensor_Node.dir/C_/VSARM/sdk/pico/pico-sdk/src/rp2_common/hardware_irq/irq.c.obj
                0x10000ba8                irq_remove_handler
 .text.irq_add_tail_to_free_list
                0x10000d50       0xf0 CMakeFiles/IoT_Sensor_Node.dir/C_/VSARM/sdk/pico/pico-sdk/src/rp2_common/hardware_irq/irq.c.obj
                0x10000d50                irq_add_tail_to_free_list
 .text.irq_init_priorities
                0x10000e40       0x1c CMakeFiles/IoT_Sensor_Node.dir/C_/VSARM/sdk/pico/pico-sdk/src/rp2_common/hardware_irq/irq.c.obj
                0x10000e40                irq_init_priorities
 .text.user_irq_claim_unused
                0x10000e5c       0x30 CMakeFiles/IoT_Sensor_Node.dir/C_/VSARM/sdk/pico/pico-sdk/src/rp2_common/hardware_irq/irq.c.obj
                0x10000e5c                user_irq_claim_unused
 .text.lock_init
                0x10000e8c       0x10 CMakeFiles/IoT_Sensor_Node.dir/C_/VSARM/sdk/pico/pico-sdk/src/common/pico_sync/lock_core.c.obj
                0x10000e8c                lock_init
 .text.alarm_pool_post_alloc_init
                0x10000e9c       0x40 CMakeFiles/IoT_Sensor_Node.dir/C_/VSARM/sdk/pico/pico-sdk/src/common/pico_time/time.c.obj
 .text.sleep_until_callback
                0x10000edc       0x30 CMakeFiles/IoT_Sensor_Node.dir/C_/VSARM/sdk/pico/pico-sdk/src/common/pico_time/time.c.obj
 .text.timer_pool_entry_comparator
                0x10000f0c       0x7c CMakeFiles/IoT_Sensor_Node.dir/C_/VSARM/sdk/pico/pico-sdk/src/common/pico_time/time.c.obj
                0x10000f0c                timer_pool_entry_comparator
 .text.ph_add_child_node
                0x10000f88       0xa4 CMakeFiles/IoT_Sensor_Node.dir/C_/VSARM/sdk/pico/pico-sdk/src/common/pico_time/time.c.obj
 .text.ph_merge_nodes
                0x1000102c       0x3e CMakeFiles/IoT_Sensor_Node.dir/C_/VSARM/sdk/pico/pico-sdk/src/common/pico_time/time.c.obj
 *fill*         0x1000106a        0x2 
 .text.add_alarm_under_lock
                0x1000106c      0x174 CMakeFiles/IoT_Sensor_Node.dir/C_/VSARM/sdk/pico/pico-sdk/src/common/pico_time/time.c.obj
 .text.alarm_pool_alarm_callback
                0x100011e0      0x328 CMakeFiles/IoT_Sensor_Node.dir/C_/VSARM/sdk/pico/pico-sdk/src/common/pico_time/time.c.obj
 .text.alarm_pool_init_default
                0x10001508       0x38 CMakeFiles/IoT_Sensor_Node.dir/C_/VSARM/sdk/pico/pico-sdk/src/common/pico_time/time.c.obj
                0x10001508                alarm_pool_init_default
 .text.alarm_pool_get_default
                0x10001540       0x2c CMakeFiles/IoT_Sensor_Node.dir/C_/VSARM/sdk/pico/pico-sdk/src/common/pico_time/time.c.obj
                0x10001540                alarm_pool_get_default
 .text.alarm_pool_add_alarm_at
                0x1000156c      0x170 CMakeFiles/IoT_Sensor_Node.dir/C_/VSARM/sdk/pico/pico-sdk/src/common/pico_time/time.c.obj
                0x1000156c                alarm_pool_add_alarm_at
 .text.alarm_pool_cancel_alarm
                0x100016dc       0xf0 CMakeFiles/IoT_Sensor_Node.dir/C_/VSARM/sdk/pico/pico-sdk/src/common/pico_time/time.c.obj
                0x100016dc                alarm_pool_cancel_alarm
 .text.sleep_until
                0x100017cc       0xfc CMakeFiles/IoT_Sensor_Node.dir/C_/VSARM/sdk/pico/pico-sdk/src/common/pico_time/time.c.obj
                0x100017cc                sleep_until
 .text.sleep_us
                0x100018c8       0x58 CMakeFiles/IoT_Sensor_Node.dir/C_/VSARM/sdk/pico/pico-sdk/src/common/pico_time/time.c.obj
                0x100018c8                sleep_us
 .text.sleep_ms
                0x10001920       0x14 CMakeFiles/IoT_Sensor_Node.dir/C_/VSARM/sdk/pico/pico-sdk/src/common/pico_time/time.c.obj
                0x10001920                sleep_ms
 .text.best_effort_wfe_or_timeout
                0x10001934       0x80 CMakeFiles/IoT_Sensor_Node.dir/C_/VSARM/sdk/pico/pico-sdk/src/common/pico_time/time.c.obj
                0x10001934                best_effort_wfe_or_timeout
 .text.hardware_alarm_irq_handler
                0x100019b4       0x8c CMakeFiles/IoT_Sensor_Node.dir/C_/VSARM/sdk/pico/pico-sdk/src/rp2_common/hardware_timer/timer.c.obj
 .text.hardware_alarm_claim
                0x10001a40       0x18 CMakeFiles/IoT_Sensor_Node.dir/C_/VSARM/sdk/pico/pico-sdk/src/rp2_common/hardware_timer/timer.c.obj
                0x10001a40                hardware_alarm_claim
 .text.time_us_64
                0x10001a58       0x18 CMakeFiles/IoT_Sensor_Node.dir/C_/VSARM/sdk/pico/pico-sdk/src/rp2_common/hardware_timer/timer.c.obj
                0x10001a58                time_us_64
 .text.busy_wait_until
                0x10001a70       0x28 CMakeFiles/IoT_Sensor_Node.dir/C_/VSARM/sdk/pico/pico-sdk/src/rp2_common/hardware_timer/timer.c.obj
                0x10001a70                busy_wait_until
 .text.hardware_alarm_set_callback
                0x10001a98       0x90 CMakeFiles/IoT_Sensor_Node.dir/C_/VSARM/sdk/pico/pico-sdk/src/rp2_common/hardware_timer/timer.c.obj
                0x10001a98                hardware_alarm_set_callback
 .text.hardware_alarm_set_target
                0x10001b28       0xe8 CMakeFiles/IoT_Sensor_Node.dir/C_/VSARM/sdk/pico/pico-sdk/src/rp2_common/hardware_timer/timer.c.obj
                0x10001b28                hardware_alarm_set_target
 .text.hardware_alarm_cancel
                0x10001c10       0x40 CMakeFiles/IoT_Sensor_Node.dir/C_/VSARM/sdk/pico/pico-sdk/src/rp2_common/hardware_timer/timer.c.obj
                0x10001c10                hardware_alarm_cancel
 .text.ph_add_child_node
                0x10001c50       0xa4 CMakeFiles/IoT_Sensor_Node.dir/C_/VSARM/sdk/pico/pico-sdk/src/common/pico_util/pheap.c.obj
 .text.ph_merge_nodes
                0x10001cf4       0x3e CMakeFiles/IoT_Sensor_Node.dir/C_/VSARM/sdk/pico/pico-sdk/src/common/pico_util/pheap.c.obj
 *fill*         0x10001d32        0x2 
 .text.ph_clear
                0x10001d34       0x70 CMakeFiles/IoT_Sensor_Node.dir/C_/VSARM/sdk/pico/pico-sdk/src/common/pico_util/pheap.c.obj
                0x10001d34                ph_clear
 .text.ph_post_alloc_init
                0x10001da4        0xe CMakeFiles/IoT_Sensor_Node.dir/C_/VSARM/sdk/pico/pico-sdk/src/common/pico_util/pheap.c.obj
                0x10001da4                ph_post_alloc_init
 *fill*         0x10001db2        0x2 
 .text.ph_merge_two_pass
                0x10001db4       0xa8 CMakeFiles/IoT_Sensor_Node.dir/C_/VSARM/sdk/pico/pico-sdk/src/common/pico_util/pheap.c.obj
                0x10001db4                ph_merge_two_pass
 .text.ph_remove_any_head
                0x10001e5c      0x108 CMakeFiles/IoT_Sensor_Node.dir/C_/VSARM/sdk/pico/pico-sdk/src/common/pico_util/pheap.c.obj
 .text.ph_remove_head
                0x10001f64       0x14 CMakeFiles/IoT_Sensor_Node.dir/C_/VSARM/sdk/pico/pico-sdk/src/common/pico_util/pheap.c.obj
                0x10001f64                ph_remove_head
 .text.ph_remove_and_free_node
                0x10001f78       0xf8 CMakeFiles/IoT_Sensor_Node.dir/C_/VSARM/sdk/pico/pico-sdk/src/common/pico_util/pheap.c.obj
                0x10001f78                ph_remove_and_free_node
 .text.mutex_init
                0x10002070       0x1a CMakeFiles/IoT_Sensor_Node.dir/C_/VSARM/sdk/pico/pico-sdk/src/common/pico_sync/mutex.c.obj
                0x10002070                mutex_init
 .text.recursive_mutex_init
                0x1000208a       0x1e CMakeFiles/IoT_Sensor_Node.dir/C_/VSARM/sdk/pico/pico-sdk/src/common/pico_sync/mutex.c.obj
                0x1000208a                recursive_mutex_init
 .text.critical_section_init_with_lock_num
                0x100020a8       0x14 CMakeFiles/IoT_Sensor_Node.dir/C_/VSARM/sdk/pico/pico-sdk/src/common/pico_sync/critical_section.c.obj
                0x100020a8                critical_section_init_with_lock_num
 .text.critical_section_init
                0x100020bc       0x14 CMakeFiles/IoT_Sensor_Node.dir/C_/VSARM/sdk/pico/pico-sdk/src/common/pico_sync/critical_section.c.obj
                0x100020bc                critical_section_init
 .text._exit    0x100020d0        0x4 CMakeFiles/IoT_Sensor_Node.dir/C_/VSARM/sdk/pico/pico-sdk/src/rp2_common/pico_runtime/runtime.c.obj
                0x100020d0                _exit
 .text.exit     0x100020d4        0x6 CMakeFiles/IoT_Sensor_Node.dir/C_/VSARM/sdk/pico/pico-sdk/src/rp2_common/pico_runtime/runtime.c.obj
                0x100020d4                exit
 *fill*         0x100020da        0x2 
 .text.__assert_func
                0x100020dc       0x3c CMakeFiles/IoT_Sensor_Node.dir/C_/VSARM/sdk/pico/pico-sdk/src/rp2_common/pico_runtime/runtime.c.obj
                0x100020dc                __assert_func
 .text.runtime_init
                0x10002118       0xf8 CMakeFiles/IoT_Sensor_Node.dir/C_/VSARM/sdk/pico/pico-sdk/src/rp2_common/pico_runtime/runtime.c.obj
                0x10002118                runtime_init
 .text.panic    0x10002210       0x30 CMakeFiles/IoT_Sensor_Node.dir/C_/VSARM/sdk/pico/pico-sdk/src/rp2_common/pico_runtime/runtime.c.obj
                0x10002210                panic
 .text.clock_configure
                0x10002240      0x104 CMakeFiles/IoT_Sensor_Node.dir/C_/VSARM/sdk/pico/pico-sdk/src/rp2_common/hardware_clocks/clocks.c.obj
                0x10002240                clock_configure
 .text.clocks_init
                0x10002344      0x100 CMakeFiles/IoT_Sensor_Node.dir/C_/VSARM/sdk/pico/pico-sdk/src/rp2_common/hardware_clocks/clocks.c.obj
                0x10002344                clocks_init
 .text.clock_get_hz
                0x10002444        0xc CMakeFiles/IoT_Sensor_Node.dir/C_/VSARM/sdk/pico/pico-sdk/src/rp2_common/hardware_clocks/clocks.c.obj
                0x10002444                clock_get_hz
 .text.pll_init
                0x10002450      0x140 CMakeFiles/IoT_Sensor_Node.dir/C_/VSARM/sdk/pico/pico-sdk/src/rp2_common/hardware_pll/pll.c.obj
                0x10002450                pll_init
 .text.watchdog_start_tick
                0x10002590       0x10 CMakeFiles/IoT_Sensor_Node.dir/C_/VSARM/sdk/pico/pico-sdk/src/rp2_common/hardware_watchdog/watchdog.c.obj
                0x10002590                watchdog_start_tick
 .text.watchdog_update
                0x100025a0       0x14 CMakeFiles/IoT_Sensor_Node.dir/C_/VSARM/sdk/pico/pico-sdk/src/rp2_common/hardware_watchdog/watchdog.c.obj
                0x100025a0                watchdog_update
 .text._watchdog_enable
                0x100025b4       0x78 CMakeFiles/IoT_Sensor_Node.dir/C_/VSARM/sdk/pico/pico-sdk/src/rp2_common/hardware_watchdog/watchdog.c.obj
                0x100025b4                _watchdog_enable
 .text.watchdog_reboot
                0x1000262c       0x48 CMakeFiles/IoT_Sensor_Node.dir/C_/VSARM/sdk/pico/pico-sdk/src/rp2_common/hardware_watchdog/watchdog.c.obj
                0x1000262c                watchdog_reboot
 .text.xosc_init
                0x10002674       0x28 CMakeFiles/IoT_Sensor_Node.dir/C_/VSARM/sdk/pico/pico-sdk/src/rp2_common/hardware_xosc/xosc.c.obj
                0x10002674                xosc_init
 .text._out_null
                0x1000269c        0x2 CMakeFiles/IoT_Sensor_Node.dir/C_/VSARM/sdk/pico/pico-sdk/src/rp2_common/pico_printf/printf.c.obj
 .text._out_fct
                0x1000269e        0xe CMakeFiles/IoT_Sensor_Node.dir/C_/VSARM/sdk/pico/pico-sdk/src/rp2_common/pico_printf/printf.c.obj
 .text._atoi    0x100026ac       0x24 CMakeFiles/IoT_Sensor_Node.dir/C_/VSARM/sdk/pico/pico-sdk/src/rp2_common/pico_printf/printf.c.obj
 .text._out_rev
                0x100026d0       0xae CMakeFiles/IoT_Sensor_Node.dir/C_/VSARM/sdk/pico/pico-sdk/src/rp2_common/pico_printf/printf.c.obj
 .text._ntoa_format
                0x1000277e      0x112 CMakeFiles/IoT_Sensor_Node.dir/C_/VSARM/sdk/pico/pico-sdk/src/rp2_common/pico_printf/printf.c.obj
 .text._ntoa_long
                0x10002890       0xbc CMakeFiles/IoT_Sensor_Node.dir/C_/VSARM/sdk/pico/pico-sdk/src/rp2_common/pico_printf/printf.c.obj
 .text._ntoa_long_long
                0x1000294c       0xe2 CMakeFiles/IoT_Sensor_Node.dir/C_/VSARM/sdk/pico/pico-sdk/src/rp2_common/pico_printf/printf.c.obj
 *fill*         0x10002a2e        0x2 
 .text._etoa    0x10002a30      0x414 CMakeFiles/IoT_Sensor_Node.dir/C_/VSARM/sdk/pico/pico-sdk/src/rp2_common/pico_printf/printf.c.obj
 .text._ftoa    0x10002e44      0x354 CMakeFiles/IoT_Sensor_Node.dir/C_/VSARM/sdk/pico/pico-sdk/src/rp2_common/pico_printf/printf.c.obj
 .text._vsnprintf
                0x10003198      0x624 CMakeFiles/IoT_Sensor_Node.dir/C_/VSARM/sdk/pico/pico-sdk/src/rp2_common/pico_printf/printf.c.obj
 .text.vfctprintf
                0x100037bc       0x20 CMakeFiles/IoT_Sensor_Node.dir/C_/VSARM/sdk/pico/pico-sdk/src/rp2_common/pico_printf/printf.c.obj
                0x100037bc                vfctprintf
 .text          0x100037dc       0x10 CMakeFiles/IoT_Sensor_Node.dir/C_/VSARM/sdk/pico/pico-sdk/src/rp2_common/pico_bit_ops/bit_ops_aeabi.S.obj
 .text.rom_func_lookup
                0x100037ec       0x10 CMakeFiles/IoT_Sensor_Node.dir/C_/VSARM/sdk/pico/pico-sdk/src/rp2_common/pico_bootrom/bootrom.c.obj
                0x100037ec                rom_func_lookup
 .text.rom_data_lookup
                0x100037fc       0x10 CMakeFiles/IoT_Sensor_Node.dir/C_/VSARM/sdk/pico/pico-sdk/src/rp2_common/pico_bootrom/bootrom.c.obj
                0x100037fc                rom_data_lookup
 .text.rom_funcs_lookup
                0x1000380c       0x36 CMakeFiles/IoT_Sensor_Node.dir/C_/VSARM/sdk/pico/pico-sdk/src/rp2_common/pico_bootrom/bootrom.c.obj
                0x1000380c                rom_funcs_lookup
 *fill*         0x10003842        0x2 
 .text.__wrap___aeabi_idiv
                0x10003844       0x50 CMakeFiles/IoT_Sensor_Node.dir/C_/VSARM/sdk/pico/pico-sdk/src/rp2_common/pico_divider/divider.S.obj
                0x10003844                __wrap___aeabi_idivmod
                0x10003844                divmod_s32s32
                0x10003844                div_s32s32
                0x10003844                __wrap___aeabi_idiv
                0x1000384c                divmod_s32s32_unsafe
                0x10003878                divmod_s32s32_savestate
 .text.__wrap___aeabi_uidiv
                0x10003894       0x4c CMakeFiles/IoT_Sensor_Node.dir/C_/VSARM/sdk/pico/pico-sdk/src/rp2_common/pico_divider/divider.S.obj
                0x10003894                __wrap___aeabi_uidiv
                0x10003894                __wrap___aeabi_uidivmod
                0x10003894                div_u32u32
                0x10003894                divmod_u32u32
                0x1000389c                divmod_u32u32_unsafe
                0x100038c4                divmod_u32u32_savestate
 .text.__wrap___aeabi_ldiv
                0x100038e0      0x434 CMakeFiles/IoT_Sensor_Node.dir/C_/VSARM/sdk/pico/pico-sdk/src/rp2_common/pico_divider/divider.S.obj
                0x100038e0                div_s64s64
                0x100038e0                divmod_s64s64
                0x100038e0                __wrap___aeabi_ldivmod
                0x10003918                divmod_u64u64
                0x10003918                div_u64u64
                0x10003918                __wrap___aeabi_uldivmod
                0x10003928                divmod_u64u64_savestate
                0x10003950                divmod_s64s64_unsafe
                0x100039d8                divmod_u64u64_unsafe
 .text.__wrap___aeabi_darithmetic
                0x10003d14       0x80 CMakeFiles/IoT_Sensor_Node.dir/C_/VSARM/sdk/pico/pico-sdk/src/rp2_common/pico_double/double_aeabi.S.obj
                0x10003d14                __wrap___aeabi_drsub
                0x10003d1a                __wrap___aeabi_dsub
                0x10003d2c                __wrap___aeabi_dadd
                0x10003d3e                __wrap___aeabi_ddiv
                0x10003d7a                __wrap___aeabi_dmul
 .text.__wrap___aeabi_cdcmple
                0x10003d94       0x6c CMakeFiles/IoT_Sensor_Node.dir/C_/VSARM/sdk/pico/pico-sdk/src/rp2_common/pico_double/double_aeabi.S.obj
                0x10003d94                __wrap___aeabi_cdrcmple
                0x10003da4                __wrap___aeabi_cdcmpeq
                0x10003da4                __wrap___aeabi_cdcmple
 .text.__wrap___aeabi_dcmplt
                0x10003e00        0xc CMakeFiles/IoT_Sensor_Node.dir/C_/VSARM/sdk/pico/pico-sdk/src/rp2_common/pico_double/double_aeabi.S.obj
                0x10003e00                __wrap___aeabi_dcmplt
 .text.__wrap___aeabi_dcmple
                0x10003e0c       0x10 CMakeFiles/IoT_Sensor_Node.dir/C_/VSARM/sdk/pico/pico-sdk/src/rp2_common/pico_double/double_aeabi.S.obj
                0x10003e0c                __wrap___aeabi_dcmple
 .text.__wrap___aeabi_dcmpge
                0x10003e1c       0x10 CMakeFiles/IoT_Sensor_Node.dir/C_/VSARM/sdk/pico/pico-sdk/src/rp2_common/pico_double/double_aeabi.S.obj
                0x10003e1c                __wrap___aeabi_dcmpge
 .text.__wrap___aeabi_dcmpgt
                0x10003e2c        0xa CMakeFiles/IoT_Sensor_Node.dir/C_/VSARM/sdk/pico/pico-sdk/src/rp2_common/pico_double/double_aeabi.S.obj
                0x10003e2c                __wrap___aeabi_dcmpgt
 .text.__wrap___aeabi_dcmpun
                0x10003e36       0x1c CMakeFiles/IoT_Sensor_Node.dir/C_/VSARM/sdk/pico/pico-sdk/src/rp2_common/pico_double/double_aeabi.S.obj
                0x10003e36                __wrap___aeabi_dcmpun
 *fill*         0x10003e52        0x2 
 .text.__wrap___aeabi_i2d
                0x10003e54       0x38 CMakeFiles/IoT_Sensor_Node.dir/C_/VSARM/sdk/pico/pico-sdk/src/rp2_common/pico_double/double_aeabi.S.obj
                0x10003e54                __wrap___aeabi_ui2d
                0x10003e5c                __wrap___aeabi_i2d
 .text.__wrap___aeabi_d2iz
                0x10003e8c       0x48 CMakeFiles/IoT_Sensor_Node.dir/C_/VSARM/sdk/pico/pico-sdk/src/rp2_common/pico_double/double_aeabi.S.obj
                0x10003e8c                double2int_z
                0x10003e8c                __wrap___aeabi_d2iz
 .text.__wrap___aeabi_d2uiz
                0x10003ed4       0x18 CMakeFiles/IoT_Sensor_Node.dir/C_/VSARM/sdk/pico/pico-sdk/src/rp2_common/pico_double/double_aeabi.S.obj
                0x10003ed4                __wrap___aeabi_d2uiz
                0x10003ed4                double2uint
 .text.__wrap___aeabi_d2f
                0x10003eec       0x18 CMakeFiles/IoT_Sensor_Node.dir/C_/VSARM/sdk/pico/pico-sdk/src/rp2_common/pico_double/double_aeabi.S.obj
                0x10003eec                __wrap___aeabi_d2f
 .text.__aeabi_double_init
                0x10003f04       0xc8 CMakeFiles/IoT_Sensor_Node.dir/C_/VSARM/sdk/pico/pico-sdk/src/rp2_common/pico_double/double_init_rom.c.obj
                0x10003f04                __aeabi_double_init
 .text.double_table_shim_on_use_helper
                0x10003fcc       0x34 CMakeFiles/IoT_Sensor_Node.dir/C_/VSARM/sdk/pico/pico-sdk/src/rp2_common/pico_double/double_v1_rom_shim.S.obj
                0x10003fcc                double_table_shim_on_use_helper
 .text.__wrap___aeabi_dsub
                0x10004000       0x10 CMakeFiles/IoT_Sensor_Node.dir/C_/VSARM/sdk/pico/pico-sdk/src/rp2_common/pico_double/double_v1_rom_shim.S.obj
                0x10004000                drsub_shim
                0x10004006                dsub_shim
 .text.dadd_shim
                0x10004010      0x15c CMakeFiles/IoT_Sensor_Node.dir/C_/VSARM/sdk/pico/pico-sdk/src/rp2_common/pico_double/double_v1_rom_shim.S.obj
                0x10004010                dadd_shim
 .text.dmul_shim
                0x1000416c      0x15c CMakeFiles/IoT_Sensor_Node.dir/C_/VSARM/sdk/pico/pico-sdk/src/rp2_common/pico_double/double_v1_rom_shim.S.obj
                0x1000416c                dmul_shim
 .text.ddiv_shim
                0x100042c8      0x1b0 CMakeFiles/IoT_Sensor_Node.dir/C_/VSARM/sdk/pico/pico-sdk/src/rp2_common/pico_double/double_v1_rom_shim.S.obj
                0x100042c8                ddiv_shim
 .text.double2uint_shim
                0x10004478        0xe CMakeFiles/IoT_Sensor_Node.dir/C_/VSARM/sdk/pico/pico-sdk/src/rp2_common/pico_double/double_v1_rom_shim.S.obj
                0x10004478                double2uint_shim
                0x1000447a                double2ufix_shim
 *fill*         0x10004486        0x2 
 .text.double2uint64_shim
                0x10004488       0x70 CMakeFiles/IoT_Sensor_Node.dir/C_/VSARM/sdk/pico/pico-sdk/src/rp2_common/pico_double/double_v1_rom_shim.S.obj
                0x10004488                double2uint64_shim
                0x1000448a                double2ufix64_shim
                0x100044aa                d2fix_a
 .text.double2float_shim
                0x100044f8       0x5c CMakeFiles/IoT_Sensor_Node.dir/C_/VSARM/sdk/pico/pico-sdk/src/rp2_common/pico_double/double_v1_rom_shim.S.obj
                0x100044f8                double2float_shim
 .text.dunpacks
                0x10004554       0x3c CMakeFiles/IoT_Sensor_Node.dir/C_/VSARM/sdk/pico/pico-sdk/src/rp2_common/pico_double/double_v1_rom_shim.S.obj
                0x10004554                dunpacks
 .text.__aeabi_lmul
                0x10004590       0x32 CMakeFiles/IoT_Sensor_Node.dir/C_/VSARM/sdk/pico/pico-sdk/src/rp2_common/pico_int64_ops/pico_int64_ops_aeabi.S.obj
                0x10004590                __wrap___aeabi_lmul
 *fill*         0x100045c2        0x2 
 .text.__wrap___aeabi_farithmetic
                0x100045c4       0x58 CMakeFiles/IoT_Sensor_Node.dir/C_/VSARM/sdk/pico/pico-sdk/src/rp2_common/pico_float/float_aeabi.S.obj
                0x100045c4                __wrap___aeabi_frsub
                0x100045ca                __wrap___aeabi_fsub
                0x100045d4                __wrap___aeabi_fadd
                0x100045de                __wrap___aeabi_fdiv
                0x1000460a                __wrap___aeabi_fmul
 .text.__wrap___aeabi_cfcmple
                0x1000461c       0x50 CMakeFiles/IoT_Sensor_Node.dir/C_/VSARM/sdk/pico/pico-sdk/src/rp2_common/pico_float/float_aeabi.S.obj
                0x1000461c                __wrap___aeabi_cfrcmple
                0x10004628                __wrap___aeabi_cfcmple
                0x10004628                __wrap___aeabi_cfcmpeq
 .text.__wrap___aeabi_fcmplt
                0x1000466c        0xc CMakeFiles/IoT_Sensor_Node.dir/C_/VSARM/sdk/pico/pico-sdk/src/rp2_common/pico_float/float_aeabi.S.obj
                0x1000466c                __wrap___aeabi_fcmplt
 .text.__wrap___aeabi_fcmpgt
                0x10004678        0xa CMakeFiles/IoT_Sensor_Node.dir/C_/VSARM/sdk/pico/pico-sdk/src/rp2_common/pico_float/float_aeabi.S.obj
                0x10004678                __wrap___aeabi_fcmpgt
 .text.__wrap___aeabi_ui2f
                0x10004682        0xa CMakeFiles/IoT_Sensor_Node.dir/C_/VSARM/sdk/pico/pico-sdk/src/rp2_common/pico_float/float_aeabi.S.obj
                0x10004682                __wrap___aeabi_ui2f
 .text.__wrap___aeabi_i2f
                0x1000468c       0x44 CMakeFiles/IoT_Sensor_Node.dir/C_/VSARM/sdk/pico/pico-sdk/src/rp2_common/pico_float/float_aeabi.S.obj
                0x1000468c                __wrap___aeabi_i2f
 .text.__wrap___aeabi_f2uiz
                0x100046d0       0x10 CMakeFiles/IoT_Sensor_Node.dir/C_/VSARM/sdk/pico/pico-sdk/src/rp2_common/pico_float/float_aeabi.S.obj
                0x100046d0                __wrap___aeabi_f2uiz
 .text.__wrap___aeabi_f2d
                0x100046e0       0x14 CMakeFiles/IoT_Sensor_Node.dir/C_/VSARM/sdk/pico/pico-sdk/src/rp2_common/pico_float/float_aeabi.S.obj
                0x100046e0                __wrap___aeabi_f2d
 .text.__aeabi_float_init
                0x100046f4       0xfc CMakeFiles/IoT_Sensor_Node.dir/C_/VSARM/sdk/pico/pico-sdk/src/rp2_common/pico_float/float_init_rom.c.obj
                0x100046f4                __aeabi_float_init
 .text.float_table_shim_on_use_helper
                0x100047f0       0x34 CMakeFiles/IoT_Sensor_Node.dir/C_/VSARM/sdk/pico/pico-sdk/src/rp2_common/pico_float/float_v1_rom_shim.S.obj
                0x100047f0                float_table_shim_on_use_helper
 .text.float2double_shim
                0x10004824       0x30 CMakeFiles/IoT_Sensor_Node.dir/C_/VSARM/sdk/pico/pico-sdk/src/rp2_common/pico_float/float_v1_rom_shim.S.obj
                0x10004824                float2double_shim
 .text          0x10004854       0x10 CMakeFiles/IoT_Sensor_Node.dir/C_/VSARM/sdk/pico/pico-sdk/src/rp2_common/pico_mem_ops/mem_ops_aeabi.S.obj
                0x10004854                __aeabi_mem_init
 .text.memset   0x10004864        0xc CMakeFiles/IoT_Sensor_Node.dir/C_/VSARM/sdk/pico/pico-sdk/src/rp2_common/pico_mem_ops/mem_ops_aeabi.S.obj
                0x10004864                __wrap_memset
 .text.memcpy   0x10004870        0xc CMakeFiles/IoT_Sensor_Node.dir/C_/VSARM/sdk/pico/pico-sdk/src/rp2_common/pico_mem_ops/mem_ops_aeabi.S.obj
                0x10004870                __wrap_memcpy
                0x10004870                __wrap___aeabi_memcpy
 .text.stdio_out_chars_no_crlf
                0x1000487c        0xe CMakeFiles/IoT_Sensor_Node.dir/C_/VSARM/sdk/pico/pico-sdk/src/rp2_common/pico_stdio/stdio.c.obj
 *fill*         0x1000488a        0x2 
 .text.stdio_out_chars_crlf
                0x1000488c       0x80 CMakeFiles/IoT_Sensor_Node.dir/C_/VSARM/sdk/pico/pico-sdk/src/rp2_common/pico_stdio/stdio.c.obj
 .text.stdio_stack_buffer_flush
                0x1000490c       0x44 CMakeFiles/IoT_Sensor_Node.dir/C_/VSARM/sdk/pico/pico-sdk/src/rp2_common/pico_stdio/stdio.c.obj
 .text.stdio_buffered_printer
                0x10004950       0x20 CMakeFiles/IoT_Sensor_Node.dir/C_/VSARM/sdk/pico/pico-sdk/src/rp2_common/pico_stdio/stdio.c.obj
 .text.stdout_serialize_begin
                0x10004970       0x30 CMakeFiles/IoT_Sensor_Node.dir/C_/VSARM/sdk/pico/pico-sdk/src/rp2_common/pico_stdio/stdio.c.obj
                0x10004970                stdout_serialize_begin
 .text.stdout_serialize_end
                0x100049a0       0x10 CMakeFiles/IoT_Sensor_Node.dir/C_/VSARM/sdk/pico/pico-sdk/src/rp2_common/pico_stdio/stdio.c.obj
                0x100049a0                stdout_serialize_end
 .text.stdio_put_string
                0x100049b0       0x98 CMakeFiles/IoT_Sensor_Node.dir/C_/VSARM/sdk/pico/pico-sdk/src/rp2_common/pico_stdio/stdio.c.obj
 .text.stdio_set_driver_enabled
                0x10004a48       0x2c CMakeFiles/IoT_Sensor_Node.dir/C_/VSARM/sdk/pico/pico-sdk/src/rp2_common/pico_stdio/stdio.c.obj
                0x10004a48                stdio_set_driver_enabled
 .text.stdio_flush
                0x10004a74       0x20 CMakeFiles/IoT_Sensor_Node.dir/C_/VSARM/sdk/pico/pico-sdk/src/rp2_common/pico_stdio/stdio.c.obj
                0x10004a74                stdio_flush
 .text.__wrap_puts
                0x10004a94       0x1e CMakeFiles/IoT_Sensor_Node.dir/C_/VSARM/sdk/pico/pico-sdk/src/rp2_common/pico_stdio/stdio.c.obj
                0x10004a94                __wrap_puts
 *fill*         0x10004ab2        0x2 
 .text.__wrap_vprintf
                0x10004ab4       0x44 CMakeFiles/IoT_Sensor_Node.dir/C_/VSARM/sdk/pico/pico-sdk/src/rp2_common/pico_stdio/stdio.c.obj
                0x10004ab4                __wrap_vprintf
 .text.__wrap_printf
                0x10004af8       0x18 CMakeFiles/IoT_Sensor_Node.dir/C_/VSARM/sdk/pico/pico-sdk/src/rp2_common/pico_stdio/stdio.c.obj
                0x10004af8                __wrap_printf
 .text.stdio_init_all
                0x10004b10        0x8 CMakeFiles/IoT_Sensor_Node.dir/C_/VSARM/sdk/pico/pico-sdk/src/rp2_common/pico_stdio/stdio.c.obj
                0x10004b10                stdio_init_all
 .text.resetd_init
                0x10004b18        0x2 CMakeFiles/IoT_Sensor_Node.dir/C_/VSARM/sdk/pico/pico-sdk/src/rp2_common/pico_stdio_usb/reset_interface.c.obj
 *fill*         0x10004b1a        0x2 
 .text.resetd_reset
                0x10004b1c        0xc CMakeFiles/IoT_Sensor_Node.dir/C_/VSARM/sdk/pico/pico-sdk/src/rp2_common/pico_stdio_usb/reset_interface.c.obj
 .text.resetd_open
                0x10004b28       0x34 CMakeFiles/IoT_Sensor_Node.dir/C_/VSARM/sdk/pico/pico-sdk/src/rp2_common/pico_stdio_usb/reset_interface.c.obj
 .text.resetd_xfer_cb
                0x10004b5c        0x4 CMakeFiles/IoT_Sensor_Node.dir/C_/VSARM/sdk/pico/pico-sdk/src/rp2_common/pico_stdio_usb/reset_interface.c.obj
 .text.reset_usb_boot
                0x10004b60       0x18 CMakeFiles/IoT_Sensor_Node.dir/C_/VSARM/sdk/pico/pico-sdk/src/rp2_common/pico_stdio_usb/reset_interface.c.obj
 .text.resetd_control_xfer_cb
                0x10004b78       0x5c CMakeFiles/IoT_Sensor_Node.dir/C_/VSARM/sdk/pico/pico-sdk/src/rp2_common/pico_stdio_usb/reset_interface.c.obj
 .text.usbd_app_driver_get_cb
                0x10004bd4        0xc CMakeFiles/IoT_Sensor_Node.dir/C_/VSARM/sdk/pico/pico-sdk/src/rp2_common/pico_stdio_usb/reset_interface.c.obj
                0x10004bd4                usbd_app_driver_get_cb
 .text.tud_cdc_line_coding_cb
                0x10004be0       0x28 CMakeFiles/IoT_Sensor_Node.dir/C_/VSARM/sdk/pico/pico-sdk/src/rp2_common/pico_stdio_usb/reset_interface.c.obj
                0x10004be0                tud_cdc_line_coding_cb
 .text.stdio_usb_in_chars
                0x10004c08       0x70 CMakeFiles/IoT_Sensor_Node.dir/C_/VSARM/sdk/pico/pico-sdk/src/rp2_common/pico_stdio_usb/stdio_usb.c.obj
                0x10004c08                stdio_usb_in_chars
 .text.low_priority_worker_irq
                0x10004c78       0x20 CMakeFiles/IoT_Sensor_Node.dir/C_/VSARM/sdk/pico/pico-sdk/src/rp2_common/pico_stdio_usb/stdio_usb.c.obj
 .text.stdio_usb_out_chars
                0x10004c98       0xd4 CMakeFiles/IoT_Sensor_Node.dir/C_/VSARM/sdk/pico/pico-sdk/src/rp2_common/pico_stdio_usb/stdio_usb.c.obj
 .text.timer_task
                0x10004d6c       0x40 CMakeFiles/IoT_Sensor_Node.dir/C_/VSARM/sdk/pico/pico-sdk/src/rp2_common/pico_stdio_usb/stdio_usb.c.obj
 .text.usb_irq  0x10004dac       0x10 CMakeFiles/IoT_Sensor_Node.dir/C_/VSARM/sdk/pico/pico-sdk/src/rp2_common/pico_stdio_usb/stdio_usb.c.obj
 .text.stdio_usb_init
                0x10004dbc       0xec CMakeFiles/IoT_Sensor_Node.dir/C_/VSARM/sdk/pico/pico-sdk/src/rp2_common/pico_stdio_usb/stdio_usb.c.obj
                0x10004dbc                stdio_usb_init
 .text.tud_descriptor_device_cb
                0x10004ea8        0x8 CMakeFiles/IoT_Sensor_Node.dir/C_/VSARM/sdk/pico/pico-sdk/src/rp2_common/pico_stdio_usb/stdio_usb_descriptors.c.obj
                0x10004ea8                tud_descriptor_device_cb
 .text.tud_descriptor_configuration_cb
                0x10004eb0        0x8 CMakeFiles/IoT_Sensor_Node.dir/C_/VSARM/sdk/pico/pico-sdk/src/rp2_common/pico_stdio_usb/stdio_usb_descriptors.c.obj
                0x10004eb0                tud_descriptor_configuration_cb
 .text.tud_descriptor_string_cb
                0x10004eb8       0x6c CMakeFiles/IoT_Sensor_Node.dir/C_/VSARM/sdk/pico/pico-sdk/src/rp2_common/pico_stdio_usb/stdio_usb_descriptors.c.obj
                0x10004eb8                tud_descriptor_string_cb
 .text.hw_endpoint_get_by_addr
                0x10004f24       0x18 CMakeFiles/IoT_Sensor_Node.dir/C_/VSARM/sdk/pico/pico-sdk/lib/tinyusb/src/portable/raspberrypi/rp2040/dcd_rp2040.c.obj
 .text.reset_ep0_pid
                0x10004f3c       0x28 CMakeFiles/IoT_Sensor_Node.dir/C_/VSARM/sdk/pico/pico-sdk/lib/tinyusb/src/portable/raspberrypi/rp2040/dcd_rp2040.c.obj
 .text._hw_endpoint_alloc
                0x10004f64       0x70 CMakeFiles/IoT_Sensor_Node.dir/C_/VSARM/sdk/pico/pico-sdk/lib/tinyusb/src/portable/raspberrypi/rp2040/dcd_rp2040.c.obj
 .text.hw_endpoint_init
                0x10004fd4       0x88 CMakeFiles/IoT_Sensor_Node.dir/C_/VSARM/sdk/pico/pico-sdk/lib/tinyusb/src/portable/raspberrypi/rp2040/dcd_rp2040.c.obj
 .text.reset_non_control_endpoints
                0x1000505c       0x40 CMakeFiles/IoT_Sensor_Node.dir/C_/VSARM/sdk/pico/pico-sdk/lib/tinyusb/src/portable/raspberrypi/rp2040/dcd_rp2040.c.obj
 .text.hw_handle_buff_status
                0x1000509c       0x8c CMakeFiles/IoT_Sensor_Node.dir/C_/VSARM/sdk/pico/pico-sdk/lib/tinyusb/src/portable/raspberrypi/rp2040/dcd_rp2040.c.obj
 .text.dcd_rp2040_irq
                0x10005128       0xc0 CMakeFiles/IoT_Sensor_Node.dir/C_/VSARM/sdk/pico/pico-sdk/lib/tinyusb/src/portable/raspberrypi/rp2040/dcd_rp2040.c.obj
 .text.hw_endpoint_xfer
                0x100051e8       0x14 CMakeFiles/IoT_Sensor_Node.dir/C_/VSARM/sdk/pico/pico-sdk/lib/tinyusb/src/portable/raspberrypi/rp2040/dcd_rp2040.c.obj
 .text.dcd_int_enable
                0x100051fc       0x2c CMakeFiles/IoT_Sensor_Node.dir/C_/VSARM/sdk/pico/pico-sdk/lib/tinyusb/src/portable/raspberrypi/rp2040/dcd_rp2040.c.obj
                0x100051fc                dcd_int_enable
 .text.dcd_set_address
                0x10005228       0x2c CMakeFiles/IoT_Sensor_Node.dir/C_/VSARM/sdk/pico/pico-sdk/lib/tinyusb/src/portable/raspberrypi/rp2040/dcd_rp2040.c.obj
                0x10005228                dcd_set_address
 .text.dcd_connect
                0x10005254       0x10 CMakeFiles/IoT_Sensor_Node.dir/C_/VSARM/sdk/pico/pico-sdk/lib/tinyusb/src/portable/raspberrypi/rp2040/dcd_rp2040.c.obj
                0x10005254                dcd_connect
 .text.dcd_init
                0x10005264       0x7c CMakeFiles/IoT_Sensor_Node.dir/C_/VSARM/sdk/pico/pico-sdk/lib/tinyusb/src/portable/raspberrypi/rp2040/dcd_rp2040.c.obj
                0x10005264                dcd_init
 .text.dcd_edpt0_status_complete
                0x100052e0       0x1c CMakeFiles/IoT_Sensor_Node.dir/C_/VSARM/sdk/pico/pico-sdk/lib/tinyusb/src/portable/raspberrypi/rp2040/dcd_rp2040.c.obj
                0x100052e0                dcd_edpt0_status_complete
 .text.dcd_edpt_open
                0x100052fc       0x40 CMakeFiles/IoT_Sensor_Node.dir/C_/VSARM/sdk/pico/pico-sdk/lib/tinyusb/src/portable/raspberrypi/rp2040/dcd_rp2040.c.obj
                0x100052fc                dcd_edpt_open
 .text.dcd_edpt_close_all
                0x1000533c        0x8 CMakeFiles/IoT_Sensor_Node.dir/C_/VSARM/sdk/pico/pico-sdk/lib/tinyusb/src/portable/raspberrypi/rp2040/dcd_rp2040.c.obj
                0x1000533c                dcd_edpt_close_all
 .text.dcd_edpt_xfer
                0x10005344       0x30 CMakeFiles/IoT_Sensor_Node.dir/C_/VSARM/sdk/pico/pico-sdk/lib/tinyusb/src/portable/raspberrypi/rp2040/dcd_rp2040.c.obj
                0x10005344                dcd_edpt_xfer
 .text.dcd_edpt_stall
                0x10005374       0x2c CMakeFiles/IoT_Sensor_Node.dir/C_/VSARM/sdk/pico/pico-sdk/lib/tinyusb/src/portable/raspberrypi/rp2040/dcd_rp2040.c.obj
                0x10005374                dcd_edpt_stall
 .text.dcd_edpt_clear_stall
                0x100053a0       0x20 CMakeFiles/IoT_Sensor_Node.dir/C_/VSARM/sdk/pico/pico-sdk/lib/tinyusb/src/portable/raspberrypi/rp2040/dcd_rp2040.c.obj
                0x100053a0                dcd_edpt_clear_stall
 .text.prepare_ep_buffer
                0x100053c0       0x70 CMakeFiles/IoT_Sensor_Node.dir/C_/VSARM/sdk/pico/pico-sdk/lib/tinyusb/src/portable/raspberrypi/rp2040/rp2040_usb.c.obj
 .text.sync_ep_buffer
                0x10005430       0x7c CMakeFiles/IoT_Sensor_Node.dir/C_/VSARM/sdk/pico/pico-sdk/lib/tinyusb/src/portable/raspberrypi/rp2040/rp2040_usb.c.obj
 .text._hw_endpoint_xfer_sync
                0x100054ac       0x28 CMakeFiles/IoT_Sensor_Node.dir/C_/VSARM/sdk/pico/pico-sdk/lib/tinyusb/src/portable/raspberrypi/rp2040/rp2040_usb.c.obj
 .text.rp2040_usb_init
                0x100054d4       0x4c CMakeFiles/IoT_Sensor_Node.dir/C_/VSARM/sdk/pico/pico-sdk/lib/tinyusb/src/portable/raspberrypi/rp2040/rp2040_usb.c.obj
                0x100054d4                rp2040_usb_init
 .text.hw_endpoint_reset_transfer
                0x10005520        0xc CMakeFiles/IoT_Sensor_Node.dir/C_/VSARM/sdk/pico/pico-sdk/lib/tinyusb/src/portable/raspberrypi/rp2040/rp2040_usb.c.obj
                0x10005520                hw_endpoint_reset_transfer
 .text._hw_endpoint_buffer_control_update32
                0x1000552c       0x58 CMakeFiles/IoT_Sensor_Node.dir/C_/VSARM/sdk/pico/pico-sdk/lib/tinyusb/src/portable/raspberrypi/rp2040/rp2040_usb.c.obj
                0x1000552c                _hw_endpoint_buffer_control_update32
 .text._hw_endpoint_start_next_buffer
                0x10005584       0x74 CMakeFiles/IoT_Sensor_Node.dir/C_/VSARM/sdk/pico/pico-sdk/lib/tinyusb/src/portable/raspberrypi/rp2040/rp2040_usb.c.obj
 .text.hw_endpoint_xfer_start
                0x100055f8       0x48 CMakeFiles/IoT_Sensor_Node.dir/C_/VSARM/sdk/pico/pico-sdk/lib/tinyusb/src/portable/raspberrypi/rp2040/rp2040_usb.c.obj
                0x100055f8                hw_endpoint_xfer_start
 .text.hw_endpoint_xfer_continue
                0x10005640       0x38 CMakeFiles/IoT_Sensor_Node.dir/C_/VSARM/sdk/pico/pico-sdk/lib/tinyusb/src/portable/raspberrypi/rp2040/rp2040_usb.c.obj
                0x10005640                hw_endpoint_xfer_continue
 .text.configuration_reset
                0x10005678       0x84 CMakeFiles/IoT_Sensor_Node.dir/C_/VSARM/sdk/pico/pico-sdk/lib/tinyusb/src/device/usbd.c.obj
 .text.usbd_reset
                0x100056fc        0xc CMakeFiles/IoT_Sensor_Node.dir/C_/VSARM/sdk/pico/pico-sdk/lib/tinyusb/src/device/usbd.c.obj
 .text.invoke_class_control
                0x10005708       0x1a CMakeFiles/IoT_Sensor_Node.dir/C_/VSARM/sdk/pico/pico-sdk/lib/tinyusb/src/device/usbd.c.obj
 *fill*         0x10005722        0x2 
 .text.process_set_config
                0x10005724      0x1b0 CMakeFiles/IoT_Sensor_Node.dir/C_/VSARM/sdk/pico/pico-sdk/lib/tinyusb/src/device/usbd.c.obj
 .text.process_get_descriptor
                0x100058d4       0xec CMakeFiles/IoT_Sensor_Node.dir/C_/VSARM/sdk/pico/pico-sdk/lib/tinyusb/src/device/usbd.c.obj
 .text.tud_mounted
                0x100059c0       0x10 CMakeFiles/IoT_Sensor_Node.dir/C_/VSARM/sdk/pico/pico-sdk/lib/tinyusb/src/device/usbd.c.obj
                0x100059c0                tud_mounted
 .text.tud_suspended
                0x100059d0       0x10 CMakeFiles/IoT_Sensor_Node.dir/C_/VSARM/sdk/pico/pico-sdk/lib/tinyusb/src/device/usbd.c.obj
                0x100059d0                tud_suspended
 .text.tud_inited
                0x100059e0        0xc CMakeFiles/IoT_Sensor_Node.dir/C_/VSARM/sdk/pico/pico-sdk/lib/tinyusb/src/device/usbd.c.obj
                0x100059e0                tud_inited
 .text.tud_init
                0x100059ec       0xcc CMakeFiles/IoT_Sensor_Node.dir/C_/VSARM/sdk/pico/pico-sdk/lib/tinyusb/src/device/usbd.c.obj
                0x100059ec                tud_init
 .text.dcd_event_handler
                0x10005ab8      0x1e0 CMakeFiles/IoT_Sensor_Node.dir/C_/VSARM/sdk/pico/pico-sdk/lib/tinyusb/src/device/usbd.c.obj
                0x10005ab8                dcd_event_handler
 .text.dcd_event_bus_signal
                0x10005c98       0x26 CMakeFiles/IoT_Sensor_Node.dir/C_/VSARM/sdk/pico/pico-sdk/lib/tinyusb/src/device/usbd.c.obj
                0x10005c98                dcd_event_bus_signal
 .text.dcd_event_bus_reset
                0x10005cbe       0x2a CMakeFiles/IoT_Sensor_Node.dir/C_/VSARM/sdk/pico/pico-sdk/lib/tinyusb/src/device/usbd.c.obj
                0x10005cbe                dcd_event_bus_reset
 .text.dcd_event_setup_received
                0x10005ce8       0x34 CMakeFiles/IoT_Sensor_Node.dir/C_/VSARM/sdk/pico/pico-sdk/lib/tinyusb/src/device/usbd.c.obj
                0x10005ce8                dcd_event_setup_received
 .text.dcd_event_xfer_complete
                0x10005d1c       0x44 CMakeFiles/IoT_Sensor_Node.dir/C_/VSARM/sdk/pico/pico-sdk/lib/tinyusb/src/device/usbd.c.obj
                0x10005d1c                dcd_event_xfer_complete
 .text.usbd_edpt_open
                0x10005d60       0x58 CMakeFiles/IoT_Sensor_Node.dir/C_/VSARM/sdk/pico/pico-sdk/lib/tinyusb/src/device/usbd.c.obj
                0x10005d60                usbd_edpt_open
 .text.usbd_open_edpt_pair
                0x10005db8       0x8c CMakeFiles/IoT_Sensor_Node.dir/C_/VSARM/sdk/pico/pico-sdk/lib/tinyusb/src/device/usbd.c.obj
                0x10005db8                usbd_open_edpt_pair
 .text.usbd_edpt_claim
                0x10005e44       0x8c CMakeFiles/IoT_Sensor_Node.dir/C_/VSARM/sdk/pico/pico-sdk/lib/tinyusb/src/device/usbd.c.obj
                0x10005e44                usbd_edpt_claim
 .text.usbd_edpt_release
                0x10005ed0       0x68 CMakeFiles/IoT_Sensor_Node.dir/C_/VSARM/sdk/pico/pico-sdk/lib/tinyusb/src/device/usbd.c.obj
                0x10005ed0                usbd_edpt_release
 .text.usbd_edpt_xfer
                0x10005f38       0x80 CMakeFiles/IoT_Sensor_Node.dir/C_/VSARM/sdk/pico/pico-sdk/lib/tinyusb/src/device/usbd.c.obj
                0x10005f38                usbd_edpt_xfer
 .text.usbd_edpt_stall
                0x10005fb8       0x40 CMakeFiles/IoT_Sensor_Node.dir/C_/VSARM/sdk/pico/pico-sdk/lib/tinyusb/src/device/usbd.c.obj
                0x10005fb8                usbd_edpt_stall
 .text.usbd_edpt_clear_stall
                0x10005ff8       0x40 CMakeFiles/IoT_Sensor_Node.dir/C_/VSARM/sdk/pico/pico-sdk/lib/tinyusb/src/device/usbd.c.obj
                0x10005ff8                usbd_edpt_clear_stall
 .text.usbd_edpt_stalled
                0x10006038       0x1c CMakeFiles/IoT_Sensor_Node.dir/C_/VSARM/sdk/pico/pico-sdk/lib/tinyusb/src/device/usbd.c.obj
                0x10006038                usbd_edpt_stalled
 .text.process_control_request
                0x10006054      0x3b8 CMakeFiles/IoT_Sensor_Node.dir/C_/VSARM/sdk/pico/pico-sdk/lib/tinyusb/src/device/usbd.c.obj
 .text.tud_task
                0x1000640c      0x218 CMakeFiles/IoT_Sensor_Node.dir/C_/VSARM/sdk/pico/pico-sdk/lib/tinyusb/src/device/usbd.c.obj
                0x1000640c                tud_task
 .text._data_stage_xact
                0x10006624       0x58 CMakeFiles/IoT_Sensor_Node.dir/C_/VSARM/sdk/pico/pico-sdk/lib/tinyusb/src/device/usbd_control.c.obj
 .text.tud_control_status
                0x1000667c       0x38 CMakeFiles/IoT_Sensor_Node.dir/C_/VSARM/sdk/pico/pico-sdk/lib/tinyusb/src/device/usbd_control.c.obj
                0x1000667c                tud_control_status
 .text.tud_control_xfer
                0x100066b4       0xa8 CMakeFiles/IoT_Sensor_Node.dir/C_/VSARM/sdk/pico/pico-sdk/lib/tinyusb/src/device/usbd_control.c.obj
                0x100066b4                tud_control_xfer
 .text.usbd_control_reset
                0x1000675c       0x14 CMakeFiles/IoT_Sensor_Node.dir/C_/VSARM/sdk/pico/pico-sdk/lib/tinyusb/src/device/usbd_control.c.obj
                0x1000675c                usbd_control_reset
 .text.usbd_control_set_complete_callback
                0x10006770        0xc CMakeFiles/IoT_Sensor_Node.dir/C_/VSARM/sdk/pico/pico-sdk/lib/tinyusb/src/device/usbd_control.c.obj
                0x10006770                usbd_control_set_complete_callback
 .text.usbd_control_set_request
                0x1000677c       0x1c CMakeFiles/IoT_Sensor_Node.dir/C_/VSARM/sdk/pico/pico-sdk/lib/tinyusb/src/device/usbd_control.c.obj
                0x1000677c                usbd_control_set_request
 .text.usbd_control_xfer_cb
                0x10006798       0xfc CMakeFiles/IoT_Sensor_Node.dir/C_/VSARM/sdk/pico/pico-sdk/lib/tinyusb/src/device/usbd_control.c.obj
                0x10006798                usbd_control_xfer_cb
 .text._prep_out_transaction
                0x10006894       0x46 CMakeFiles/IoT_Sensor_Node.dir/C_/VSARM/sdk/pico/pico-sdk/lib/tinyusb/src/class/cdc/cdc_device.c.obj
 *fill*         0x100068da        0x2 
 .text.tud_cdc_n_connected
                0x100068dc       0x44 CMakeFiles/IoT_Sensor_Node.dir/C_/VSARM/sdk/pico/pico-sdk/lib/tinyusb/src/class/cdc/cdc_device.c.obj
                0x100068dc                tud_cdc_n_connected
 .text.tud_cdc_n_available
                0x10006920       0x18 CMakeFiles/IoT_Sensor_Node.dir/C_/VSARM/sdk/pico/pico-sdk/lib/tinyusb/src/class/cdc/cdc_device.c.obj
                0x10006920                tud_cdc_n_available
 .text.tud_cdc_n_read
                0x10006938       0x28 CMakeFiles/IoT_Sensor_Node.dir/C_/VSARM/sdk/pico/pico-sdk/lib/tinyusb/src/class/cdc/cdc_device.c.obj
                0x10006938                tud_cdc_n_read
 .text.tud_cdc_n_write_flush
                0x10006960       0xcc CMakeFiles/IoT_Sensor_Node.dir/C_/VSARM/sdk/pico/pico-sdk/lib/tinyusb/src/class/cdc/cdc_device.c.obj
                0x10006960                tud_cdc_n_write_flush
 .text.tud_cdc_n_write
                0x10006a2c       0x38 CMakeFiles/IoT_Sensor_Node.dir/C_/VSARM/sdk/pico/pico-sdk/lib/tinyusb/src/class/cdc/cdc_device.c.obj
                0x10006a2c                tud_cdc_n_write
 .text.tud_cdc_n_write_available
                0x10006a64       0x1c CMakeFiles/IoT_Sensor_Node.dir/C_/VSARM/sdk/pico/pico-sdk/lib/tinyusb/src/class/cdc/cdc_device.c.obj
                0x10006a64                tud_cdc_n_write_available
 .text.cdcd_init
                0x10006a80       0xbc CMakeFiles/IoT_Sensor_Node.dir/C_/VSARM/sdk/pico/pico-sdk/lib/tinyusb/src/class/cdc/cdc_device.c.obj
                0x10006a80                cdcd_init
 .text.cdcd_reset
                0x10006b3c       0x44 CMakeFiles/IoT_Sensor_Node.dir/C_/VSARM/sdk/pico/pico-sdk/lib/tinyusb/src/class/cdc/cdc_device.c.obj
                0x10006b3c                cdcd_reset
 .text.cdcd_open
                0x10006b80       0xf8 CMakeFiles/IoT_Sensor_Node.dir/C_/VSARM/sdk/pico/pico-sdk/lib/tinyusb/src/class/cdc/cdc_device.c.obj
                0x10006b80                cdcd_open
 .text.cdcd_control_xfer_cb
                0x10006c78      0x134 CMakeFiles/IoT_Sensor_Node.dir/C_/VSARM/sdk/pico/pico-sdk/lib/tinyusb/src/class/cdc/cdc_device.c.obj
                0x10006c78                cdcd_control_xfer_cb
 .text.cdcd_xfer_cb
                0x10006dac      0x144 CMakeFiles/IoT_Sensor_Node.dir/C_/VSARM/sdk/pico/pico-sdk/lib/tinyusb/src/class/cdc/cdc_device.c.obj
                0x10006dac                cdcd_xfer_cb
 .text.tusb_init
                0x10006ef0       0x24 CMakeFiles/IoT_Sensor_Node.dir/C_/VSARM/sdk/pico/pico-sdk/lib/tinyusb/src/tusb.c.obj
                0x10006ef0                tusb_init
 .text.tusb_inited
                0x10006f14        0xe CMakeFiles/IoT_Sensor_Node.dir/C_/VSARM/sdk/pico/pico-sdk/lib/tinyusb/src/tusb.c.obj
                0x10006f14                tusb_inited
 *fill*         0x10006f22        0x2 
 .text.tu_edpt_validate
                0x10006f24       0xa8 CMakeFiles/IoT_Sensor_Node.dir/C_/VSARM/sdk/pico/pico-sdk/lib/tinyusb/src/tusb.c.obj
                0x10006f24                tu_edpt_validate
 .text.tu_edpt_bind_driver
                0x10006fcc       0x2a CMakeFiles/IoT_Sensor_Node.dir/C_/VSARM/sdk/pico/pico-sdk/lib/tinyusb/src/tusb.c.obj
                0x10006fcc                tu_edpt_bind_driver
 .text.advance_pointer
                0x10006ff6       0x18 CMakeFiles/IoT_Sensor_Node.dir/C_/VSARM/sdk/pico/pico-sdk/lib/tinyusb/src/common/tusb_fifo.c.obj
 .text.backward_pointer
                0x1000700e       0x1e CMakeFiles/IoT_Sensor_Node.dir/C_/VSARM/sdk/pico/pico-sdk/lib/tinyusb/src/common/tusb_fifo.c.obj
 .text.get_relative_pointer
                0x1000702c       0x10 CMakeFiles/IoT_Sensor_Node.dir/C_/VSARM/sdk/pico/pico-sdk/lib/tinyusb/src/common/tusb_fifo.c.obj
 .text._tu_fifo_peek
                0x1000703c       0x50 CMakeFiles/IoT_Sensor_Node.dir/C_/VSARM/sdk/pico/pico-sdk/lib/tinyusb/src/common/tusb_fifo.c.obj
 .text._ff_pull_const_addr
                0x1000708c       0x4c CMakeFiles/IoT_Sensor_Node.dir/C_/VSARM/sdk/pico/pico-sdk/lib/tinyusb/src/common/tusb_fifo.c.obj
 .text._ff_pull_n
                0x100070d8      0x10c CMakeFiles/IoT_Sensor_Node.dir/C_/VSARM/sdk/pico/pico-sdk/lib/tinyusb/src/common/tusb_fifo.c.obj
 .text._tu_fifo_peek_n
                0x100071e4       0x5e CMakeFiles/IoT_Sensor_Node.dir/C_/VSARM/sdk/pico/pico-sdk/lib/tinyusb/src/common/tusb_fifo.c.obj
 .text._tu_fifo_read_n
                0x10007242       0x4e CMakeFiles/IoT_Sensor_Node.dir/C_/VSARM/sdk/pico/pico-sdk/lib/tinyusb/src/common/tusb_fifo.c.obj
 .text._ff_push_const_addr
                0x10007290       0x40 CMakeFiles/IoT_Sensor_Node.dir/C_/VSARM/sdk/pico/pico-sdk/lib/tinyusb/src/common/tusb_fifo.c.obj
 .text._ff_push_n
                0x100072d0      0x108 CMakeFiles/IoT_Sensor_Node.dir/C_/VSARM/sdk/pico/pico-sdk/lib/tinyusb/src/common/tusb_fifo.c.obj
 .text._tu_fifo_write_n
                0x100073d8       0x9e CMakeFiles/IoT_Sensor_Node.dir/C_/VSARM/sdk/pico/pico-sdk/lib/tinyusb/src/common/tusb_fifo.c.obj
 .text.tu_fifo_config
                0x10007476       0x72 CMakeFiles/IoT_Sensor_Node.dir/C_/VSARM/sdk/pico/pico-sdk/lib/tinyusb/src/common/tusb_fifo.c.obj
                0x10007476                tu_fifo_config
 .text.tu_fifo_count
                0x100074e8       0x26 CMakeFiles/IoT_Sensor_Node.dir/C_/VSARM/sdk/pico/pico-sdk/lib/tinyusb/src/common/tusb_fifo.c.obj
                0x100074e8                tu_fifo_count
 .text.tu_fifo_empty
                0x1000750e       0x10 CMakeFiles/IoT_Sensor_Node.dir/C_/VSARM/sdk/pico/pico-sdk/lib/tinyusb/src/common/tusb_fifo.c.obj
                0x1000750e                tu_fifo_empty
 .text.tu_fifo_remaining
                0x1000751e       0x20 CMakeFiles/IoT_Sensor_Node.dir/C_/VSARM/sdk/pico/pico-sdk/lib/tinyusb/src/common/tusb_fifo.c.obj
                0x1000751e                tu_fifo_remaining
 .text.tu_fifo_read
                0x1000753e       0x42 CMakeFiles/IoT_Sensor_Node.dir/C_/VSARM/sdk/pico/pico-sdk/lib/tinyusb/src/common/tusb_fifo.c.obj
                0x1000753e                tu_fifo_read
 .text.tu_fifo_read_n
                0x10007580        0xa CMakeFiles/IoT_Sensor_Node.dir/C_/VSARM/sdk/pico/pico-sdk/lib/tinyusb/src/common/tusb_fifo.c.obj
                0x10007580                tu_fifo_read_n
 .text.tu_fifo_write
                0x1000758a       0x6c CMakeFiles/IoT_Sensor_Node.dir/C_/VSARM/sdk/pico/pico-sdk/lib/tinyusb/src/common/tusb_fifo.c.obj
                0x1000758a                tu_fifo_write
 .text.tu_fifo_write_n
                0x100075f6        0xa CMakeFiles/IoT_Sensor_Node.dir/C_/VSARM/sdk/pico/pico-sdk/lib/tinyusb/src/common/tusb_fifo.c.obj
                0x100075f6                tu_fifo_write_n
 .text.tu_fifo_clear
                0x10007600       0x4c CMakeFiles/IoT_Sensor_Node.dir/C_/VSARM/sdk/pico/pico-sdk/lib/tinyusb/src/common/tusb_fifo.c.obj
                0x10007600                tu_fifo_clear
 .text.tu_fifo_set_overwritable
                0x1000764c       0x3c CMakeFiles/IoT_Sensor_Node.dir/C_/VSARM/sdk/pico/pico-sdk/lib/tinyusb/src/common/tusb_fifo.c.obj
                0x1000764c                tu_fifo_set_overwritable
 .text._retrieve_unique_id_on_boot
                0x10007688       0x10 CMakeFiles/IoT_Sensor_Node.dir/C_/VSARM/sdk/pico/pico-sdk/src/rp2_common/pico_unique_id/unique_id.c.obj
 .text.pico_get_unique_board_id_string
                0x10007698       0x60 CMakeFiles/IoT_Sensor_Node.dir/C_/VSARM/sdk/pico/pico-sdk/src/rp2_common/pico_unique_id/unique_id.c.obj
                0x10007698                pico_get_unique_board_id_string
 .text.flash_get_unique_id
                0x100076f8       0x46 CMakeFiles/IoT_Sensor_Node.dir/C_/VSARM/sdk/pico/pico-sdk/src/rp2_common/hardware_flash/flash.c.obj
                0x100076f8                flash_get_unique_id
 .text.i2c_write_blocking_internal
                0x1000773e      0x140 CMakeFiles/IoT_Sensor_Node.dir/C_/VSARM/sdk/pico/pico-sdk/src/rp2_common/hardware_i2c/i2c.c.obj
 .text.i2c_read_blocking_internal
                0x1000787e       0xe6 CMakeFiles/IoT_Sensor_Node.dir/C_/VSARM/sdk/pico/pico-sdk/src/rp2_common/hardware_i2c/i2c.c.obj
 .text.i2c_set_baudrate
                0x10007964       0xf0 CMakeFiles/IoT_Sensor_Node.dir/C_/VSARM/sdk/pico/pico-sdk/src/rp2_common/hardware_i2c/i2c.c.obj
                0x10007964                i2c_set_baudrate
 .text.i2c_init
                0x10007a54       0x58 CMakeFiles/IoT_Sensor_Node.dir/C_/VSARM/sdk/pico/pico-sdk/src/rp2_common/hardware_i2c/i2c.c.obj
                0x10007a54                i2c_init
 .text.i2c_write_blocking
                0x10007aac       0x18 CMakeFiles/IoT_Sensor_Node.dir/C_/VSARM/sdk/pico/pico-sdk/src/rp2_common/hardware_i2c/i2c.c.obj
                0x10007aac                i2c_write_blocking
 .text.i2c_read_blocking
                0x10007ac4       0x18 CMakeFiles/IoT_Sensor_Node.dir/C_/VSARM/sdk/pico/pico-sdk/src/rp2_common/hardware_i2c/i2c.c.obj
                0x10007ac4                i2c_read_blocking
 .text._pio_can_add_program_at_offset
                0x10007adc       0x3c CMakeFiles/IoT_Sensor_Node.dir/C_/VSARM/sdk/pico/pico-sdk/src/rp2_common/hardware_pio/pio.c.obj
 .text._pio_find_offset_for_program
                0x10007b18       0x7c CMakeFiles/IoT_Sensor_Node.dir/C_/VSARM/sdk/pico/pico-sdk/src/rp2_common/hardware_pio/pio.c.obj
 .text._pio_add_program_at_offset
                0x10007b94       0x78 CMakeFiles/IoT_Sensor_Node.dir/C_/VSARM/sdk/pico/pico-sdk/src/rp2_common/hardware_pio/pio.c.obj
 .text.pio_claim_unused_sm
                0x10007c0c       0x3c CMakeFiles/IoT_Sensor_Node.dir/C_/VSARM/sdk/pico/pico-sdk/src/rp2_common/hardware_pio/pio.c.obj
                0x10007c0c                pio_claim_unused_sm
 .text.pio_can_add_program
                0x10007c48       0x26 CMakeFiles/IoT_Sensor_Node.dir/C_/VSARM/sdk/pico/pico-sdk/src/rp2_common/hardware_pio/pio.c.obj
                0x10007c48                pio_can_add_program
 *fill*         0x10007c6e        0x2 
 .text.pio_add_program
                0x10007c70       0x38 CMakeFiles/IoT_Sensor_Node.dir/C_/VSARM/sdk/pico/pico-sdk/src/rp2_common/hardware_pio/pio.c.obj
                0x10007c70                pio_add_program
 .text.pio_sm_set_consecutive_pindirs
                0x10007ca8       0x70 CMakeFiles/IoT_Sensor_Node.dir/C_/VSARM/sdk/pico/pico-sdk/src/rp2_common/hardware_pio/pio.c.obj
                0x10007ca8                pio_sm_set_consecutive_pindirs
 .text.pio_sm_init
                0x10007d18       0xe4 CMakeFiles/IoT_Sensor_Node.dir/C_/VSARM/sdk/pico/pico-sdk/src/rp2_common/hardware_pio/pio.c.obj
                0x10007d18                pio_sm_init
 .text.nec_tx_init
                0x10007dfc      0x240 nec_transmit_library\libnec_transmit_library.a(nec_transmit.c.obj)
                0x10007dfc                nec_tx_init
 .text.nec_encode_frame
                0x1000803c       0x14 nec_transmit_library\libnec_transmit_library.a(nec_transmit.c.obj)
                0x1000803c                nec_encode_frame
 .text.nec_receive_program_init
                0x10008050      0x144 nec_receive_library\libnec_receive_library.a(nec_receive.c.obj)
 .text.nec_rx_init
                0x10008194       0x50 nec_receive_library\libnec_receive_library.a(nec_receive.c.obj)
                0x10008194                nec_rx_init
 .text.strlen   0x100081e4       0x5c c:/vsarm/armcc/102021~1.10/bin/../lib/gcc/arm-none-eabi/10.3.1/../../../../arm-none-eabi/lib/thumb/v6-m/nofp\libg.a(lib_a-strlen-stub.o)
                0x100081e4                strlen
 *(.fini)
 .fini          0x10008240        0x4 c:/vsarm/armcc/102021~1.10/bin/../lib/gcc/arm-none-eabi/10.3.1/thumb/v6-m/nofp/crti.o
                0x10008240                _fini
 *fill*         0x10008244        0x4 
 .fini.__stub   0x10008248       0x70 linker stubs
 *crtbegin.o(.ctors)
 *crtbegin?.o(.ctors)
 *(EXCLUDE_FILE(*crtend.o *crtend?.o) .ctors)
 *(SORT_BY_NAME(.ctors.*))
 *(.ctors)
 *crtbegin.o(.dtors)
 *crtbegin?.o(.dtors)
 *(EXCLUDE_FILE(*crtend.o *crtend?.o) .dtors)
 *(SORT_BY_NAME(.dtors.*))
 *(.dtors)
 *(.eh_frame*)
 .eh_frame      0x100082b8        0x0 c:/vsarm/armcc/102021~1.10/bin/../lib/gcc/arm-none-eabi/10.3.1/thumb/v6-m/nofp/crtbegin.o
                0x100082b8                . = ALIGN (0x4)

.glue_7         0x100082b8        0x0
 .glue_7        0x100082b8        0x0 linker stubs

.glue_7t        0x100082b8        0x0
 .glue_7t       0x100082b8        0x0 linker stubs

.vfp11_veneer   0x100082b8        0x0
 .vfp11_veneer  0x100082b8        0x0 linker stubs

.v4_bx          0x100082b8        0x0
 .v4_bx         0x100082b8        0x0 linker stubs

.iplt           0x100082b8        0x0
 .iplt          0x100082b8        0x0 c:/vsarm/armcc/102021~1.10/bin/../lib/gcc/arm-none-eabi/10.3.1/thumb/v6-m/nofp/crtbegin.o

.rodata         0x100082b8     0x19ac
 *(EXCLUDE_FILE(*libm.a: *libc.a:*lib_a-mem*.o *libgcc.a:) .rodata*)
 .rodata.main.str1.4
                0x100082b8      0x14f CMakeFiles/IoT_Sensor_Node.dir/main.c.obj
                                0x157 (size before relaxing)
 *fill*         0x10008407        0x1 
 .rodata.spin_lock_claim_unused.str1.4
                0x10008408       0x1b CMakeFiles/IoT_Sensor_Node.dir/C_/VSARM/sdk/pico/pico-sdk/src/rp2_common/hardware_sync/sync.c.obj
 *fill*         0x10008423        0x1 
 .rodata.make_branch.str1.4
                0x10008424       0x6d CMakeFiles/IoT_Sensor_Node.dir/C_/VSARM/sdk/pico/pico-sdk/src/rp2_common/hardware_irq/irq.c.obj
 *fill*         0x10008491        0x3 
 .rodata.insert_branch_and_link.str1.4
                0x10008494       0x10 CMakeFiles/IoT_Sensor_Node.dir/C_/VSARM/sdk/pico/pico-sdk/src/rp2_common/hardware_irq/irq.c.obj
 .rodata.irq_set_exclusive_handler.str1.4
                0x100084a4       0x36 CMakeFiles/IoT_Sensor_Node.dir/C_/VSARM/sdk/pico/pico-sdk/src/rp2_common/hardware_irq/irq.c.obj
 *fill*         0x100084da        0x2 
 .rodata.irq_add_shared_handler.str1.4
                0x100084dc       0xd9 CMakeFiles/IoT_Sensor_Node.dir/C_/VSARM/sdk/pico/pico-sdk/src/rp2_common/hardware_irq/irq.c.obj
 *fill*         0x100085b5        0x3 
 .rodata.irq_remove_handler.str1.4
                0x100085b8       0x2a CMakeFiles/IoT_Sensor_Node.dir/C_/VSARM/sdk/pico/pico-sdk/src/rp2_common/hardware_irq/irq.c.obj
 *fill*         0x100085e2        0x2 
 .rodata.irq_add_tail_to_free_list.str1.4
                0x100085e4       0x3a CMakeFiles/IoT_Sensor_Node.dir/C_/VSARM/sdk/pico/pico-sdk/src/rp2_common/hardware_irq/irq.c.obj
 *fill*         0x1000861e        0x2 
 .rodata.user_irq_claim_unused.str1.4
                0x10008620       0x1b CMakeFiles/IoT_Sensor_Node.dir/C_/VSARM/sdk/pico/pico-sdk/src/rp2_common/hardware_irq/irq.c.obj
 *fill*         0x1000863b        0x1 
 .rodata.__func__.0
                0x1000863c       0x1a CMakeFiles/IoT_Sensor_Node.dir/C_/VSARM/sdk/pico/pico-sdk/src/rp2_common/hardware_irq/irq.c.obj
 *fill*         0x10008656        0x2 
 .rodata.__func__.1
                0x10008658       0x17 CMakeFiles/IoT_Sensor_Node.dir/C_/VSARM/sdk/pico/pico-sdk/src/rp2_common/hardware_irq/irq.c.obj
 *fill*         0x1000866f        0x1 
 .rodata.__func__.2
                0x10008670       0x13 CMakeFiles/IoT_Sensor_Node.dir/C_/VSARM/sdk/pico/pico-sdk/src/rp2_common/hardware_irq/irq.c.obj
 *fill*         0x10008683        0x1 
 .rodata.__func__.3
                0x10008684        0xc CMakeFiles/IoT_Sensor_Node.dir/C_/VSARM/sdk/pico/pico-sdk/src/rp2_common/hardware_irq/irq.c.obj
 .rodata.__func__.4
                0x10008690        0xf CMakeFiles/IoT_Sensor_Node.dir/C_/VSARM/sdk/pico/pico-sdk/src/rp2_common/hardware_irq/irq.c.obj
 *fill*         0x1000869f        0x1 
 .rodata.__func__.5
                0x100086a0       0x17 CMakeFiles/IoT_Sensor_Node.dir/C_/VSARM/sdk/pico/pico-sdk/src/rp2_common/hardware_irq/irq.c.obj
 *fill*         0x100086b7        0x1 
 .rodata.__func__.6
                0x100086b8       0x1a CMakeFiles/IoT_Sensor_Node.dir/C_/VSARM/sdk/pico/pico-sdk/src/rp2_common/hardware_irq/irq.c.obj
 *fill*         0x100086d2        0x2 
 .rodata.repeating_timer_callback.str1.4
                0x100086d4       0x4b CMakeFiles/IoT_Sensor_Node.dir/C_/VSARM/sdk/pico/pico-sdk/src/common/pico_time/time.c.obj
 *fill*         0x1000871f        0x1 
 .rodata.alarm_pool_dump_key.str1.4
                0x10008720       0x33 CMakeFiles/IoT_Sensor_Node.dir/C_/VSARM/sdk/pico/pico-sdk/src/common/pico_time/time.c.obj
 *fill*         0x10008753        0x1 
 .rodata.ph_add_child_node.str1.4
                0x10008754       0x96 CMakeFiles/IoT_Sensor_Node.dir/C_/VSARM/sdk/pico/pico-sdk/src/common/pico_time/time.c.obj
 *fill*         0x100087ea        0x2 
 .rodata.add_alarm_under_lock.str1.4
                0x100087ec       0x28 CMakeFiles/IoT_Sensor_Node.dir/C_/VSARM/sdk/pico/pico-sdk/src/common/pico_time/time.c.obj
                                 0x2b (size before relaxing)
 .rodata.alarm_pool_alarm_callback.str1.4
                0x10008814       0xe6 CMakeFiles/IoT_Sensor_Node.dir/C_/VSARM/sdk/pico/pico-sdk/src/common/pico_time/time.c.obj
 *fill*         0x100088fa        0x2 
 .rodata.alarm_pool_get_default.str1.4
                0x100088fc       0x21 CMakeFiles/IoT_Sensor_Node.dir/C_/VSARM/sdk/pico/pico-sdk/src/common/pico_time/time.c.obj
 *fill*         0x1000891d        0x3 
 .rodata.alarm_pool_cancel_alarm.str1.4
                0x10008920       0x27 CMakeFiles/IoT_Sensor_Node.dir/C_/VSARM/sdk/pico/pico-sdk/src/common/pico_time/time.c.obj
 *fill*         0x10008947        0x1 
 .rodata.sleep_until.str1.4
                0x10008948       0x4d CMakeFiles/IoT_Sensor_Node.dir/C_/VSARM/sdk/pico/pico-sdk/src/common/pico_time/time.c.obj
 *fill*         0x10008995        0x3 
 .rodata.__func__.1
                0x10008998       0x18 CMakeFiles/IoT_Sensor_Node.dir/C_/VSARM/sdk/pico/pico-sdk/src/common/pico_time/time.c.obj
 .rodata.__func__.10
                0x100089b0       0x15 CMakeFiles/IoT_Sensor_Node.dir/C_/VSARM/sdk/pico/pico-sdk/src/common/pico_time/time.c.obj
 *fill*         0x100089c5        0x3 
 .rodata.__func__.11
                0x100089c8       0x1a CMakeFiles/IoT_Sensor_Node.dir/C_/VSARM/sdk/pico/pico-sdk/src/common/pico_time/time.c.obj
 *fill*         0x100089e2        0x2 
 .rodata.__func__.12
                0x100089e4        0xa CMakeFiles/IoT_Sensor_Node.dir/C_/VSARM/sdk/pico/pico-sdk/src/common/pico_time/time.c.obj
 *fill*         0x100089ee        0x2 
 .rodata.__func__.3
                0x100089f0       0x17 CMakeFiles/IoT_Sensor_Node.dir/C_/VSARM/sdk/pico/pico-sdk/src/common/pico_time/time.c.obj
 *fill*         0x10008a07        0x1 
 .rodata.__func__.4
                0x10008a08       0x12 CMakeFiles/IoT_Sensor_Node.dir/C_/VSARM/sdk/pico/pico-sdk/src/common/pico_time/time.c.obj
 *fill*         0x10008a1a        0x2 
 .rodata.__func__.5
                0x10008a1c        0xd CMakeFiles/IoT_Sensor_Node.dir/C_/VSARM/sdk/pico/pico-sdk/src/common/pico_time/time.c.obj
 *fill*         0x10008a29        0x3 
 .rodata.__func__.6
                0x10008a2c       0x12 CMakeFiles/IoT_Sensor_Node.dir/C_/VSARM/sdk/pico/pico-sdk/src/common/pico_time/time.c.obj
 *fill*         0x10008a3e        0x2 
 .rodata.__func__.7
                0x10008a40        0xf CMakeFiles/IoT_Sensor_Node.dir/C_/VSARM/sdk/pico/pico-sdk/src/common/pico_time/time.c.obj
 *fill*         0x10008a4f        0x1 
 .rodata.__func__.8
                0x10008a50        0xc CMakeFiles/IoT_Sensor_Node.dir/C_/VSARM/sdk/pico/pico-sdk/src/common/pico_time/time.c.obj
 .rodata.__func__.9
                0x10008a5c       0x15 CMakeFiles/IoT_Sensor_Node.dir/C_/VSARM/sdk/pico/pico-sdk/src/common/pico_time/time.c.obj
 *fill*         0x10008a71        0x3 
 .rodata.hardware_alarm_claim.str1.4
                0x10008a74       0x22 CMakeFiles/IoT_Sensor_Node.dir/C_/VSARM/sdk/pico/pico-sdk/src/rp2_common/hardware_timer/timer.c.obj
 *fill*         0x10008a96        0x2 
 .rodata.hardware_alarm_set_target.str1.4
                0x10008a98       0x65 CMakeFiles/IoT_Sensor_Node.dir/C_/VSARM/sdk/pico/pico-sdk/src/rp2_common/hardware_timer/timer.c.obj
 *fill*         0x10008afd        0x3 
 .rodata.__func__.0
                0x10008b00       0x1a CMakeFiles/IoT_Sensor_Node.dir/C_/VSARM/sdk/pico/pico-sdk/src/rp2_common/hardware_timer/timer.c.obj
 .rodata.ph_add_child_node.str1.4
                0x10008b1a       0x96 CMakeFiles/IoT_Sensor_Node.dir/C_/VSARM/sdk/pico/pico-sdk/src/common/pico_util/pheap.c.obj
 *fill*         0x10008b1a        0x2 
 .rodata.ph_remove_any_head.str1.4
                0x10008b1c       0x8c CMakeFiles/IoT_Sensor_Node.dir/C_/VSARM/sdk/pico/pico-sdk/src/common/pico_util/pheap.c.obj
 .rodata.ph_remove_and_free_node.str1.4
                0x10008ba8       0x1e CMakeFiles/IoT_Sensor_Node.dir/C_/VSARM/sdk/pico/pico-sdk/src/common/pico_util/pheap.c.obj
                                 0x26 (size before relaxing)
 *fill*         0x10008bc6        0x2 
 .rodata.__func__.0
                0x10008bc8       0x18 CMakeFiles/IoT_Sensor_Node.dir/C_/VSARM/sdk/pico/pico-sdk/src/common/pico_util/pheap.c.obj
 .rodata.__func__.1
                0x10008be0       0x13 CMakeFiles/IoT_Sensor_Node.dir/C_/VSARM/sdk/pico/pico-sdk/src/common/pico_util/pheap.c.obj
 *fill*         0x10008bf3        0x1 
 .rodata.__func__.2
                0x10008bf4       0x12 CMakeFiles/IoT_Sensor_Node.dir/C_/VSARM/sdk/pico/pico-sdk/src/common/pico_util/pheap.c.obj
 *fill*         0x10008c06        0x2 
 .rodata.__func__.3
                0x10008c08        0xc CMakeFiles/IoT_Sensor_Node.dir/C_/VSARM/sdk/pico/pico-sdk/src/common/pico_util/pheap.c.obj
 .rodata.str1.4
                0x10008c14       0x89 CMakeFiles/IoT_Sensor_Node.dir/C_/VSARM/sdk/pico/pico-sdk/src/common/pico_sync/mutex.c.obj
                                 0xed (size before relaxing)
 *fill*         0x10008c9d        0x3 
 .rodata.__func__.1
                0x10008ca0        0xb CMakeFiles/IoT_Sensor_Node.dir/C_/VSARM/sdk/pico/pico-sdk/src/common/pico_sync/mutex.c.obj
 *fill*         0x10008cab        0x1 
 .rodata.__func__.3
                0x10008cac       0x18 CMakeFiles/IoT_Sensor_Node.dir/C_/VSARM/sdk/pico/pico-sdk/src/common/pico_sync/mutex.c.obj
 .rodata.__func__.4
                0x10008cc4       0x15 CMakeFiles/IoT_Sensor_Node.dir/C_/VSARM/sdk/pico/pico-sdk/src/common/pico_sync/mutex.c.obj
 *fill*         0x10008cd9        0x3 
 .rodata.__assert_func.str1.4
                0x10008cdc       0x3f CMakeFiles/IoT_Sensor_Node.dir/C_/VSARM/sdk/pico/pico-sdk/src/rp2_common/pico_runtime/runtime.c.obj
                                 0x43 (size before relaxing)
 *fill*         0x10008d1b        0x1 
 .rodata.runtime_init.str1.4
                0x10008d1c       0x61 CMakeFiles/IoT_Sensor_Node.dir/C_/VSARM/sdk/pico/pico-sdk/src/rp2_common/pico_runtime/runtime.c.obj
 *fill*         0x10008d7d        0x3 
 .rodata.panic.str1.4
                0x10008d80       0x10 CMakeFiles/IoT_Sensor_Node.dir/C_/VSARM/sdk/pico/pico-sdk/src/rp2_common/pico_runtime/runtime.c.obj
                                 0x12 (size before relaxing)
 .rodata.__func__.1
                0x10008d90        0xd CMakeFiles/IoT_Sensor_Node.dir/C_/VSARM/sdk/pico/pico-sdk/src/rp2_common/pico_runtime/runtime.c.obj
 *fill*         0x10008d9d        0x3 
 .rodata.clock_configure.str1.4
                0x10008da0       0x57 CMakeFiles/IoT_Sensor_Node.dir/C_/VSARM/sdk/pico/pico-sdk/src/rp2_common/hardware_clocks/clocks.c.obj
 *fill*         0x10008df7        0x1 
 .rodata.__func__.1
                0x10008df8       0x10 CMakeFiles/IoT_Sensor_Node.dir/C_/VSARM/sdk/pico/pico-sdk/src/rp2_common/hardware_clocks/clocks.c.obj
 .rodata.pll_init.str1.4
                0x10008e08      0x13b CMakeFiles/IoT_Sensor_Node.dir/C_/VSARM/sdk/pico/pico-sdk/src/rp2_common/hardware_pll/pll.c.obj
 *fill*         0x10008f43        0x1 
 .rodata.__func__.0
                0x10008f44        0x9 CMakeFiles/IoT_Sensor_Node.dir/C_/VSARM/sdk/pico/pico-sdk/src/rp2_common/hardware_pll/pll.c.obj
 *fill*         0x10008f4d        0x3 
 .rodata._ftoa.str1.4
                0x10008f50       0x15 CMakeFiles/IoT_Sensor_Node.dir/C_/VSARM/sdk/pico/pico-sdk/src/rp2_common/pico_printf/printf.c.obj
 *fill*         0x10008f65        0x3 
 .rodata._vsnprintf
                0x10008f68      0x1e0 CMakeFiles/IoT_Sensor_Node.dir/C_/VSARM/sdk/pico/pico-sdk/src/rp2_common/pico_printf/printf.c.obj
 .rodata.pow10.0
                0x10009148       0x50 CMakeFiles/IoT_Sensor_Node.dir/C_/VSARM/sdk/pico/pico-sdk/src/rp2_common/pico_printf/printf.c.obj
 .rodata.__aeabi_double_init.str1.4
                0x10009198       0xa8 CMakeFiles/IoT_Sensor_Node.dir/C_/VSARM/sdk/pico/pico-sdk/src/rp2_common/pico_double/double_init_rom.c.obj
 .rodata.__func__.0
                0x10009240       0x14 CMakeFiles/IoT_Sensor_Node.dir/C_/VSARM/sdk/pico/pico-sdk/src/rp2_common/pico_double/double_init_rom.c.obj
 .rodata.__aeabi_float_init.str1.4
                0x10009254       0x7a CMakeFiles/IoT_Sensor_Node.dir/C_/VSARM/sdk/pico/pico-sdk/src/rp2_common/pico_float/float_init_rom.c.obj
                                 0x7e (size before relaxing)
 *fill*         0x100092ce        0x2 
 .rodata.__func__.0
                0x100092d0       0x13 CMakeFiles/IoT_Sensor_Node.dir/C_/VSARM/sdk/pico/pico-sdk/src/rp2_common/pico_float/float_init_rom.c.obj
 *fill*         0x100092e3        0x1 
 .rodata.str1.4
                0x100092e4       0x44 CMakeFiles/IoT_Sensor_Node.dir/C_/VSARM/sdk/pico/pico-sdk/src/rp2_common/pico_standard_link/binary_info.c.obj
 .rodata.__bi_44
                0x10009328        0xc CMakeFiles/IoT_Sensor_Node.dir/C_/VSARM/sdk/pico/pico-sdk/src/rp2_common/pico_standard_link/binary_info.c.obj
 .rodata.__bi_75
                0x10009334        0xc CMakeFiles/IoT_Sensor_Node.dir/C_/VSARM/sdk/pico/pico-sdk/src/rp2_common/pico_standard_link/binary_info.c.obj
 .rodata.__bi_81
                0x10009340        0xc CMakeFiles/IoT_Sensor_Node.dir/C_/VSARM/sdk/pico/pico-sdk/src/rp2_common/pico_standard_link/binary_info.c.obj
 .rodata.crlf_str.3
                0x1000934c        0x2 CMakeFiles/IoT_Sensor_Node.dir/C_/VSARM/sdk/pico/pico-sdk/src/rp2_common/pico_stdio/stdio.c.obj
 *fill*         0x1000934e        0x2 
 .rodata._resetd_driver
                0x10009350       0x18 CMakeFiles/IoT_Sensor_Node.dir/C_/VSARM/sdk/pico/pico-sdk/src/rp2_common/pico_stdio_usb/reset_interface.c.obj
 .rodata.timer_task.str1.4
                0x10009368       0x6d CMakeFiles/IoT_Sensor_Node.dir/C_/VSARM/sdk/pico/pico-sdk/src/rp2_common/pico_stdio_usb/stdio_usb.c.obj
 .rodata.stdio_usb_init.str1.4
                0x100093d5       0x61 CMakeFiles/IoT_Sensor_Node.dir/C_/VSARM/sdk/pico/pico-sdk/src/rp2_common/pico_stdio_usb/stdio_usb.c.obj
 *fill*         0x100093d5        0x3 
 .rodata.str1.4
                0x100093d8       0x13 CMakeFiles/IoT_Sensor_Node.dir/C_/VSARM/sdk/pico/pico-sdk/src/rp2_common/pico_stdio_usb/stdio_usb.c.obj
 *fill*         0x100093eb        0x1 
 .rodata.__bi_118.2
                0x100093ec        0xc CMakeFiles/IoT_Sensor_Node.dir/C_/VSARM/sdk/pico/pico-sdk/src/rp2_common/pico_stdio_usb/stdio_usb.c.obj
 .rodata.__func__.0
                0x100093f8       0x15 CMakeFiles/IoT_Sensor_Node.dir/C_/VSARM/sdk/pico/pico-sdk/src/rp2_common/pico_stdio_usb/stdio_usb.c.obj
 *fill*         0x1000940d        0x3 
 .rodata.__func__.1
                0x10009410        0xb CMakeFiles/IoT_Sensor_Node.dir/C_/VSARM/sdk/pico/pico-sdk/src/rp2_common/pico_stdio_usb/stdio_usb.c.obj
 *fill*         0x1000941b        0x1 
 .rodata.str1.4
                0x1000941c       0x2a CMakeFiles/IoT_Sensor_Node.dir/C_/VSARM/sdk/pico/pico-sdk/src/rp2_common/pico_stdio_usb/stdio_usb_descriptors.c.obj
 *fill*         0x10009446        0x2 
 .rodata.usbd_desc_cfg
                0x10009448       0x54 CMakeFiles/IoT_Sensor_Node.dir/C_/VSARM/sdk/pico/pico-sdk/src/rp2_common/pico_stdio_usb/stdio_usb_descriptors.c.obj
 .rodata.usbd_desc_device
                0x1000949c       0x12 CMakeFiles/IoT_Sensor_Node.dir/C_/VSARM/sdk/pico/pico-sdk/src/rp2_common/pico_stdio_usb/stdio_usb_descriptors.c.obj
 *fill*         0x100094ae        0x2 
 .rodata.usbd_desc_str
                0x100094b0       0x18 CMakeFiles/IoT_Sensor_Node.dir/C_/VSARM/sdk/pico/pico-sdk/src/rp2_common/pico_stdio_usb/stdio_usb_descriptors.c.obj
 .rodata._hw_endpoint_alloc.str1.4
                0x100094c8       0xb5 CMakeFiles/IoT_Sensor_Node.dir/C_/VSARM/sdk/pico/pico-sdk/lib/tinyusb/src/portable/raspberrypi/rp2040/dcd_rp2040.c.obj
 *fill*         0x1000957d        0x3 
 .rodata.dcd_rp2040_irq.str1.4
                0x10009580       0x14 CMakeFiles/IoT_Sensor_Node.dir/C_/VSARM/sdk/pico/pico-sdk/lib/tinyusb/src/portable/raspberrypi/rp2040/dcd_rp2040.c.obj
 .rodata.dcd_int_enable.str1.4
                0x10009594        0xc CMakeFiles/IoT_Sensor_Node.dir/C_/VSARM/sdk/pico/pico-sdk/lib/tinyusb/src/portable/raspberrypi/rp2040/dcd_rp2040.c.obj
 .rodata.__func__.0
                0x100095a0        0xe CMakeFiles/IoT_Sensor_Node.dir/C_/VSARM/sdk/pico/pico-sdk/lib/tinyusb/src/portable/raspberrypi/rp2040/dcd_rp2040.c.obj
 *fill*         0x100095ae        0x2 
 .rodata.__func__.1
                0x100095b0        0xe CMakeFiles/IoT_Sensor_Node.dir/C_/VSARM/sdk/pico/pico-sdk/lib/tinyusb/src/portable/raspberrypi/rp2040/dcd_rp2040.c.obj
 *fill*         0x100095be        0x2 
 .rodata.__func__.3
                0x100095c0       0x10 CMakeFiles/IoT_Sensor_Node.dir/C_/VSARM/sdk/pico/pico-sdk/lib/tinyusb/src/portable/raspberrypi/rp2040/dcd_rp2040.c.obj
 .rodata.__func__.5
                0x100095d0        0xf CMakeFiles/IoT_Sensor_Node.dir/C_/VSARM/sdk/pico/pico-sdk/lib/tinyusb/src/portable/raspberrypi/rp2040/dcd_rp2040.c.obj
 *fill*         0x100095df        0x1 
 .rodata.__func__.6
                0x100095e0       0x13 CMakeFiles/IoT_Sensor_Node.dir/C_/VSARM/sdk/pico/pico-sdk/lib/tinyusb/src/portable/raspberrypi/rp2040/dcd_rp2040.c.obj
 *fill*         0x100095f3        0x1 
 .rodata.__func__.7
                0x100095f4        0x9 CMakeFiles/IoT_Sensor_Node.dir/C_/VSARM/sdk/pico/pico-sdk/lib/tinyusb/src/portable/raspberrypi/rp2040/dcd_rp2040.c.obj
 *fill*         0x100095fd        0x3 
 .rodata.sync_ep_buffer.str1.4
                0x10009600       0x91 CMakeFiles/IoT_Sensor_Node.dir/C_/VSARM/sdk/pico/pico-sdk/lib/tinyusb/src/portable/raspberrypi/rp2040/rp2040_usb.c.obj
 *fill*         0x10009691        0x3 
 .rodata._hw_endpoint_buffer_control_update32.str1.4
                0x10009694       0x1f CMakeFiles/IoT_Sensor_Node.dir/C_/VSARM/sdk/pico/pico-sdk/lib/tinyusb/src/portable/raspberrypi/rp2040/rp2040_usb.c.obj
 *fill*         0x100096b3        0x1 
 .rodata.hw_endpoint_xfer_start.str1.4
                0x100096b4       0x38 CMakeFiles/IoT_Sensor_Node.dir/C_/VSARM/sdk/pico/pico-sdk/lib/tinyusb/src/portable/raspberrypi/rp2040/rp2040_usb.c.obj
 .rodata.hw_endpoint_xfer_continue.str1.4
                0x100096ec       0x29 CMakeFiles/IoT_Sensor_Node.dir/C_/VSARM/sdk/pico/pico-sdk/lib/tinyusb/src/portable/raspberrypi/rp2040/rp2040_usb.c.obj
 *fill*         0x10009715        0x3 
 .rodata.str1.4
                0x10009718        0x7 CMakeFiles/IoT_Sensor_Node.dir/C_/VSARM/sdk/pico/pico-sdk/lib/tinyusb/src/portable/raspberrypi/rp2040/rp2040_usb.c.obj
 *fill*         0x1000971f        0x1 
 .rodata.__func__.0
                0x10009720        0xf CMakeFiles/IoT_Sensor_Node.dir/C_/VSARM/sdk/pico/pico-sdk/lib/tinyusb/src/portable/raspberrypi/rp2040/rp2040_usb.c.obj
 *fill*         0x1000972f        0x1 
 .rodata.process_set_config.str1.4
                0x10009730       0x17 CMakeFiles/IoT_Sensor_Node.dir/C_/VSARM/sdk/pico/pico-sdk/lib/tinyusb/src/device/usbd.c.obj
 *fill*         0x10009747        0x1 
 .rodata.process_get_descriptor
                0x10009748       0x40 CMakeFiles/IoT_Sensor_Node.dir/C_/VSARM/sdk/pico/pico-sdk/lib/tinyusb/src/device/usbd.c.obj
 .rodata.process_control_request
                0x10009788       0x28 CMakeFiles/IoT_Sensor_Node.dir/C_/VSARM/sdk/pico/pico-sdk/lib/tinyusb/src/device/usbd.c.obj
 .rodata.tud_task
                0x100097b0       0x24 CMakeFiles/IoT_Sensor_Node.dir/C_/VSARM/sdk/pico/pico-sdk/lib/tinyusb/src/device/usbd.c.obj
 .rodata.__func__.2
                0x100097d4        0xf CMakeFiles/IoT_Sensor_Node.dir/C_/VSARM/sdk/pico/pico-sdk/lib/tinyusb/src/device/usbd.c.obj
 *fill*         0x100097e3        0x1 
 .rodata.__func__.3
                0x100097e4        0xf CMakeFiles/IoT_Sensor_Node.dir/C_/VSARM/sdk/pico/pico-sdk/lib/tinyusb/src/device/usbd.c.obj
 *fill*         0x100097f3        0x1 
 .rodata.__func__.4
                0x100097f4       0x14 CMakeFiles/IoT_Sensor_Node.dir/C_/VSARM/sdk/pico/pico-sdk/lib/tinyusb/src/device/usbd.c.obj
 .rodata.__func__.5
                0x10009808       0x10 CMakeFiles/IoT_Sensor_Node.dir/C_/VSARM/sdk/pico/pico-sdk/lib/tinyusb/src/device/usbd.c.obj
 .rodata.__func__.6
                0x10009818       0x17 CMakeFiles/IoT_Sensor_Node.dir/C_/VSARM/sdk/pico/pico-sdk/lib/tinyusb/src/device/usbd.c.obj
 *fill*         0x1000982f        0x1 
 .rodata.__func__.7
                0x10009830       0x13 CMakeFiles/IoT_Sensor_Node.dir/C_/VSARM/sdk/pico/pico-sdk/lib/tinyusb/src/device/usbd.c.obj
 *fill*         0x10009843        0x1 
 .rodata.__func__.8
                0x10009844       0x18 CMakeFiles/IoT_Sensor_Node.dir/C_/VSARM/sdk/pico/pico-sdk/lib/tinyusb/src/device/usbd.c.obj
 .rodata.__func__.9
                0x1000985c        0x9 CMakeFiles/IoT_Sensor_Node.dir/C_/VSARM/sdk/pico/pico-sdk/lib/tinyusb/src/device/usbd.c.obj
 *fill*         0x10009865        0x3 
 .rodata._usbd_driver
                0x10009868       0x18 CMakeFiles/IoT_Sensor_Node.dir/C_/VSARM/sdk/pico/pico-sdk/lib/tinyusb/src/device/usbd.c.obj
 .rodata.tud_control_xfer.str1.4
                0x10009880       0x17 CMakeFiles/IoT_Sensor_Node.dir/C_/VSARM/sdk/pico/pico-sdk/lib/tinyusb/src/device/usbd_control.c.obj
 .rodata.__func__.0
                0x10009880       0x15 CMakeFiles/IoT_Sensor_Node.dir/C_/VSARM/sdk/pico/pico-sdk/lib/tinyusb/src/device/usbd_control.c.obj
 *fill*         0x10009895        0x3 
 .rodata.__func__.1
                0x10009898       0x11 CMakeFiles/IoT_Sensor_Node.dir/C_/VSARM/sdk/pico/pico-sdk/lib/tinyusb/src/device/usbd_control.c.obj
 .rodata.tud_cdc_n_write_flush.str1.4
                0x100098a9       0x17 CMakeFiles/IoT_Sensor_Node.dir/C_/VSARM/sdk/pico/pico-sdk/lib/tinyusb/src/class/cdc/cdc_device.c.obj
 *fill*         0x100098a9        0x3 
 .rodata.__func__.0
                0x100098ac        0xd CMakeFiles/IoT_Sensor_Node.dir/C_/VSARM/sdk/pico/pico-sdk/lib/tinyusb/src/class/cdc/cdc_device.c.obj
 *fill*         0x100098b9        0x3 
 .rodata.__func__.1
                0x100098bc        0xa CMakeFiles/IoT_Sensor_Node.dir/C_/VSARM/sdk/pico/pico-sdk/lib/tinyusb/src/class/cdc/cdc_device.c.obj
 *fill*         0x100098c6        0x2 
 .rodata.__func__.2
                0x100098c8       0x16 CMakeFiles/IoT_Sensor_Node.dir/C_/VSARM/sdk/pico/pico-sdk/lib/tinyusb/src/class/cdc/cdc_device.c.obj
 .rodata.tusb_init.str1.4
                0x100098de       0x17 CMakeFiles/IoT_Sensor_Node.dir/C_/VSARM/sdk/pico/pico-sdk/lib/tinyusb/src/tusb.c.obj
 *fill*         0x100098de        0x2 
 .rodata.__func__.0
                0x100098e0       0x11 CMakeFiles/IoT_Sensor_Node.dir/C_/VSARM/sdk/pico/pico-sdk/lib/tinyusb/src/tusb.c.obj
 *fill*         0x100098f1        0x3 
 .rodata.__func__.1
                0x100098f4        0xa CMakeFiles/IoT_Sensor_Node.dir/C_/VSARM/sdk/pico/pico-sdk/lib/tinyusb/src/tusb.c.obj
 *fill*         0x100098fe        0x2 
 .rodata.pico_get_unique_board_id_string.str1.4
                0x10009900       0x4d CMakeFiles/IoT_Sensor_Node.dir/C_/VSARM/sdk/pico/pico-sdk/src/rp2_common/pico_unique_id/unique_id.c.obj
 *fill*         0x1000994d        0x3 
 .rodata.__func__.0
                0x10009950       0x20 CMakeFiles/IoT_Sensor_Node.dir/C_/VSARM/sdk/pico/pico-sdk/src/rp2_common/pico_unique_id/unique_id.c.obj
 .rodata.str1.4
                0x10009970      0x15a CMakeFiles/IoT_Sensor_Node.dir/C_/VSARM/sdk/pico/pico-sdk/src/rp2_common/hardware_flash/flash.c.obj
 *fill*         0x10009aca        0x2 
 .rodata.__func__.0
                0x10009acc        0xd CMakeFiles/IoT_Sensor_Node.dir/C_/VSARM/sdk/pico/pico-sdk/src/rp2_common/hardware_flash/flash.c.obj
 *fill*         0x10009ad9        0x3 
 .rodata.i2c_set_baudrate.str1.4
                0x10009adc       0x5d CMakeFiles/IoT_Sensor_Node.dir/C_/VSARM/sdk/pico/pico-sdk/src/rp2_common/hardware_i2c/i2c.c.obj
 *fill*         0x10009b39        0x3 
 .rodata.__func__.0
                0x10009b3c       0x11 CMakeFiles/IoT_Sensor_Node.dir/C_/VSARM/sdk/pico/pico-sdk/src/rp2_common/hardware_i2c/i2c.c.obj
 *fill*         0x10009b4d        0x3 
 .rodata._pio_find_offset_for_program.str1.4
                0x10009b50       0x69 CMakeFiles/IoT_Sensor_Node.dir/C_/VSARM/sdk/pico/pico-sdk/src/rp2_common/hardware_pio/pio.c.obj
 *fill*         0x10009bb9        0x3 
 .rodata._pio_add_program_at_offset.str1.4
                0x10009bbc       0x11 CMakeFiles/IoT_Sensor_Node.dir/C_/VSARM/sdk/pico/pico-sdk/src/rp2_common/hardware_pio/pio.c.obj
 *fill*         0x10009bcd        0x3 
 .rodata.pio_claim_unused_sm.str1.4
                0x10009bd0       0x24 CMakeFiles/IoT_Sensor_Node.dir/C_/VSARM/sdk/pico/pico-sdk/src/rp2_common/hardware_pio/pio.c.obj
 .rodata.__func__.1
                0x10009bf4       0x1d CMakeFiles/IoT_Sensor_Node.dir/C_/VSARM/sdk/pico/pico-sdk/src/rp2_common/hardware_pio/pio.c.obj
 *fill*         0x10009c11        0x3 
 .rodata.nec_carrier_burst_program
                0x10009c14        0x6 nec_transmit_library\libnec_transmit_library.a(nec_transmit.c.obj)
 *fill*         0x10009c1a        0x2 
 .rodata.nec_carrier_burst_program_instructions
                0x10009c1c        0xa nec_transmit_library\libnec_transmit_library.a(nec_transmit.c.obj)
 *fill*         0x10009c26        0x2 
 .rodata.nec_carrier_control_program
                0x10009c28        0x6 nec_transmit_library\libnec_transmit_library.a(nec_transmit.c.obj)
 *fill*         0x10009c2e        0x2 
 .rodata.nec_carrier_control_program_instructions
                0x10009c30       0x16 nec_transmit_library\libnec_transmit_library.a(nec_transmit.c.obj)
 *fill*         0x10009c46        0x2 
 .rodata.nec_receive_program
                0x10009c48        0x6 nec_receive_library\libnec_receive_library.a(nec_receive.c.obj)
 *fill*         0x10009c4e        0x2 
 .rodata.nec_receive_program_instructions
                0x10009c50       0x12 nec_receive_library\libnec_receive_library.a(nec_receive.c.obj)
                0x10009c64                . = ALIGN (0x4)
 *fill*         0x10009c62        0x2 
 *(SORT_BY_ALIGNMENT(SORT_BY_NAME(.flashdata*)))
                0x10009c64                . = ALIGN (0x4)

.rel.dyn        0x10009c64        0x0
 .rel.iplt      0x10009c64        0x0 c:/vsarm/armcc/102021~1.10/bin/../lib/gcc/arm-none-eabi/10.3.1/thumb/v6-m/nofp/crtbegin.o

.ARM.extab
 *(.ARM.extab* .gnu.linkonce.armextab.*)
                0x10009c64                __exidx_start = .

.ARM.exidx
 *(.ARM.exidx* .gnu.linkonce.armexidx.*)
                0x10009c64                __exidx_end = .
                0x10009c64                . = ALIGN (0x4)
                0x10009c64                __binary_info_start = .

.binary_info    0x10009c64       0x20
 *(.binary_info.keep.*)
 .binary_info.keep.__bi_ptr22
                0x10009c64        0x4 CMakeFiles/IoT_Sensor_Node.dir/C_/VSARM/sdk/pico/pico-sdk/src/rp2_common/pico_standard_link/binary_info.c.obj
 .binary_info.keep.__bi_ptr30
                0x10009c68        0x4 CMakeFiles/IoT_Sensor_Node.dir/C_/VSARM/sdk/pico/pico-sdk/src/rp2_common/pico_standard_link/binary_info.c.obj
 .binary_info.keep.__bi_ptr38
                0x10009c6c        0x4 CMakeFiles/IoT_Sensor_Node.dir/C_/VSARM/sdk/pico/pico-sdk/src/rp2_common/pico_standard_link/binary_info.c.obj
 .binary_info.keep.__bi_ptr44
                0x10009c70        0x4 CMakeFiles/IoT_Sensor_Node.dir/C_/VSARM/sdk/pico/pico-sdk/src/rp2_common/pico_standard_link/binary_info.c.obj
 .binary_info.keep.__bi_ptr50
                0x10009c74        0x4 CMakeFiles/IoT_Sensor_Node.dir/C_/VSARM/sdk/pico/pico-sdk/src/rp2_common/pico_standard_link/binary_info.c.obj
 .binary_info.keep.__bi_ptr75
                0x10009c78        0x4 CMakeFiles/IoT_Sensor_Node.dir/C_/VSARM/sdk/pico/pico-sdk/src/rp2_common/pico_standard_link/binary_info.c.obj
 .binary_info.keep.__bi_ptr81
                0x10009c7c        0x4 CMakeFiles/IoT_Sensor_Node.dir/C_/VSARM/sdk/pico/pico-sdk/src/rp2_common/pico_standard_link/binary_info.c.obj
 *(.binary_info.*)
 .binary_info.__bi_ptr118
                0x10009c80        0x4 CMakeFiles/IoT_Sensor_Node.dir/C_/VSARM/sdk/pico/pico-sdk/src/rp2_common/pico_stdio_usb/stdio_usb.c.obj
                0x10009c84                __binary_info_end = .
                0x10009c84                . = ALIGN (0x4)
                0x10009c84                __etext = .

.ram_vector_table
                0x20000000       0xc0
 *(.ram_vector_table)
 .ram_vector_table
                0x20000000       0xc0 CMakeFiles/IoT_Sensor_Node.dir/C_/VSARM/sdk/pico/pico-sdk/src/rp2_common/pico_runtime/runtime.c.obj
                0x20000000                ram_vector_table

.data           0x200000c0      0x468 load address 0x10009c84